Archive member included to satisfy reference by file (symbol)

/usr/local/Cellar/arm-none-eabi-gcc/9-2019-q4-major/gcc/bin/../lib/gcc/arm-none-eabi/9.2.1/../../../../arm-none-eabi/lib/thumb/v7e-m+fp/hard/libc_nano.a(lib_a-exit.o)
                              /usr/local/Cellar/arm-none-eabi-gcc/9-2019-q4-major/gcc/bin/../lib/gcc/arm-none-eabi/9.2.1/../../../../arm-none-eabi/lib/thumb/v7e-m+fp/hard/crt0.o (exit)
/usr/local/Cellar/arm-none-eabi-gcc/9-2019-q4-major/gcc/bin/../lib/gcc/arm-none-eabi/9.2.1/../../../../arm-none-eabi/lib/thumb/v7e-m+fp/hard/libc_nano.a(lib_a-impure.o)
                              /usr/local/Cellar/arm-none-eabi-gcc/9-2019-q4-major/gcc/bin/../lib/gcc/arm-none-eabi/9.2.1/../../../../arm-none-eabi/lib/thumb/v7e-m+fp/hard/libc_nano.a(lib_a-exit.o) (_global_impure_ptr)
/usr/local/Cellar/arm-none-eabi-gcc/9-2019-q4-major/gcc/bin/../lib/gcc/arm-none-eabi/9.2.1/../../../../arm-none-eabi/lib/thumb/v7e-m+fp/hard/libc_nano.a(lib_a-init.o)
                              /usr/local/Cellar/arm-none-eabi-gcc/9-2019-q4-major/gcc/bin/../lib/gcc/arm-none-eabi/9.2.1/../../../../arm-none-eabi/lib/thumb/v7e-m+fp/hard/crt0.o (__libc_init_array)
/usr/local/Cellar/arm-none-eabi-gcc/9-2019-q4-major/gcc/bin/../lib/gcc/arm-none-eabi/9.2.1/../../../../arm-none-eabi/lib/thumb/v7e-m+fp/hard/libc_nano.a(lib_a-memcmp.o)
                              build/osal.o (memcmp)
/usr/local/Cellar/arm-none-eabi-gcc/9-2019-q4-major/gcc/bin/../lib/gcc/arm-none-eabi/9.2.1/../../../../arm-none-eabi/lib/thumb/v7e-m+fp/hard/libc_nano.a(lib_a-memcpy-stub.o)
                              build/stm_queue.o (memcpy)
/usr/local/Cellar/arm-none-eabi-gcc/9-2019-q4-major/gcc/bin/../lib/gcc/arm-none-eabi/9.2.1/../../../../arm-none-eabi/lib/thumb/v7e-m+fp/hard/libc_nano.a(lib_a-memset.o)
                              /usr/local/Cellar/arm-none-eabi-gcc/9-2019-q4-major/gcc/bin/../lib/gcc/arm-none-eabi/9.2.1/../../../../arm-none-eabi/lib/thumb/v7e-m+fp/hard/crt0.o (memset)
/usr/local/Cellar/arm-none-eabi-gcc/9-2019-q4-major/gcc/bin/../lib/gcc/arm-none-eabi/9.2.1/../../../../arm-none-eabi/lib/thumb/v7e-m+fp/hard/libc_nano.a(lib_a-printf.o)
                              build/app_entry.o (printf)
/usr/local/Cellar/arm-none-eabi-gcc/9-2019-q4-major/gcc/bin/../lib/gcc/arm-none-eabi/9.2.1/../../../../arm-none-eabi/lib/thumb/v7e-m+fp/hard/libc_nano.a(lib_a-puts.o)
                              build/app_entry.o (puts)
/usr/local/Cellar/arm-none-eabi-gcc/9-2019-q4-major/gcc/bin/../lib/gcc/arm-none-eabi/9.2.1/../../../../arm-none-eabi/lib/thumb/v7e-m+fp/hard/libc_nano.a(lib_a-strncmp.o)
                              build/p2p_server_app.o (strncmp)
/usr/local/Cellar/arm-none-eabi-gcc/9-2019-q4-major/gcc/bin/../lib/gcc/arm-none-eabi/9.2.1/../../../../arm-none-eabi/lib/thumb/v7e-m+fp/hard/libc_nano.a(lib_a-strrchr.o)
                              build/dbg_trace.o (strrchr)
/usr/local/Cellar/arm-none-eabi-gcc/9-2019-q4-major/gcc/bin/../lib/gcc/arm-none-eabi/9.2.1/../../../../arm-none-eabi/lib/thumb/v7e-m+fp/hard/libc_nano.a(lib_a-vprintf.o)
                              build/dbg_trace.o (vprintf)
/usr/local/Cellar/arm-none-eabi-gcc/9-2019-q4-major/gcc/bin/../lib/gcc/arm-none-eabi/9.2.1/../../../../arm-none-eabi/lib/thumb/v7e-m+fp/hard/libc_nano.a(lib_a-wbuf.o)
                              /usr/local/Cellar/arm-none-eabi-gcc/9-2019-q4-major/gcc/bin/../lib/gcc/arm-none-eabi/9.2.1/../../../../arm-none-eabi/lib/thumb/v7e-m+fp/hard/libc_nano.a(lib_a-puts.o) (__swbuf_r)
/usr/local/Cellar/arm-none-eabi-gcc/9-2019-q4-major/gcc/bin/../lib/gcc/arm-none-eabi/9.2.1/../../../../arm-none-eabi/lib/thumb/v7e-m+fp/hard/libc_nano.a(lib_a-wsetup.o)
                              /usr/local/Cellar/arm-none-eabi-gcc/9-2019-q4-major/gcc/bin/../lib/gcc/arm-none-eabi/9.2.1/../../../../arm-none-eabi/lib/thumb/v7e-m+fp/hard/libc_nano.a(lib_a-puts.o) (__swsetup_r)
/usr/local/Cellar/arm-none-eabi-gcc/9-2019-q4-major/gcc/bin/../lib/gcc/arm-none-eabi/9.2.1/../../../../arm-none-eabi/lib/thumb/v7e-m+fp/hard/libc_nano.a(lib_a-fflush.o)
                              /usr/local/Cellar/arm-none-eabi-gcc/9-2019-q4-major/gcc/bin/../lib/gcc/arm-none-eabi/9.2.1/../../../../arm-none-eabi/lib/thumb/v7e-m+fp/hard/libc_nano.a(lib_a-wbuf.o) (_fflush_r)
/usr/local/Cellar/arm-none-eabi-gcc/9-2019-q4-major/gcc/bin/../lib/gcc/arm-none-eabi/9.2.1/../../../../arm-none-eabi/lib/thumb/v7e-m+fp/hard/libc_nano.a(lib_a-findfp.o)
                              /usr/local/Cellar/arm-none-eabi-gcc/9-2019-q4-major/gcc/bin/../lib/gcc/arm-none-eabi/9.2.1/../../../../arm-none-eabi/lib/thumb/v7e-m+fp/hard/libc_nano.a(lib_a-printf.o) (__sinit)
/usr/local/Cellar/arm-none-eabi-gcc/9-2019-q4-major/gcc/bin/../lib/gcc/arm-none-eabi/9.2.1/../../../../arm-none-eabi/lib/thumb/v7e-m+fp/hard/libc_nano.a(lib_a-fwalk.o)
                              /usr/local/Cellar/arm-none-eabi-gcc/9-2019-q4-major/gcc/bin/../lib/gcc/arm-none-eabi/9.2.1/../../../../arm-none-eabi/lib/thumb/v7e-m+fp/hard/libc_nano.a(lib_a-findfp.o) (_fwalk)
[...]
Memory Configuration

Name             Origin             Length             Attributes
FLASH            0x0000000008000000 0x0000000000080000 xr
RAM1             0x0000000020000008 0x000000000002fff8 xrw
RAM_SHARED       0x0000000020030000 0x0000000000002800 xrw
*default*        0x0000000000000000 0xffffffffffffffff

Linker script and memory map

LOAD /usr/local/Cellar/arm-none-eabi-gcc/9-2019-q4-major/gcc/bin/../lib/gcc/arm-none-eabi/9.2.1/thumb/v7e-m+fp/hard/crti.o
LOAD /usr/local/Cellar/arm-none-eabi-gcc/9-2019-q4-major/gcc/bin/../lib/gcc/arm-none-eabi/9.2.1/thumb/v7e-m+fp/hard/crtbegin.o
LOAD /usr/local/Cellar/arm-none-eabi-gcc/9-2019-q4-major/gcc/bin/../lib/gcc/arm-none-eabi/9.2.1/../../../../arm-none-eabi/lib/thumb/v7e-m+fp/hard/crt0.o
LOAD build/app_entry.o
LOAD build/main.o
LOAD build/stm32wbxx_it.o
LOAD build/stm32wbxx_hal_msp.o
LOAD build/app_debug.o
LOAD build/hw_timerserver.o
LOAD build/hw_uart.o
LOAD build/stm32_lpm_if.o
LOAD build/hw_ipcc.o
LOAD build/app_ble.o
LOAD build/p2p_server_app.o
LOAD build/stm32wbxx_nucleo.o
LOAD build/stm32wbxx_hal_ipcc.o
LOAD build/stm32wbxx_hal_hsem.o
LOAD build/stm32wbxx_hal_rcc.o
LOAD build/stm32wbxx_hal_rcc_ex.o
LOAD build/stm32wbxx_hal_flash.o
LOAD build/stm32wbxx_hal_flash_ex.o
LOAD build/stm32wbxx_hal_gpio.o
LOAD build/stm32wbxx_hal_dma.o
LOAD build/stm32wbxx_hal_dma_ex.o
LOAD build/stm32wbxx_hal_pwr.o
LOAD build/stm32wbxx_hal_pwr_ex.o
LOAD build/stm32wbxx_hal_cortex.o
LOAD build/stm32wbxx_hal.o
LOAD build/stm32wbxx_hal_exti.o
LOAD build/stm32wbxx_hal_uart.o
LOAD build/stm32wbxx_hal_uart_ex.o
LOAD build/stm32wbxx_hal_rng.o
LOAD build/stm32wbxx_hal_rtc.o
LOAD build/stm32wbxx_hal_rtc_ex.o
LOAD build/stm32wbxx_hal_tim.o
LOAD build/stm32wbxx_hal_tim_ex.o
LOAD build/system_stm32wbxx.o
LOAD build/tl_mbox.o
LOAD build/shci.o
LOAD build/dbg_trace.o
LOAD build/otp.o
LOAD build/stm_list.o
LOAD build/stm_queue.o
LOAD build/osal.o
LOAD build/ble_gap_aci.o
LOAD build/ble_gatt_aci.o
LOAD build/ble_hal_aci.o
LOAD build/ble_hci_le.o
LOAD build/ble_l2cap_aci.o
LOAD build/p2p_stm.o
LOAD build/hci_tl.o
LOAD build/hci_tl_if.o
LOAD build/shci_tl.o
LOAD build/shci_tl_if.o
LOAD build/svc_ctl.o
LOAD build/stm32_lpm.o
LOAD build/stm32_seq.o
LOAD build/startup_stm32wb55xx_cm4.o
LOAD /usr/local/Cellar/arm-none-eabi-gcc/9-2019-q4-major/gcc/bin/../lib/gcc/arm-none-eabi/9.2.1/../../../../arm-none-eabi/lib/thumb/v7e-m+fp/hard/libc_nano.a
LOAD /usr/local/Cellar/arm-none-eabi-gcc/9-2019-q4-major/gcc/bin/../lib/gcc/arm-none-eabi/9.2.1/../../../../arm-none-eabi/lib/thumb/v7e-m+fp/hard/libm.a
LOAD /usr/local/Cellar/arm-none-eabi-gcc/9-2019-q4-major/gcc/bin/../lib/gcc/arm-none-eabi/9.2.1/../../../../arm-none-eabi/lib/thumb/v7e-m+fp/hard/libnosys.a
START GROUP
LOAD /usr/local/Cellar/arm-none-eabi-gcc/9-2019-q4-major/gcc/bin/../lib/gcc/arm-none-eabi/9.2.1/thumb/v7e-m+fp/hard/libgcc.a
LOAD /usr/local/Cellar/arm-none-eabi-gcc/9-2019-q4-major/gcc/bin/../lib/gcc/arm-none-eabi/9.2.1/../../../../arm-none-eabi/lib/thumb/v7e-m+fp/hard/libc_nano.a
END GROUP
START GROUP
LOAD /usr/local/Cellar/arm-none-eabi-gcc/9-2019-q4-major/gcc/bin/../lib/gcc/arm-none-eabi/9.2.1/thumb/v7e-m+fp/hard/libgcc.a
LOAD /usr/local/Cellar/arm-none-eabi-gcc/9-2019-q4-major/gcc/bin/../lib/gcc/arm-none-eabi/9.2.1/../../../../arm-none-eabi/lib/thumb/v7e-m+fp/hard/libc_nano.a
END GROUP
LOAD /usr/local/Cellar/arm-none-eabi-gcc/9-2019-q4-major/gcc/bin/../lib/gcc/arm-none-eabi/9.2.1/thumb/v7e-m+fp/hard/crtend.o
LOAD /usr/local/Cellar/arm-none-eabi-gcc/9-2019-q4-major/gcc/bin/../lib/gcc/arm-none-eabi/9.2.1/thumb/v7e-m+fp/hard/crtn.o
                0x0000000020030000                _estack = 0x20030000
                0x0000000000000400                _Min_Heap_Size = 0x400
                0x0000000000001000                _Min_Stack_Size = 0x1000

.isr_vector     0x0000000008000000      0x13c
                0x0000000008000000                . = ALIGN (0x4)
 *(.isr_vector)
 .isr_vector    0x0000000008000000      0x13c build/startup_stm32wb55xx_cm4.o
                0x0000000008000000                g_pfnVectors
                0x000000000800013c                . = ALIGN (0x4)

.text           0x0000000008000140     0x8238
                0x0000000008000140                . = ALIGN (0x4)
 *(.text)
 .text          0x0000000008000140       0x40 /usr/local/Cellar/arm-none-eabi-gcc/9-2019-q4-major/gcc/bin/../lib/gcc/arm-none-eabi/9.2.1/thumb/v7e-m+fp/hard/crtbegin.o
 .text          0x0000000008000180       0xa0 /usr/local/Cellar/arm-none-eabi-gcc/9-2019-q4-major/gcc/bin/../lib/gcc/arm-none-eabi/9.2.1/../../../../arm-none-eabi/lib/thumb/v7e-m+fp/hard/libc_nano.a(lib_a-memchr.o)
                0x0000000008000180                memchr
 .text          0x0000000008000220       0x30 /usr/local/Cellar/arm-none-eabi-gcc/9-2019-q4-major/gcc/bin/../lib/gcc/arm-none-eabi/9.2.1/thumb/v7e-m+fp/hard/libgcc.a(_aeabi_uldivmod.o)
                0x0000000008000220                __aeabi_uldivmod
 .text          0x0000000008000250      0x2c4 /usr/local/Cellar/arm-none-eabi-gcc/9-2019-q4-major/gcc/bin/../lib/gcc/arm-none-eabi/9.2.1/thumb/v7e-m+fp/hard/libgcc.a(_udivmoddi4.o)
                0x0000000008000250                __udivmoddi4
 .text          0x0000000008000514        0x4 /usr/local/Cellar/arm-none-eabi-gcc/9-2019-q4-major/gcc/bin/../lib/gcc/arm-none-eabi/9.2.1/thumb/v7e-m+fp/hard/libgcc.a(_dvmd_tls.o)
                0x0000000008000514                __aeabi_ldiv0
                0x0000000008000514                __aeabi_idiv0
 *(.text*)
 .text.Reset_IPCC
                0x0000000008000518       0x48 build/app_entry.o
 .text.Init_Rtc
                0x0000000008000560       0x1c build/app_entry.o
 .text.APPE_SysStatusNot
                0x000000000800057c        0x2 build/app_entry.o
 .text.Reset_BackupDomain
                0x000000000800057e       0x44 build/app_entry.o
 .text.Reset_Device
                0x00000000080005c2        0xc build/app_entry.o
 *fill*         0x00000000080005ce        0x2 
 .text.Config_HSE
                0x00000000080005d0       0x2c build/app_entry.o
 .text.SystemPower_Config
                0x00000000080005fc       0x30 build/app_entry.o
 .text.Led_Init
                0x000000000800062c       0x1c build/app_entry.o
 .text.Button_Init
                0x0000000008000648       0x1c build/app_entry.o
 .text.appe_Tl_Init
                0x0000000008000664       0x58 build/app_entry.o
 .text.APPE_SysEvtError
                0x00000000080006bc       0x74 build/app_entry.o
 .text.APPE_SysEvtReadyProcessing
                0x0000000008000730       0xe4 build/app_entry.o
 .text.APPE_SysUserEvtRx
                0x0000000008000814      0x19c build/app_entry.o
 .text.MX_APPE_Config
                0x00000000080009b0       0x18 build/app_entry.o
                0x00000000080009b0                MX_APPE_Config
 .text.Init_Exti
                0x00000000080009c8       0x10 build/app_entry.o
                0x00000000080009c8                Init_Exti
 .text.System_Init
                0x00000000080009d8        0xc build/app_entry.o
 .text.MX_APPE_Init
                0x00000000080009e4       0x30 build/app_entry.o
                0x00000000080009e4                MX_APPE_Init
 .text.HAL_Delay
                0x0000000008000a14       0x38 build/app_entry.o
                0x0000000008000a14                HAL_Delay
 .text.MX_APPE_Process
                0x0000000008000a4c        0xc build/app_entry.o
                0x0000000008000a4c                MX_APPE_Process
 .text.UTIL_SEQ_Idle
                0x0000000008000a58        0x2 build/app_entry.o
                0x0000000008000a58                UTIL_SEQ_Idle
 .text.UTIL_SEQ_EvtIdle
                0x0000000008000a5a        0xc build/app_entry.o
                0x0000000008000a5a                UTIL_SEQ_EvtIdle
 .text.shci_notify_asynch_evt
                0x0000000008000a66        0xc build/app_entry.o
                0x0000000008000a66                shci_notify_asynch_evt
 .text.shci_cmd_resp_release
                0x0000000008000a72        0xa build/app_entry.o
                0x0000000008000a72                shci_cmd_resp_release
 .text.shci_cmd_resp_wait
                0x0000000008000a7c        0xa build/app_entry.o
                0x0000000008000a7c                shci_cmd_resp_wait
 .text.HAL_GPIO_EXTI_Callback
                0x0000000008000a86       0x22 build/app_entry.o
                0x0000000008000a86                HAL_GPIO_EXTI_Callback
 .text.MX_GPIO_Init
                0x0000000008000aa8       0x40 build/main.o
 .text.MX_IPCC_Init
                0x0000000008000ae8       0x18 build/main.o
 .text.MX_DMA_Init
                0x0000000008000b00       0x64 build/main.o
 .text.MX_RTC_Init
                0x0000000008000b64       0x38 build/main.o
 .text.MX_RNG_Init
                0x0000000008000b9c       0x1c build/main.o
 .text.SystemClock_Config
                0x0000000008000bb8       0x8c build/main.o
                0x0000000008000bb8                SystemClock_Config
 .text.PeriphCommonClock_Config
                0x0000000008000c44       0x2e build/main.o
                0x0000000008000c44                PeriphCommonClock_Config
 .text.main     0x0000000008000c72       0x30 build/main.o
                0x0000000008000c72                main
 *fill*         0x0000000008000ca2        0x2 
 .text.MX_USART1_UART_Init
                0x0000000008000ca4       0x50 build/main.o
                0x0000000008000ca4                MX_USART1_UART_Init
 .text.Error_Handler
                0x0000000008000cf4        0x2 build/main.o
                0x0000000008000cf4                Error_Handler
 .text.NMI_Handler
                0x0000000008000cf6        0x2 build/stm32wbxx_it.o
                0x0000000008000cf6                NMI_Handler
 .text.HardFault_Handler
                0x0000000008000cf8        0x2 build/stm32wbxx_it.o
                0x0000000008000cf8                HardFault_Handler
 .text.MemManage_Handler
                0x0000000008000cfa        0x2 build/stm32wbxx_it.o
                0x0000000008000cfa                MemManage_Handler
 .text.BusFault_Handler
                0x0000000008000cfc        0x2 build/stm32wbxx_it.o
                0x0000000008000cfc                BusFault_Handler
 .text.UsageFault_Handler
                0x0000000008000cfe        0x2 build/stm32wbxx_it.o
                0x0000000008000cfe                UsageFault_Handler
 .text.SVC_Handler
                0x0000000008000d00        0x2 build/stm32wbxx_it.o
                0x0000000008000d00                SVC_Handler
 .text.DebugMon_Handler
                0x0000000008000d02        0x2 build/stm32wbxx_it.o
                0x0000000008000d02                DebugMon_Handler
 .text.PendSV_Handler
                0x0000000008000d04        0x2 build/stm32wbxx_it.o
                0x0000000008000d04                PendSV_Handler
 .text.SysTick_Handler
                0x0000000008000d06        0x8 build/stm32wbxx_it.o
                0x0000000008000d06                SysTick_Handler
 .text.RTC_WKUP_IRQHandler
                0x0000000008000d0e        0x8 build/stm32wbxx_it.o
                0x0000000008000d0e                RTC_WKUP_IRQHandler
 *fill*         0x0000000008000d16        0x2 
 .text.DMA1_Channel4_IRQHandler
                0x0000000008000d18       0x10 build/stm32wbxx_it.o
                0x0000000008000d18                DMA1_Channel4_IRQHandler
 .text.USART1_IRQHandler
                0x0000000008000d28       0x10 build/stm32wbxx_it.o
                0x0000000008000d28                USART1_IRQHandler
 .text.LPUART1_IRQHandler
                0x0000000008000d38       0x10 build/stm32wbxx_it.o
                0x0000000008000d38                LPUART1_IRQHandler
 .text.IPCC_C1_RX_IRQHandler
                0x0000000008000d48        0x8 build/stm32wbxx_it.o
                0x0000000008000d48                IPCC_C1_RX_IRQHandler
 .text.IPCC_C1_TX_IRQHandler
                0x0000000008000d50        0x8 build/stm32wbxx_it.o
                0x0000000008000d50                IPCC_C1_TX_IRQHandler
 .text.HSEM_IRQHandler
                0x0000000008000d58        0x8 build/stm32wbxx_it.o
                0x0000000008000d58                HSEM_IRQHandler
 .text.DMA2_Channel4_IRQHandler
                0x0000000008000d60       0x10 build/stm32wbxx_it.o
                0x0000000008000d60                DMA2_Channel4_IRQHandler
 .text.EXTI4_IRQHandler
                0x0000000008000d70        0xa build/stm32wbxx_it.o
                0x0000000008000d70                EXTI4_IRQHandler
 .text.EXTI0_IRQHandler
                0x0000000008000d7a        0xa build/stm32wbxx_it.o
                0x0000000008000d7a                EXTI0_IRQHandler
 .text.EXTI1_IRQHandler
                0x0000000008000d84        0xa build/stm32wbxx_it.o
                0x0000000008000d84                EXTI1_IRQHandler
 .text.HAL_MspInit
                0x0000000008000d8e       0x30 build/stm32wbxx_hal_msp.o
                0x0000000008000d8e                HAL_MspInit
 *fill*         0x0000000008000dbe        0x2 
 .text.HAL_IPCC_MspInit
                0x0000000008000dc0       0x50 build/stm32wbxx_hal_msp.o
                0x0000000008000dc0                HAL_IPCC_MspInit
 .text.HAL_UART_MspInit
                0x0000000008000e10      0x1ac build/stm32wbxx_hal_msp.o
                0x0000000008000e10                HAL_UART_MspInit
 .text.HAL_RNG_MspInit
                0x0000000008000fbc       0x54 build/stm32wbxx_hal_msp.o
                0x0000000008000fbc                HAL_RNG_MspInit
 .text.HAL_RTC_MspInit
                0x0000000008001010       0x74 build/stm32wbxx_hal_msp.o
                0x0000000008001010                HAL_RTC_MspInit
 .text.APPD_SetCPU2GpioConfig
                0x0000000008001084      0x158 build/app_debug.o
 .text.APPD_Init
                0x00000000080011dc       0x28 build/app_debug.o
                0x00000000080011dc                APPD_Init
 .text.APPD_EnableCPU2
                0x0000000008001204       0x2c build/app_debug.o
                0x0000000008001204                APPD_EnableCPU2
 .text.DbgOutputInit
                0x0000000008001230        0x8 build/app_debug.o
                0x0000000008001230                DbgOutputInit
 .text.DbgOutputTraces
                0x0000000008001238       0x10 build/app_debug.o
                0x0000000008001238                DbgOutputTraces
 .text.ReadRtcSsrValue
                0x0000000008001248       0x20 build/hw_timerserver.o
 .text.LinkTimerAfter
                0x0000000008001268       0x44 build/hw_timerserver.o
 .text.LinkTimerBefore
                0x00000000080012ac       0x68 build/hw_timerserver.o
 .text.UnlinkTimer
                0x0000000008001314       0x98 build/hw_timerserver.o
 .text.ReturnTimeElapsed
                0x00000000080013ac       0x5c build/hw_timerserver.o
 .text.linkTimer
                0x0000000008001408       0xd8 build/hw_timerserver.o
 .text.RestartWakeupCounter
                0x00000000080014e0       0x90 build/hw_timerserver.o
 .text.RescheduleTimerList
                0x0000000008001570       0xd4 build/hw_timerserver.o
 .text.HW_TS_Init
                0x0000000008001644      0x154 build/hw_timerserver.o
                0x0000000008001644                HW_TS_Init
 .text.HW_TS_Create
                0x0000000008001798       0x60 build/hw_timerserver.o
                0x0000000008001798                HW_TS_Create
 .text.HW_TS_Stop
                0x00000000080017f8       0xc8 build/hw_timerserver.o
                0x00000000080017f8                HW_TS_Stop
 .text.HW_TS_Start
                0x00000000080018c0       0xa0 build/hw_timerserver.o
                0x00000000080018c0                HW_TS_Start
 .text.HW_TS_RTC_Int_AppNot
                0x0000000008001960        0x6 build/hw_timerserver.o
                0x0000000008001960                HW_TS_RTC_Int_AppNot
 *fill*         0x0000000008001966        0x2 
 .text.HW_TS_RTC_Wakeup_Handler
                0x0000000008001968       0xf0 build/hw_timerserver.o
                0x0000000008001968                HW_TS_RTC_Wakeup_Handler
 .text.HW_UART_Transmit_DMA
                0x0000000008001a58       0x54 build/hw_uart.o
                0x0000000008001a58                HW_UART_Transmit_DMA
 .text.HAL_UART_TxCpltCallback
                0x0000000008001aac       0x34 build/hw_uart.o
                0x0000000008001aac                HAL_UART_TxCpltCallback
 .text.HW_IPCC_MM_FreeBufHandler
                0x0000000008001ae0       0x24 build/hw_ipcc.o
 .text.HW_IPCC_Enable
                0x0000000008001b04       0x50 build/hw_ipcc.o
                0x0000000008001b04                HW_IPCC_Enable
 .text.HW_IPCC_Init
                0x0000000008001b54       0x44 build/hw_ipcc.o
                0x0000000008001b54                HW_IPCC_Init
 .text.HW_IPCC_BLE_Init
                0x0000000008001b98       0x10 build/hw_ipcc.o
                0x0000000008001b98                HW_IPCC_BLE_Init
 .text.HW_IPCC_BLE_SendCmd
                0x0000000008001ba8       0x10 build/hw_ipcc.o
                0x0000000008001ba8                HW_IPCC_BLE_SendCmd
 .text.HW_IPCC_BLE_AclDataEvtHandler
                0x0000000008001bb8       0x18 build/hw_ipcc.o
 .text.HW_IPCC_BLE_EvtHandler
                0x0000000008001bd0       0x14 build/hw_ipcc.o
 .text.HW_IPCC_SYS_Init
                0x0000000008001be4       0x10 build/hw_ipcc.o
                0x0000000008001be4                HW_IPCC_SYS_Init
 .text.HW_IPCC_SYS_SendCmd
                0x0000000008001bf4       0x18 build/hw_ipcc.o
                0x0000000008001bf4                HW_IPCC_SYS_SendCmd
 .text.HW_IPCC_SYS_CmdEvtHandler
                0x0000000008001c0c       0x18 build/hw_ipcc.o
 .text.HW_IPCC_Tx_Handler
                0x0000000008001c24       0x58 build/hw_ipcc.o
                0x0000000008001c24                HW_IPCC_Tx_Handler
 .text.HW_IPCC_SYS_EvtHandler
                0x0000000008001c7c       0x14 build/hw_ipcc.o
 .text.HW_IPCC_MM_SendFreeBuf
                0x0000000008001c90       0x30 build/hw_ipcc.o
                0x0000000008001c90                HW_IPCC_MM_SendFreeBuf
 .text.HW_IPCC_TRACES_Init
                0x0000000008001cc0       0x10 build/hw_ipcc.o
                0x0000000008001cc0                HW_IPCC_TRACES_Init
 .text.HW_IPCC_TRACES_EvtHandler
                0x0000000008001cd0       0x14 build/hw_ipcc.o
 .text.HW_IPCC_Rx_Handler
                0x0000000008001ce4       0x58 build/hw_ipcc.o
                0x0000000008001ce4                HW_IPCC_Rx_Handler
 .text.Switch_OFF_GPIO
                0x0000000008001d3c        0xa build/app_ble.o
 .text.Adv_Cancel_Req
                0x0000000008001d46        0xc build/app_ble.o
 *fill*         0x0000000008001d52        0x2 
 .text.BLE_SVC_L2CAP_Conn_Update
                0x0000000008001d54       0xb4 build/app_ble.o
 .text.Connection_Interval_Update_Req
                0x0000000008001e08       0x1c build/app_ble.o
 .text.Adv_Cancel
                0x0000000008001e24       0x98 build/app_ble.o
 .text.Ble_Tl_Init
                0x0000000008001ebc       0x28 build/app_ble.o
 .text.BLE_UserEvtRx
                0x0000000008001ee4       0x1a build/app_ble.o
 .text.BLE_StatusNot
                0x0000000008001efe       0x1a build/app_ble.o
 .text.BleGetBdAddress
                0x0000000008001f18       0x48 build/app_ble.o
 .text.Ble_Hci_Gap_Gatt_Init
                0x0000000008001f60      0x14c build/app_ble.o
 .text.Adv_Request
                0x00000000080020ac      0x194 build/app_ble.o
 .text.APP_BLE_Init
                0x0000000008002240       0xd8 build/app_ble.o
                0x0000000008002240                APP_BLE_Init
 .text.SVCCTL_App_Notification
                0x0000000008002318      0x4cc build/app_ble.o
                0x0000000008002318                SVCCTL_App_Notification
 .text.APP_BLE_Key_Button1_Action
                0x00000000080027e4        0x8 build/app_ble.o
                0x00000000080027e4                APP_BLE_Key_Button1_Action
 .text.APP_BLE_Key_Button2_Action
                0x00000000080027ec        0xc build/app_ble.o
                0x00000000080027ec                APP_BLE_Key_Button2_Action
 .text.APP_BLE_Key_Button3_Action
                0x00000000080027f8        0x2 build/app_ble.o
                0x00000000080027f8                APP_BLE_Key_Button3_Action
 .text.hci_notify_asynch_evt
                0x00000000080027fa        0xc build/app_ble.o
                0x00000000080027fa                hci_notify_asynch_evt
 .text.hci_cmd_resp_release
                0x0000000008002806        0xa build/app_ble.o
                0x0000000008002806                hci_cmd_resp_release
 .text.hci_cmd_resp_wait
                0x0000000008002810        0xa build/app_ble.o
                0x0000000008002810                hci_cmd_resp_wait
 *fill*         0x000000000800281a        0x2 
 .text.P2PS_APP_LED_BUTTON_context_Init
                0x000000000800281c       0x1c build/p2p_server_app.o
 .text.P2P_Send_Data
                0x0000000008002838       0xac build/p2p_server_app.o
 .text.P2PS_Send_Notification
                0x00000000080028e4       0xa0 build/p2p_server_app.o
 .text.P2PS_STM_App_Notification
                0x0000000008002984      0x1d4 build/p2p_server_app.o
                0x0000000008002984                P2PS_STM_App_Notification
 .text.P2PS_APP_Notification
                0x0000000008002b58       0x10 build/p2p_server_app.o
                0x0000000008002b58                P2PS_APP_Notification
 .text.P2PS_APP_Init
                0x0000000008002b68       0x30 build/p2p_server_app.o
                0x0000000008002b68                P2PS_APP_Init
 .text.P2PS_APP_SW1_Button_Action
                0x0000000008002b98        0xc build/p2p_server_app.o
                0x0000000008002b98                P2PS_APP_SW1_Button_Action
 .text.BSP_LED_Init
                0x0000000008002ba4       0x58 build/stm32wbxx_nucleo.o
                0x0000000008002ba4                BSP_LED_Init
 .text.BSP_LED_On
                0x0000000008002bfc       0x20 build/stm32wbxx_nucleo.o
                0x0000000008002bfc                BSP_LED_On
 .text.BSP_LED_Off
                0x0000000008002c1c       0x20 build/stm32wbxx_nucleo.o
                0x0000000008002c1c                BSP_LED_Off
 .text.BSP_PB_Init
                0x0000000008002c3c       0xd8 build/stm32wbxx_nucleo.o
                0x0000000008002c3c                BSP_PB_Init
 .text.HAL_IPCC_RxCallback
                0x0000000008002d14        0x2 build/stm32wbxx_hal_ipcc.o
                0x0000000008002d14                HAL_IPCC_RxCallback
 .text.HAL_IPCC_TxCallback
                0x0000000008002d16        0x2 build/stm32wbxx_hal_ipcc.o
                0x0000000008002d16                HAL_IPCC_TxCallback
 .text.IPCC_SetDefaultCallbacks
                0x0000000008002d18       0x28 build/stm32wbxx_hal_ipcc.o
                0x0000000008002d18                IPCC_SetDefaultCallbacks
 .text.IPCC_Reset_Register
                0x0000000008002d40       0x10 build/stm32wbxx_hal_ipcc.o
                0x0000000008002d40                IPCC_Reset_Register
 .text.HAL_IPCC_Init
                0x0000000008002d50       0x3c build/stm32wbxx_hal_ipcc.o
                0x0000000008002d50                HAL_IPCC_Init
 .text.HAL_HSEM_FreeCallback
                0x0000000008002d8c        0x2 build/stm32wbxx_hal_hsem.o
                0x0000000008002d8c                HAL_HSEM_FreeCallback
 *fill*         0x0000000008002d8e        0x2 
 .text.HAL_HSEM_IRQHandler
                0x0000000008002d90       0x1c build/stm32wbxx_hal_hsem.o
                0x0000000008002d90                HAL_HSEM_IRQHandler
 .text.RCC_SetFlashLatency
                0x0000000008002dac       0xbc build/stm32wbxx_hal_rcc.o
 .text.RCC_SetFlashLatencyFromMSIRange
                0x0000000008002e68       0x4c build/stm32wbxx_hal_rcc.o
 .text.HAL_RCC_GetSysClockFreq
                0x0000000008002eb4       0xc0 build/stm32wbxx_hal_rcc.o
                0x0000000008002eb4                HAL_RCC_GetSysClockFreq
 .text.HAL_RCC_GetHCLKFreq
                0x0000000008002f74       0x20 build/stm32wbxx_hal_rcc.o
                0x0000000008002f74                HAL_RCC_GetHCLKFreq
 .text.HAL_RCC_OscConfig
                0x0000000008002f94      0x72c build/stm32wbxx_hal_rcc.o
                0x0000000008002f94                HAL_RCC_OscConfig
 .text.HAL_RCC_ClockConfig
                0x00000000080036c0      0x264 build/stm32wbxx_hal_rcc.o
                0x00000000080036c0                HAL_RCC_ClockConfig
 .text.HAL_RCC_GetPCLK1Freq
                0x0000000008003924       0x24 build/stm32wbxx_hal_rcc.o
                0x0000000008003924                HAL_RCC_GetPCLK1Freq
 .text.HAL_RCC_GetPCLK2Freq
                0x0000000008003948       0x24 build/stm32wbxx_hal_rcc.o
                0x0000000008003948                HAL_RCC_GetPCLK2Freq
 .text.RCCEx_PLLSAI1_ConfigNP
                0x000000000800396c       0x8e build/stm32wbxx_hal_rcc_ex.o
 .text.RCCEx_PLLSAI1_ConfigNQ
                0x00000000080039fa       0x8e build/stm32wbxx_hal_rcc_ex.o
 .text.RCCEx_PLLSAI1_ConfigNR
                0x0000000008003a88       0x8e build/stm32wbxx_hal_rcc_ex.o
 .text.HAL_RCCEx_PeriphCLKConfig
                0x0000000008003b16      0x31e build/stm32wbxx_hal_rcc_ex.o
                0x0000000008003b16                HAL_RCCEx_PeriphCLKConfig
 .text.HAL_GPIO_Init
                0x0000000008003e34      0x188 build/stm32wbxx_hal_gpio.o
                0x0000000008003e34                HAL_GPIO_Init
 .text.HAL_GPIO_WritePin
                0x0000000008003fbc        0xa build/stm32wbxx_hal_gpio.o
                0x0000000008003fbc                HAL_GPIO_WritePin
 *fill*         0x0000000008003fc6        0x2 
 .text.HAL_GPIO_EXTI_IRQHandler
                0x0000000008003fc8       0x1c build/stm32wbxx_hal_gpio.o
                0x0000000008003fc8                HAL_GPIO_EXTI_IRQHandler
 .text.DMA_SetConfig
                0x0000000008003fe4       0x40 build/stm32wbxx_hal_dma.o
 .text.DMA_CalcDMAMUXChannelBaseAndMask
                0x0000000008004024       0x54 build/stm32wbxx_hal_dma.o
 .text.DMA_CalcDMAMUXRequestGenBaseAndMask
                0x0000000008004078       0x2c build/stm32wbxx_hal_dma.o
 .text.HAL_DMA_Init
                0x00000000080040a4       0xdc build/stm32wbxx_hal_dma.o
                0x00000000080040a4                HAL_DMA_Init
 .text.HAL_DMA_Start_IT
                0x0000000008004180       0x94 build/stm32wbxx_hal_dma.o
                0x0000000008004180                HAL_DMA_Start_IT
 .text.HAL_DMA_Abort
                0x0000000008004214       0x74 build/stm32wbxx_hal_dma.o
                0x0000000008004214                HAL_DMA_Abort
 .text.HAL_DMA_Abort_IT
                0x0000000008004288       0x72 build/stm32wbxx_hal_dma.o
                0x0000000008004288                HAL_DMA_Abort_IT
 .text.HAL_DMA_IRQHandler
                0x00000000080042fa       0xc4 build/stm32wbxx_hal_dma.o
                0x00000000080042fa                HAL_DMA_IRQHandler
 *fill*         0x00000000080043be        0x2 
 .text.HAL_DMAEx_ConfigMuxSync
                0x00000000080043c0       0x58 build/stm32wbxx_hal_dma_ex.o
                0x00000000080043c0                HAL_DMAEx_ConfigMuxSync
 .text.HAL_PWR_EnableBkUpAccess
                0x0000000008004418       0x10 build/stm32wbxx_hal_pwr.o
                0x0000000008004418                HAL_PWR_EnableBkUpAccess
 .text.HAL_PWREx_GetVoltageRange
                0x0000000008004428       0x10 build/stm32wbxx_hal_pwr_ex.o
                0x0000000008004428                HAL_PWREx_GetVoltageRange
 .text.HAL_PWREx_EnableVddUSB
                0x0000000008004438       0x10 build/stm32wbxx_hal_pwr_ex.o
                0x0000000008004438                HAL_PWREx_EnableVddUSB
 .text.HAL_NVIC_SetPriorityGrouping
                0x0000000008004448       0x24 build/stm32wbxx_hal_cortex.o
                0x0000000008004448                HAL_NVIC_SetPriorityGrouping
 .text.HAL_NVIC_SetPriority
                0x000000000800446c       0x68 build/stm32wbxx_hal_cortex.o
                0x000000000800446c                HAL_NVIC_SetPriority
 .text.HAL_NVIC_EnableIRQ
                0x00000000080044d4       0x1c build/stm32wbxx_hal_cortex.o
                0x00000000080044d4                HAL_NVIC_EnableIRQ
 .text.HAL_NVIC_DisableIRQ
                0x00000000080044f0       0x24 build/stm32wbxx_hal_cortex.o
                0x00000000080044f0                HAL_NVIC_DisableIRQ
 .text.HAL_SYSTICK_Config
                0x0000000008004514       0x2c build/stm32wbxx_hal_cortex.o
                0x0000000008004514                HAL_SYSTICK_Config
 .text.HAL_NVIC_SetPendingIRQ
                0x0000000008004540       0x1c build/stm32wbxx_hal_cortex.o
                0x0000000008004540                HAL_NVIC_SetPendingIRQ
 .text.HAL_NVIC_ClearPendingIRQ
                0x000000000800455c       0x1c build/stm32wbxx_hal_cortex.o
                0x000000000800455c                HAL_NVIC_ClearPendingIRQ
 .text.HAL_InitTick
                0x0000000008004578       0x50 build/stm32wbxx_hal.o
                0x0000000008004578                HAL_InitTick
 .text.HAL_Init
                0x00000000080045c8       0x2c build/stm32wbxx_hal.o
                0x00000000080045c8                HAL_Init
 .text.HAL_IncTick
                0x00000000080045f4       0x18 build/stm32wbxx_hal.o
                0x00000000080045f4                HAL_IncTick
 .text.HAL_GetTick
                0x000000000800460c        0xc build/stm32wbxx_hal.o
                0x000000000800460c                HAL_GetTick
 .text.HAL_GetTickPrio
                0x0000000008004618        0xc build/stm32wbxx_hal.o
                0x0000000008004618                HAL_GetTickPrio
 .text.HAL_GetTickFreq
                0x0000000008004624        0xc build/stm32wbxx_hal.o
                0x0000000008004624                HAL_GetTickFreq
 .text.HAL_DBGMCU_EnableDBGSleepMode
                0x0000000008004630       0x10 build/stm32wbxx_hal.o
                0x0000000008004630                HAL_DBGMCU_EnableDBGSleepMode
 .text.HAL_DBGMCU_EnableDBGStopMode
                0x0000000008004640       0x10 build/stm32wbxx_hal.o
                0x0000000008004640                HAL_DBGMCU_EnableDBGStopMode
 .text.UART_EndTxTransfer
                0x0000000008004650       0x32 build/stm32wbxx_hal_uart.o
 .text.UART_EndRxTransfer
                0x0000000008004682       0x56 build/stm32wbxx_hal_uart.o
 .text.HAL_UART_Transmit_DMA
                0x00000000080046d8       0xc0 build/stm32wbxx_hal_uart.o
                0x00000000080046d8                HAL_UART_Transmit_DMA
 .text.UART_DMATransmitCplt
                0x0000000008004798       0x48 build/stm32wbxx_hal_uart.o
 .text.UART_EndTransmit_IT
                0x00000000080047e0       0x24 build/stm32wbxx_hal_uart.o
 .text.HAL_UART_TxHalfCpltCallback
                0x0000000008004804        0x2 build/stm32wbxx_hal_uart.o
                0x0000000008004804                HAL_UART_TxHalfCpltCallback
 .text.UART_DMATxHalfCplt
                0x0000000008004806        0xa build/stm32wbxx_hal_uart.o
 .text.HAL_UART_ErrorCallback
                0x0000000008004810        0x2 build/stm32wbxx_hal_uart.o
                0x0000000008004810                HAL_UART_ErrorCallback
 .text.UART_DMAError
                0x0000000008004812       0x58 build/stm32wbxx_hal_uart.o
 .text.UART_DMAAbortOnError
                0x000000000800486a       0x14 build/stm32wbxx_hal_uart.o
 .text.HAL_UARTEx_RxEventCallback
                0x000000000800487e        0x2 build/stm32wbxx_hal_uart.o
                0x000000000800487e                HAL_UARTEx_RxEventCallback
 .text.HAL_UART_IRQHandler
                0x0000000008004880      0x334 build/stm32wbxx_hal_uart.o
                0x0000000008004880                HAL_UART_IRQHandler
 .text.UART_SetConfig
                0x0000000008004bb4      0x270 build/stm32wbxx_hal_uart.o
                0x0000000008004bb4                UART_SetConfig
 .text.UART_AdvFeatureConfig
                0x0000000008004e24       0xca build/stm32wbxx_hal_uart.o
                0x0000000008004e24                UART_AdvFeatureConfig
 .text.UART_WaitOnFlagUntilTimeout
                0x0000000008004eee       0xd8 build/stm32wbxx_hal_uart.o
                0x0000000008004eee                UART_WaitOnFlagUntilTimeout
 .text.UART_CheckIdleState
                0x0000000008004fc6       0x74 build/stm32wbxx_hal_uart.o
                0x0000000008004fc6                UART_CheckIdleState
 .text.HAL_UART_Init
                0x000000000800503a       0x66 build/stm32wbxx_hal_uart.o
                0x000000000800503a                HAL_UART_Init
 .text.UARTEx_SetNbDataToProcess
                0x00000000080050a0       0x4c build/stm32wbxx_hal_uart_ex.o
 .text.HAL_UARTEx_WakeupCallback
                0x00000000080050ec        0x2 build/stm32wbxx_hal_uart_ex.o
                0x00000000080050ec                HAL_UARTEx_WakeupCallback
 .text.HAL_UARTEx_RxFifoFullCallback
                0x00000000080050ee        0x2 build/stm32wbxx_hal_uart_ex.o
                0x00000000080050ee                HAL_UARTEx_RxFifoFullCallback
 .text.HAL_UARTEx_TxFifoEmptyCallback
                0x00000000080050f0        0x2 build/stm32wbxx_hal_uart_ex.o
                0x00000000080050f0                HAL_UARTEx_TxFifoEmptyCallback
 .text.HAL_UARTEx_DisableFifoMode
                0x00000000080050f2       0x3e build/stm32wbxx_hal_uart_ex.o
                0x00000000080050f2                HAL_UARTEx_DisableFifoMode
 .text.HAL_UARTEx_SetTxFifoThreshold
                0x0000000008005130       0x4a build/stm32wbxx_hal_uart_ex.o
                0x0000000008005130                HAL_UARTEx_SetTxFifoThreshold
 .text.HAL_UARTEx_SetRxFifoThreshold
                0x000000000800517a       0x4a build/stm32wbxx_hal_uart_ex.o
                0x000000000800517a                HAL_UARTEx_SetRxFifoThreshold
 .text.HAL_RNG_Init
                0x00000000080051c4       0x3c build/stm32wbxx_hal_rng.o
                0x00000000080051c4                HAL_RNG_Init
 .text.HAL_RTC_WaitForSynchro
                0x0000000008005200       0x32 build/stm32wbxx_hal_rtc.o
                0x0000000008005200                HAL_RTC_WaitForSynchro
 .text.RTC_EnterInitMode
                0x0000000008005232       0x3c build/stm32wbxx_hal_rtc.o
                0x0000000008005232                RTC_EnterInitMode
 .text.HAL_RTC_Init
                0x000000000800526e       0xda build/stm32wbxx_hal_rtc.o
                0x000000000800526e                HAL_RTC_Init
 .text.HAL_RTCEx_SetWakeUpTimer_IT
                0x0000000008005348      0x104 build/stm32wbxx_hal_rtc_ex.o
                0x0000000008005348                HAL_RTCEx_SetWakeUpTimer_IT
 .text.HAL_RTCEx_EnableBypassShadow
                0x000000000800544c       0x42 build/stm32wbxx_hal_rtc_ex.o
                0x000000000800544c                HAL_RTCEx_EnableBypassShadow
 *fill*         0x000000000800548e        0x2 
 .text.SystemInit
                0x0000000008005490       0x64 build/system_stm32wbxx.o
                0x0000000008005490                SystemInit
 .text.SendFreeBuf
                0x00000000080054f4       0x30 build/tl_mbox.o
 .text.TL_Enable
                0x0000000008005524        0x8 build/tl_mbox.o
                0x0000000008005524                TL_Enable
 .text.TL_Init  0x000000000800552c       0x4c build/tl_mbox.o
                0x000000000800552c                TL_Init
 .text.TL_BLE_Init
                0x0000000008005578       0x48 build/tl_mbox.o
                0x0000000008005578                TL_BLE_Init
 .text.TL_BLE_SendCmd
                0x00000000080055c0       0x1c build/tl_mbox.o
                0x00000000080055c0                TL_BLE_SendCmd
 .text.HW_IPCC_BLE_RxEvtNot
                0x00000000080055dc       0x2c build/tl_mbox.o
                0x00000000080055dc                HW_IPCC_BLE_RxEvtNot
 .text.HW_IPCC_BLE_AclDataAckNot
                0x0000000008005608       0x10 build/tl_mbox.o
                0x0000000008005608                HW_IPCC_BLE_AclDataAckNot
 .text.TL_SYS_Init
                0x0000000008005618       0x3c build/tl_mbox.o
                0x0000000008005618                TL_SYS_Init
 .text.TL_SYS_SendCmd
                0x0000000008005654       0x1c build/tl_mbox.o
                0x0000000008005654                TL_SYS_SendCmd
 .text.HW_IPCC_SYS_CmdEvtNot
                0x0000000008005670       0x1c build/tl_mbox.o
                0x0000000008005670                HW_IPCC_SYS_CmdEvtNot
 .text.HW_IPCC_SYS_EvtNot
                0x000000000800568c       0x2c build/tl_mbox.o
                0x000000000800568c                HW_IPCC_SYS_EvtNot
 .text.TL_MM_Init
                0x00000000080056b8       0x40 build/tl_mbox.o
                0x00000000080056b8                TL_MM_Init
 .text.TL_MM_EvtDone
                0x00000000080056f8       0x1c build/tl_mbox.o
                0x00000000080056f8                TL_MM_EvtDone
 .text.TL_TRACES_Init
                0x0000000008005714       0x20 build/tl_mbox.o
                0x0000000008005714                TL_TRACES_Init
 .text.TL_TRACES_EvtReceived
                0x0000000008005734        0x2 build/tl_mbox.o
                0x0000000008005734                TL_TRACES_EvtReceived
 *fill*         0x0000000008005736        0x2 
 .text.HW_IPCC_TRACES_EvtNot
                0x0000000008005738       0x28 build/tl_mbox.o
                0x0000000008005738                HW_IPCC_TRACES_EvtNot
 .text.SHCI_C2_BLE_Init
                0x0000000008005760       0x1e build/shci.o
                0x0000000008005760                SHCI_C2_BLE_Init
 .text.SHCI_C2_DEBUG_Init
                0x000000000800577e       0x1e build/shci.o
                0x000000000800577e                SHCI_C2_DEBUG_Init
 .text.SHCI_C2_Config
                0x000000000800579c       0x1c build/shci.o
                0x000000000800579c                SHCI_C2_Config
 .text.SHCI_GetWirelessFwInfo
                0x00000000080057b8       0x80 build/shci.o
                0x00000000080057b8                SHCI_GetWirelessFwInfo
 .text.DbgTrace_TxCpltCallback
                0x0000000008005838       0x4c build/dbg_trace.o
 .text.DbgTraceGetFileName
                0x0000000008005884       0x22 build/dbg_trace.o
                0x0000000008005884                DbgTraceGetFileName
 *fill*         0x00000000080058a6        0x2 
 .text.DbgTraceInit
                0x00000000080058a8       0x28 build/dbg_trace.o
                0x00000000080058a8                DbgTraceInit
 .text.DbgTraceWrite
                0x00000000080058d0       0x64 build/dbg_trace.o
                0x00000000080058d0                DbgTraceWrite
 .text._write   0x0000000008005934        0x8 build/dbg_trace.o
                0x0000000008005934                _write
 .text.OTP_Read
                0x000000000800593c       0x28 build/otp.o
                0x000000000800593c                OTP_Read
 .text.LST_init_head
                0x0000000008005964        0x6 build/stm_list.o
                0x0000000008005964                LST_init_head
 .text.LST_is_empty
                0x000000000800596a       0x18 build/stm_list.o
                0x000000000800596a                LST_is_empty
 .text.LST_insert_head
                0x0000000008005982       0x18 build/stm_list.o
                0x0000000008005982                LST_insert_head
 .text.LST_insert_tail
                0x000000000800599a       0x18 build/stm_list.o
                0x000000000800599a                LST_insert_tail
 .text.LST_remove_node
                0x00000000080059b2       0x18 build/stm_list.o
                0x00000000080059b2                LST_remove_node
 .text.LST_remove_head
                0x00000000080059ca       0x18 build/stm_list.o
                0x00000000080059ca                LST_remove_head
 .text.CircularQueue_Init
                0x00000000080059e2       0x32 build/stm_queue.o
                0x00000000080059e2                CircularQueue_Init
 .text.CircularQueue_Add
                0x0000000008005a14      0x236 build/stm_queue.o
                0x0000000008005a14                CircularQueue_Add
 .text.CircularQueue_Remove
                0x0000000008005c4a       0xdc build/stm_queue.o
                0x0000000008005c4a                CircularQueue_Remove
 .text.CircularQueue_Sense
                0x0000000008005d26       0xa4 build/stm_queue.o
                0x0000000008005d26                CircularQueue_Sense
 .text.Osal_MemCpy
                0x0000000008005dca        0x8 build/osal.o
                0x0000000008005dca                Osal_MemCpy
 .text.Osal_MemSet
                0x0000000008005dd2        0x8 build/osal.o
                0x0000000008005dd2                Osal_MemSet
 .text.aci_gap_set_non_discoverable
                0x0000000008005dda       0x42 build/ble_gap_aci.o
                0x0000000008005dda                aci_gap_set_non_discoverable
 .text.aci_gap_set_discoverable
                0x0000000008005e1c       0xb4 build/ble_gap_aci.o
                0x0000000008005e1c                aci_gap_set_discoverable
 .text.aci_gap_set_io_capability
                0x0000000008005ed0       0x4c build/ble_gap_aci.o
                0x0000000008005ed0                aci_gap_set_io_capability
 .text.aci_gap_set_authentication_requirement
                0x0000000008005f1c       0x80 build/ble_gap_aci.o
                0x0000000008005f1c                aci_gap_set_authentication_requirement
 .text.aci_gap_init
                0x0000000008005f9c       0x7e build/ble_gap_aci.o
                0x0000000008005f9c                aci_gap_init
 .text.aci_gap_update_adv_data
                0x000000000800601a       0x5a build/ble_gap_aci.o
                0x000000000800601a                aci_gap_update_adv_data
 .text.aci_gap_configure_whitelist
                0x0000000008006074       0x42 build/ble_gap_aci.o
                0x0000000008006074                aci_gap_configure_whitelist
 .text.aci_gap_allow_rebond
                0x00000000080060b6       0x4e build/ble_gap_aci.o
                0x00000000080060b6                aci_gap_allow_rebond
 .text.aci_gap_numeric_comparison_value_confirm_yesno
                0x0000000008006104       0x52 build/ble_gap_aci.o
                0x0000000008006104                aci_gap_numeric_comparison_value_confirm_yesno
 .text.aci_gatt_init
                0x0000000008006156       0x44 build/ble_gatt_aci.o
                0x0000000008006156                aci_gatt_init
 .text.aci_gatt_add_service
                0x000000000800619a       0xa0 build/ble_gatt_aci.o
                0x000000000800619a                aci_gatt_add_service
 .text.aci_gatt_add_char
                0x000000000800623a       0xc0 build/ble_gatt_aci.o
                0x000000000800623a                aci_gatt_add_char
 .text.aci_gatt_update_char_value
                0x00000000080062fa       0x6a build/ble_gatt_aci.o
                0x00000000080062fa                aci_gatt_update_char_value
 .text.aci_hal_write_config_data
                0x0000000008006364       0x60 build/ble_hal_aci.o
                0x0000000008006364                aci_hal_write_config_data
 .text.aci_hal_set_tx_power_level
                0x00000000080063c4       0x52 build/ble_hal_aci.o
                0x00000000080063c4                aci_hal_set_tx_power_level
 .text.aci_hal_set_radio_activity_mask
                0x0000000008006416       0x4e build/ble_hal_aci.o
                0x0000000008006416                aci_hal_set_radio_activity_mask
 .text.hci_reset
                0x0000000008006464       0x40 build/ble_hci_le.o
                0x0000000008006464                hci_reset
 .text.hci_le_read_phy
                0x00000000080064a4       0x64 build/ble_hci_le.o
                0x00000000080064a4                hci_le_read_phy
 .text.hci_le_set_default_phy
                0x0000000008006508       0x56 build/ble_hci_le.o
                0x0000000008006508                hci_le_set_default_phy
 .text.aci_l2cap_connection_parameter_update_req
                0x000000000800655e       0x68 build/ble_l2cap_aci.o
                0x000000000800655e                aci_l2cap_connection_parameter_update_req
 *fill*         0x00000000080065c6        0x2 
 .text.PeerToPeer_Event_Handler
                0x00000000080065c8      0x200 build/p2p_stm.o
 .text.P2PS_STM_Init
                0x00000000080067c8      0x270 build/p2p_stm.o
                0x00000000080067c8                P2PS_STM_Init
 .text.P2PS_STM_App_Update_Char
                0x0000000008006a38       0x8c build/p2p_stm.o
                0x0000000008006a38                P2PS_STM_App_Update_Char
 .text.NotifyCmdStatus
                0x0000000008006ac4       0x20 build/hci_tl.o
 .text.TlInit   0x0000000008006ae4       0x40 build/hci_tl.o
 .text.SendCmd  0x0000000008006b24       0x30 build/hci_tl.o
 .text.hci_init
                0x0000000008006b54       0x24 build/hci_tl.o
                0x0000000008006b54                hci_init
 .text.hci_user_evt_proc
                0x0000000008006b78       0x80 build/hci_tl.o
                0x0000000008006b78                hci_user_evt_proc
 .text.hci_send_req
                0x0000000008006bf8       0xa4 build/hci_tl.o
                0x0000000008006bf8                hci_send_req
 .text.TlEvtReceived
                0x0000000008006c9c       0x34 build/hci_tl.o
 .text.hci_register_io_bus
                0x0000000008006cd0       0x14 build/hci_tl_if.o
                0x0000000008006cd0                hci_register_io_bus
 .text.Cmd_SetStatus
                0x0000000008006ce4       0x30 build/shci_tl.o
 .text.TlInit   0x0000000008006d14       0x44 build/shci_tl.o
 .text.TlUserEvtReceived
                0x0000000008006d58       0x18 build/shci_tl.o
 .text.shci_init
                0x0000000008006d70       0x24 build/shci_tl.o
                0x0000000008006d70                shci_init
 .text.shci_user_evt_proc
                0x0000000008006d94       0x80 build/shci_tl.o
                0x0000000008006d94                shci_user_evt_proc
 .text.shci_send
                0x0000000008006e14       0x60 build/shci_tl.o
                0x0000000008006e14                shci_send
 .text.TlCmdEvtReceived
                0x0000000008006e74        0xa build/shci_tl.o
 *fill*         0x0000000008006e7e        0x2 
 .text.shci_register_io_bus
                0x0000000008006e80       0x14 build/shci_tl_if.o
                0x0000000008006e80                shci_register_io_bus
 .text.BAS_Init
                0x0000000008006e94        0x2 build/svc_ctl.o
                0x0000000008006e94                BAS_Init
 .text.BLS_Init
                0x0000000008006e96        0x2 build/svc_ctl.o
                0x0000000008006e96                BLS_Init
 .text.CRS_STM_Init
                0x0000000008006e98        0x2 build/svc_ctl.o
                0x0000000008006e98                CRS_STM_Init
 .text.DIS_Init
                0x0000000008006e9a        0x2 build/svc_ctl.o
                0x0000000008006e9a                DIS_Init
 .text.EDS_STM_Init
                0x0000000008006e9c        0x2 build/svc_ctl.o
                0x0000000008006e9c                EDS_STM_Init
 .text.HIDS_Init
                0x0000000008006e9e        0x2 build/svc_ctl.o
                0x0000000008006e9e                HIDS_Init
 .text.HRS_Init
                0x0000000008006ea0        0x2 build/svc_ctl.o
                0x0000000008006ea0                HRS_Init
 .text.HTS_Init
                0x0000000008006ea2        0x2 build/svc_ctl.o
                0x0000000008006ea2                HTS_Init
 .text.IAS_Init
                0x0000000008006ea4        0x2 build/svc_ctl.o
                0x0000000008006ea4                IAS_Init
 .text.LLS_Init
                0x0000000008006ea6        0x2 build/svc_ctl.o
                0x0000000008006ea6                LLS_Init
 .text.TPS_Init
                0x0000000008006ea8        0x2 build/svc_ctl.o
                0x0000000008006ea8                TPS_Init
 .text.MOTENV_STM_Init
                0x0000000008006eaa        0x2 build/svc_ctl.o
                0x0000000008006eaa                MOTENV_STM_Init
 .text.ZDD_STM_Init
                0x0000000008006eac        0x2 build/svc_ctl.o
                0x0000000008006eac                ZDD_STM_Init
 .text.OTAS_STM_Init
                0x0000000008006eae        0x2 build/svc_ctl.o
                0x0000000008006eae                OTAS_STM_Init
 .text.MESH_Init
                0x0000000008006eb0        0x2 build/svc_ctl.o
                0x0000000008006eb0                MESH_Init
 .text.BVOPUS_STM_Init
                0x0000000008006eb2        0x2 build/svc_ctl.o
                0x0000000008006eb2                BVOPUS_STM_Init
 .text.SVCCTL_InitCustomSvc
                0x0000000008006eb4        0x2 build/svc_ctl.o
                0x0000000008006eb4                SVCCTL_InitCustomSvc
 .text.SVCCTL_SvcInit
                0x0000000008006eb6       0x4c build/svc_ctl.o
                0x0000000008006eb6                SVCCTL_SvcInit
 *fill*         0x0000000008006f02        0x2 
 .text.SVCCTL_Init
                0x0000000008006f04       0x14 build/svc_ctl.o
                0x0000000008006f04                SVCCTL_Init
 .text.SVCCTL_RegisterSvcHandler
                0x0000000008006f18       0x14 build/svc_ctl.o
                0x0000000008006f18                SVCCTL_RegisterSvcHandler
 .text.SVCCTL_UserEvtRx
                0x0000000008006f2c       0x54 build/svc_ctl.o
                0x0000000008006f2c                SVCCTL_UserEvtRx
 .text.UTIL_LPM_Init
                0x0000000008006f80       0x14 build/stm32_lpm.o
                0x0000000008006f80                UTIL_LPM_Init
 .text.UTIL_LPM_SetOffMode
                0x0000000008006f94       0x2c build/stm32_lpm.o
                0x0000000008006f94                UTIL_LPM_SetOffMode
 .text.UTIL_SEQ_SetTask
                0x0000000008006fc0       0x30 build/stm32_seq.o
                0x0000000008006fc0                UTIL_SEQ_SetTask
 .text.UTIL_SEQ_PauseTask
                0x0000000008006ff0       0x1c build/stm32_seq.o
                0x0000000008006ff0                UTIL_SEQ_PauseTask
 .text.UTIL_SEQ_ResumeTask
                0x000000000800700c       0x18 build/stm32_seq.o
                0x000000000800700c                UTIL_SEQ_ResumeTask
 .text.UTIL_SEQ_SetEvt
                0x0000000008007024       0x18 build/stm32_seq.o
                0x0000000008007024                UTIL_SEQ_SetEvt
 .text.UTIL_SEQ_PreIdle
                0x000000000800703c        0x2 build/stm32_seq.o
                0x000000000800703c                UTIL_SEQ_PreIdle
 .text.UTIL_SEQ_PostIdle
                0x000000000800703e        0x2 build/stm32_seq.o
                0x000000000800703e                UTIL_SEQ_PostIdle
 .text.SEQ_BitPosition
                0x0000000008007040       0x3c build/stm32_seq.o
                0x0000000008007040                SEQ_BitPosition
 .text.UTIL_SEQ_Run
                0x000000000800707c      0x120 build/stm32_seq.o
                0x000000000800707c                UTIL_SEQ_Run
 .text.UTIL_SEQ_WaitEvt
                0x000000000800719c       0x58 build/stm32_seq.o
                0x000000000800719c                UTIL_SEQ_WaitEvt
 .text.UTIL_SEQ_RegTask
                0x00000000080071f4       0x20 build/stm32_seq.o
                0x00000000080071f4                UTIL_SEQ_RegTask
 .text.data_initializers
                0x0000000008007214       0x18 build/startup_stm32wb55xx_cm4.o
 .text.Reset_Handler
                0x000000000800722c       0x54 build/startup_stm32wb55xx_cm4.o
                0x000000000800722c                Reset_Handler
 .text.Default_Handler
                0x0000000008007280        0x2 build/startup_stm32wb55xx_cm4.o
                0x0000000008007280                DMA2_Channel3_IRQHandler
                0x0000000008007280                EXTI2_IRQHandler
                0x0000000008007280                TIM1_CC_IRQHandler
                0x0000000008007280                TSC_IRQHandler
                0x0000000008007280                USB_HP_IRQHandler
                0x0000000008007280                EXTI3_IRQHandler
                0x0000000008007280                LPTIM2_IRQHandler
                0x0000000008007280                I2C3_ER_IRQHandler
                0x0000000008007280                FPU_IRQHandler
                0x0000000008007280                TIM1_UP_TIM16_IRQHandler
                0x0000000008007280                AES1_IRQHandler
                0x0000000008007280                SPI1_IRQHandler
                0x0000000008007280                PWR_SOTF_BLEACT_802ACT_RFPHASE_IRQHandler
                0x0000000008007280                DMA2_Channel2_IRQHandler
                0x0000000008007280                ADC1_IRQHandler
                0x0000000008007280                PKA_IRQHandler
                0x0000000008007280                DMA1_Channel7_IRQHandler
                0x0000000008007280                LCD_IRQHandler
                0x0000000008007280                DMA2_Channel1_IRQHandler
                0x0000000008007280                QUADSPI_IRQHandler
                0x0000000008007280                I2C1_EV_IRQHandler
                0x0000000008007280                DMAMUX1_OVR_IRQHandler
                0x0000000008007280                DMA1_Channel6_IRQHandler
                0x0000000008007280                RCC_IRQHandler
                0x0000000008007280                DMA1_Channel1_IRQHandler
                0x0000000008007280                Default_Handler
                0x0000000008007280                DMA2_Channel7_IRQHandler
                0x0000000008007280                EXTI15_10_IRQHandler
                0x0000000008007280                C2SEV_PWR_C2H_IRQHandler
                0x0000000008007280                AES2_IRQHandler
                0x0000000008007280                I2C3_EV_IRQHandler
                0x0000000008007280                EXTI9_5_IRQHandler
                0x0000000008007280                PVD_PVM_IRQHandler
                0x0000000008007280                SPI2_IRQHandler
                0x0000000008007280                DMA2_Channel5_IRQHandler
                0x0000000008007280                CRS_IRQHandler
                0x0000000008007280                DMA1_Channel5_IRQHandler
                0x0000000008007280                USB_LP_IRQHandler
                0x0000000008007280                RNG_IRQHandler
                0x0000000008007280                TIM1_TRG_COM_TIM17_IRQHandler
                0x0000000008007280                TAMP_STAMP_LSECSS_IRQHandler
                0x0000000008007280                DMA1_Channel3_IRQHandler
                0x0000000008007280                COMP_IRQHandler
                0x0000000008007280                WWDG_IRQHandler
                0x0000000008007280                DMA2_Channel6_IRQHandler
                0x0000000008007280                TIM2_IRQHandler
                0x0000000008007280                TIM1_BRK_IRQHandler
                0x0000000008007280                DMA1_Channel2_IRQHandler
                0x0000000008007280                FLASH_IRQHandler
                0x0000000008007280                I2C1_ER_IRQHandler
                0x0000000008007280                LPTIM1_IRQHandler
                0x0000000008007280                SAI1_IRQHandler
                0x0000000008007280                RTC_Alarm_IRQHandler
 *fill*         0x0000000008007282        0x2 
 .text.__libc_init_array
                0x0000000008007284       0x48 /usr/local/Cellar/arm-none-eabi-gcc/9-2019-q4-major/gcc/bin/../lib/gcc/arm-none-eabi/9.2.1/../../../../arm-none-eabi/lib/thumb/v7e-m+fp/hard/libc_nano.a(lib_a-init.o)
                0x0000000008007284                __libc_init_array
 .text.memcpy   0x00000000080072cc       0x1c /usr/local/Cellar/arm-none-eabi-gcc/9-2019-q4-major/gcc/bin/../lib/gcc/arm-none-eabi/9.2.1/../../../../arm-none-eabi/lib/thumb/v7e-m+fp/hard/libc_nano.a(lib_a-memcpy-stub.o)
                0x00000000080072cc                memcpy
 .text.memset   0x00000000080072e8       0x10 /usr/local/Cellar/arm-none-eabi-gcc/9-2019-q4-major/gcc/bin/../lib/gcc/arm-none-eabi/9.2.1/../../../../arm-none-eabi/lib/thumb/v7e-m+fp/hard/libc_nano.a(lib_a-memset.o)
                0x00000000080072e8                memset
 .text.printf   0x00000000080072f8       0x30 /usr/local/Cellar/arm-none-eabi-gcc/9-2019-q4-major/gcc/bin/../lib/gcc/arm-none-eabi/9.2.1/../../../../arm-none-eabi/lib/thumb/v7e-m+fp/hard/libc_nano.a(lib_a-printf.o)
                0x00000000080072f8                printf
                0x00000000080072f8                iprintf
 .text._puts_r  0x0000000008007328       0xdc /usr/local/Cellar/arm-none-eabi-gcc/9-2019-q4-major/gcc/bin/../lib/gcc/arm-none-eabi/9.2.1/../../../../arm-none-eabi/lib/thumb/v7e-m+fp/hard/libc_nano.a(lib_a-puts.o)
                0x0000000008007328                _puts_r
 .text.puts     0x0000000008007404       0x10 /usr/local/Cellar/arm-none-eabi-gcc/9-2019-q4-major/gcc/bin/../lib/gcc/arm-none-eabi/9.2.1/../../../../arm-none-eabi/lib/thumb/v7e-m+fp/hard/libc_nano.a(lib_a-puts.o)
                0x0000000008007404                puts
 .text.strncmp  0x0000000008007414       0x24 /usr/local/Cellar/arm-none-eabi-gcc/9-2019-q4-major/gcc/bin/../lib/gcc/arm-none-eabi/9.2.1/../../../../arm-none-eabi/lib/thumb/v7e-m+fp/hard/libc_nano.a(lib_a-strncmp.o)
                0x0000000008007414                strncmp
 .text.strrchr  0x0000000008007438       0x28 /usr/local/Cellar/arm-none-eabi-gcc/9-2019-q4-major/gcc/bin/../lib/gcc/arm-none-eabi/9.2.1/../../../../arm-none-eabi/lib/thumb/v7e-m+fp/hard/libc_nano.a(lib_a-strrchr.o)
                0x0000000008007438                strrchr
 .text.__swbuf_r
                0x0000000008007460       0xa4 /usr/local/Cellar/arm-none-eabi-gcc/9-2019-q4-major/gcc/bin/../lib/gcc/arm-none-eabi/9.2.1/../../../../arm-none-eabi/lib/thumb/v7e-m+fp/hard/libc_nano.a(lib_a-wbuf.o)
                0x0000000008007460                __swbuf_r
 .text.__swsetup_r
                0x0000000008007504       0xdc /usr/local/Cellar/arm-none-eabi-gcc/9-2019-q4-major/gcc/bin/../lib/gcc/arm-none-eabi/9.2.1/../../../../arm-none-eabi/lib/thumb/v7e-m+fp/hard/libc_nano.a(lib_a-wsetup.o)
                0x0000000008007504                __swsetup_r
 .text.__sflush_r
                0x00000000080075e0      0x10c /usr/local/Cellar/arm-none-eabi-gcc/9-2019-q4-major/gcc/bin/../lib/gcc/arm-none-eabi/9.2.1/../../../../arm-none-eabi/lib/thumb/v7e-m+fp/hard/libc_nano.a(lib_a-fflush.o)
                0x00000000080075e0                __sflush_r
 .text._fflush_r
                0x00000000080076ec       0x78 /usr/local/Cellar/arm-none-eabi-gcc/9-2019-q4-major/gcc/bin/../lib/gcc/arm-none-eabi/9.2.1/../../../../arm-none-eabi/lib/thumb/v7e-m+fp/hard/libc_nano.a(lib_a-fflush.o)
                0x00000000080076ec                _fflush_r
 .text.std      0x0000000008007764       0x48 /usr/local/Cellar/arm-none-eabi-gcc/9-2019-q4-major/gcc/bin/../lib/gcc/arm-none-eabi/9.2.1/../../../../arm-none-eabi/lib/thumb/v7e-m+fp/hard/libc_nano.a(lib_a-findfp.o)
 .text._cleanup_r
                0x00000000080077ac        0xc /usr/local/Cellar/arm-none-eabi-gcc/9-2019-q4-major/gcc/bin/../lib/gcc/arm-none-eabi/9.2.1/../../../../arm-none-eabi/lib/thumb/v7e-m+fp/hard/libc_nano.a(lib_a-findfp.o)
                0x00000000080077ac                _cleanup_r
 .text.__sfmoreglue
                0x00000000080077b8       0x2c /usr/local/Cellar/arm-none-eabi-gcc/9-2019-q4-major/gcc/bin/../lib/gcc/arm-none-eabi/9.2.1/../../../../arm-none-eabi/lib/thumb/v7e-m+fp/hard/libc_nano.a(lib_a-findfp.o)
                0x00000000080077b8                __sfmoreglue
 .text.__sfp_lock_acquire
                0x00000000080077e4        0xc /usr/local/Cellar/arm-none-eabi-gcc/9-2019-q4-major/gcc/bin/../lib/gcc/arm-none-eabi/9.2.1/../../../../arm-none-eabi/lib/thumb/v7e-m+fp/hard/libc_nano.a(lib_a-findfp.o)
                0x00000000080077e4                __sfp_lock_acquire
 .text.__sfp_lock_release
                0x00000000080077f0        0xc /usr/local/Cellar/arm-none-eabi-gcc/9-2019-q4-major/gcc/bin/../lib/gcc/arm-none-eabi/9.2.1/../../../../arm-none-eabi/lib/thumb/v7e-m+fp/hard/libc_nano.a(lib_a-findfp.o)
                0x00000000080077f0                __sfp_lock_release
 .text.__sinit_lock_acquire
                0x00000000080077fc        0xc /usr/local/Cellar/arm-none-eabi-gcc/9-2019-q4-major/gcc/bin/../lib/gcc/arm-none-eabi/9.2.1/../../../../arm-none-eabi/lib/thumb/v7e-m+fp/hard/libc_nano.a(lib_a-findfp.o)
                0x00000000080077fc                __sinit_lock_acquire
 .text.__sinit_lock_release
                0x0000000008007808        0xc /usr/local/Cellar/arm-none-eabi-gcc/9-2019-q4-major/gcc/bin/../lib/gcc/arm-none-eabi/9.2.1/../../../../arm-none-eabi/lib/thumb/v7e-m+fp/hard/libc_nano.a(lib_a-findfp.o)
                0x0000000008007808                __sinit_lock_release
 .text.__sinit  0x0000000008007814       0x70 /usr/local/Cellar/arm-none-eabi-gcc/9-2019-q4-major/gcc/bin/../lib/gcc/arm-none-eabi/9.2.1/../../../../arm-none-eabi/lib/thumb/v7e-m+fp/hard/libc_nano.a(lib_a-findfp.o)
                0x0000000008007814                __sinit
 .text.__sfp    0x0000000008007884       0x8c /usr/local/Cellar/arm-none-eabi-gcc/9-2019-q4-major/gcc/bin/../lib/gcc/arm-none-eabi/9.2.1/../../../../arm-none-eabi/lib/thumb/v7e-m+fp/hard/libc_nano.a(lib_a-findfp.o)
                0x0000000008007884                __sfp
 .text._fwalk_reent
                0x0000000008007910       0x3e /usr/local/Cellar/arm-none-eabi-gcc/9-2019-q4-major/gcc/bin/../lib/gcc/arm-none-eabi/9.2.1/../../../../arm-none-eabi/lib/thumb/v7e-m+fp/hard/libc_nano.a(lib_a-fwalk.o)
                0x0000000008007910                _fwalk_reent
 .text.__retarget_lock_init_recursive
                0x000000000800794e        0x2 /usr/local/Cellar/arm-none-eabi-gcc/9-2019-q4-major/gcc/bin/../lib/gcc/arm-none-eabi/9.2.1/../../../../arm-none-eabi/lib/thumb/v7e-m+fp/hard/libc_nano.a(lib_a-lock.o)
                0x000000000800794e                __retarget_lock_init_recursive
 .text.__retarget_lock_acquire_recursive
                0x0000000008007950        0x2 /usr/local/Cellar/arm-none-eabi-gcc/9-2019-q4-major/gcc/bin/../lib/gcc/arm-none-eabi/9.2.1/../../../../arm-none-eabi/lib/thumb/v7e-m+fp/hard/libc_nano.a(lib_a-lock.o)
                0x0000000008007950                __retarget_lock_acquire_recursive
 .text.__retarget_lock_release_recursive
                0x0000000008007952        0x2 /usr/local/Cellar/arm-none-eabi-gcc/9-2019-q4-major/gcc/bin/../lib/gcc/arm-none-eabi/9.2.1/../../../../arm-none-eabi/lib/thumb/v7e-m+fp/hard/libc_nano.a(lib_a-lock.o)
                0x0000000008007952                __retarget_lock_release_recursive
 .text.__swhatbuf_r
                0x0000000008007954       0x48 /usr/local/Cellar/arm-none-eabi-gcc/9-2019-q4-major/gcc/bin/../lib/gcc/arm-none-eabi/9.2.1/../../../../arm-none-eabi/lib/thumb/v7e-m+fp/hard/libc_nano.a(lib_a-makebuf.o)
                0x0000000008007954                __swhatbuf_r
 .text.__smakebuf_r
                0x000000000800799c       0x80 /usr/local/Cellar/arm-none-eabi-gcc/9-2019-q4-major/gcc/bin/../lib/gcc/arm-none-eabi/9.2.1/../../../../arm-none-eabi/lib/thumb/v7e-m+fp/hard/libc_nano.a(lib_a-makebuf.o)
                0x000000000800799c                __smakebuf_r
 .text._free_r  0x0000000008007a1c       0xa0 /usr/local/Cellar/arm-none-eabi-gcc/9-2019-q4-major/gcc/bin/../lib/gcc/arm-none-eabi/9.2.1/../../../../arm-none-eabi/lib/thumb/v7e-m+fp/hard/libc_nano.a(lib_a-nano-freer.o)
                0x0000000008007a1c                _free_r
 .text._malloc_r
                0x0000000008007abc       0xb4 /usr/local/Cellar/arm-none-eabi-gcc/9-2019-q4-major/gcc/bin/../lib/gcc/arm-none-eabi/9.2.1/../../../../arm-none-eabi/lib/thumb/v7e-m+fp/hard/libc_nano.a(lib_a-nano-mallocr.o)
                0x0000000008007abc                _malloc_r
 .text.__sfputc_r
                0x0000000008007b70       0x2e /usr/local/Cellar/arm-none-eabi-gcc/9-2019-q4-major/gcc/bin/../lib/gcc/arm-none-eabi/9.2.1/../../../../arm-none-eabi/lib/thumb/v7e-m+fp/hard/libc_nano.a(lib_a-nano-vfprintf.o)
 .text.__sfputs_r
                0x0000000008007b9e       0x24 /usr/local/Cellar/arm-none-eabi-gcc/9-2019-q4-major/gcc/bin/../lib/gcc/arm-none-eabi/9.2.1/../../../../arm-none-eabi/lib/thumb/v7e-m+fp/hard/libc_nano.a(lib_a-nano-vfprintf.o)
                0x0000000008007b9e                __sfputs_r
 *fill*         0x0000000008007bc2        0x2 
 .text._vfprintf_r
                0x0000000008007bc4      0x260 /usr/local/Cellar/arm-none-eabi-gcc/9-2019-q4-major/gcc/bin/../lib/gcc/arm-none-eabi/9.2.1/../../../../arm-none-eabi/lib/thumb/v7e-m+fp/hard/libc_nano.a(lib_a-nano-vfprintf.o)
                0x0000000008007bc4                _vfiprintf_r
                0x0000000008007bc4                _vfprintf_r
 .text._printf_common
                0x0000000008007e24       0xda /usr/local/Cellar/arm-none-eabi-gcc/9-2019-q4-major/gcc/bin/../lib/gcc/arm-none-eabi/9.2.1/../../../../arm-none-eabi/lib/thumb/v7e-m+fp/hard/libc_nano.a(lib_a-nano-vfprintf_i.o)
                0x0000000008007e24                _printf_common
 *fill*         0x0000000008007efe        0x2 
 .text._printf_i
                0x0000000008007f00      0x24c /usr/local/Cellar/arm-none-eabi-gcc/9-2019-q4-major/gcc/bin/../lib/gcc/arm-none-eabi/9.2.1/../../../../arm-none-eabi/lib/thumb/v7e-m+fp/hard/libc_nano.a(lib_a-nano-vfprintf_i.o)
                0x0000000008007f00                _printf_i
 .text._sbrk_r  0x000000000800814c       0x20 /usr/local/Cellar/arm-none-eabi-gcc/9-2019-q4-major/gcc/bin/../lib/gcc/arm-none-eabi/9.2.1/../../../../arm-none-eabi/lib/thumb/v7e-m+fp/hard/libc_nano.a(lib_a-sbrkr.o)
                0x000000000800814c                _sbrk_r
 .text.__sread  0x000000000800816c       0x22 /usr/local/Cellar/arm-none-eabi-gcc/9-2019-q4-major/gcc/bin/../lib/gcc/arm-none-eabi/9.2.1/../../../../arm-none-eabi/lib/thumb/v7e-m+fp/hard/libc_nano.a(lib_a-stdio.o)
                0x000000000800816c                __sread
 .text.__swrite
                0x000000000800818e       0x38 /usr/local/Cellar/arm-none-eabi-gcc/9-2019-q4-major/gcc/bin/../lib/gcc/arm-none-eabi/9.2.1/../../../../arm-none-eabi/lib/thumb/v7e-m+fp/hard/libc_nano.a(lib_a-stdio.o)
                0x000000000800818e                __swrite
 .text.__sseek  0x00000000080081c6       0x24 /usr/local/Cellar/arm-none-eabi-gcc/9-2019-q4-major/gcc/bin/../lib/gcc/arm-none-eabi/9.2.1/../../../../arm-none-eabi/lib/thumb/v7e-m+fp/hard/libc_nano.a(lib_a-stdio.o)
                0x00000000080081c6                __sseek
 .text.__sclose
                0x00000000080081ea        0x8 /usr/local/Cellar/arm-none-eabi-gcc/9-2019-q4-major/gcc/bin/../lib/gcc/arm-none-eabi/9.2.1/../../../../arm-none-eabi/lib/thumb/v7e-m+fp/hard/libc_nano.a(lib_a-stdio.o)
                0x00000000080081ea                __sclose
 .text.strchr   0x00000000080081f2       0x1a /usr/local/Cellar/arm-none-eabi-gcc/9-2019-q4-major/gcc/bin/../lib/gcc/arm-none-eabi/9.2.1/../../../../arm-none-eabi/lib/thumb/v7e-m+fp/hard/libc_nano.a(lib_a-strchr.o)
                0x00000000080081f2                strchr
 .text._write_r
                0x000000000800820c       0x24 /usr/local/Cellar/arm-none-eabi-gcc/9-2019-q4-major/gcc/bin/../lib/gcc/arm-none-eabi/9.2.1/../../../../arm-none-eabi/lib/thumb/v7e-m+fp/hard/libc_nano.a(lib_a-writer.o)
                0x000000000800820c                _write_r
 .text._close_r
                0x0000000008008230       0x20 /usr/local/Cellar/arm-none-eabi-gcc/9-2019-q4-major/gcc/bin/../lib/gcc/arm-none-eabi/9.2.1/../../../../arm-none-eabi/lib/thumb/v7e-m+fp/hard/libc_nano.a(lib_a-closer.o)
                0x0000000008008230                _close_r
 .text._fstat_r
                0x0000000008008250       0x24 /usr/local/Cellar/arm-none-eabi-gcc/9-2019-q4-major/gcc/bin/../lib/gcc/arm-none-eabi/9.2.1/../../../../arm-none-eabi/lib/thumb/v7e-m+fp/hard/libc_nano.a(lib_a-fstatr.o)
                0x0000000008008250                _fstat_r
 .text._isatty_r
                0x0000000008008274       0x20 /usr/local/Cellar/arm-none-eabi-gcc/9-2019-q4-major/gcc/bin/../lib/gcc/arm-none-eabi/9.2.1/../../../../arm-none-eabi/lib/thumb/v7e-m+fp/hard/libc_nano.a(lib_a-isattyr.o)
                0x0000000008008274                _isatty_r
 .text._lseek_r
                0x0000000008008294       0x24 /usr/local/Cellar/arm-none-eabi-gcc/9-2019-q4-major/gcc/bin/../lib/gcc/arm-none-eabi/9.2.1/../../../../arm-none-eabi/lib/thumb/v7e-m+fp/hard/libc_nano.a(lib_a-lseekr.o)
                0x0000000008008294                _lseek_r
 .text.__malloc_lock
                0x00000000080082b8        0xc /usr/local/Cellar/arm-none-eabi-gcc/9-2019-q4-major/gcc/bin/../lib/gcc/arm-none-eabi/9.2.1/../../../../arm-none-eabi/lib/thumb/v7e-m+fp/hard/libc_nano.a(lib_a-mlock.o)
                0x00000000080082b8                __malloc_lock
 .text.__malloc_unlock
                0x00000000080082c4        0xc /usr/local/Cellar/arm-none-eabi-gcc/9-2019-q4-major/gcc/bin/../lib/gcc/arm-none-eabi/9.2.1/../../../../arm-none-eabi/lib/thumb/v7e-m+fp/hard/libc_nano.a(lib_a-mlock.o)
                0x00000000080082c4                __malloc_unlock
 .text._read_r  0x00000000080082d0       0x24 /usr/local/Cellar/arm-none-eabi-gcc/9-2019-q4-major/gcc/bin/../lib/gcc/arm-none-eabi/9.2.1/../../../../arm-none-eabi/lib/thumb/v7e-m+fp/hard/libc_nano.a(lib_a-readr.o)
                0x00000000080082d0                _read_r
 .text._close   0x00000000080082f4       0x10 /usr/local/Cellar/arm-none-eabi-gcc/9-2019-q4-major/gcc/bin/../lib/gcc/arm-none-eabi/9.2.1/../../../../arm-none-eabi/lib/thumb/v7e-m+fp/hard/libnosys.a(close.o)
                0x00000000080082f4                _close
 .text._fstat   0x0000000008008304       0x10 /usr/local/Cellar/arm-none-eabi-gcc/9-2019-q4-major/gcc/bin/../lib/gcc/arm-none-eabi/9.2.1/../../../../arm-none-eabi/lib/thumb/v7e-m+fp/hard/libnosys.a(fstat.o)
                0x0000000008008304                _fstat
 .text._isatty  0x0000000008008314       0x10 /usr/local/Cellar/arm-none-eabi-gcc/9-2019-q4-major/gcc/bin/../lib/gcc/arm-none-eabi/9.2.1/../../../../arm-none-eabi/lib/thumb/v7e-m+fp/hard/libnosys.a(isatty.o)
                0x0000000008008314                _isatty
 .text._lseek   0x0000000008008324       0x10 /usr/local/Cellar/arm-none-eabi-gcc/9-2019-q4-major/gcc/bin/../lib/gcc/arm-none-eabi/9.2.1/../../../../arm-none-eabi/lib/thumb/v7e-m+fp/hard/libnosys.a(lseek.o)
                0x0000000008008324                _lseek
 .text._read    0x0000000008008334       0x10 /usr/local/Cellar/arm-none-eabi-gcc/9-2019-q4-major/gcc/bin/../lib/gcc/arm-none-eabi/9.2.1/../../../../arm-none-eabi/lib/thumb/v7e-m+fp/hard/libnosys.a(read.o)
                0x0000000008008334                _read
 .text._sbrk    0x0000000008008344       0x1c /usr/local/Cellar/arm-none-eabi-gcc/9-2019-q4-major/gcc/bin/../lib/gcc/arm-none-eabi/9.2.1/../../../../arm-none-eabi/lib/thumb/v7e-m+fp/hard/libnosys.a(sbrk.o)
                0x0000000008008344                _sbrk
 *(.glue_7)
 .glue_7        0x0000000008008360        0x0 linker stubs
 *(.glue_7t)
 .glue_7t       0x0000000008008360        0x0 linker stubs
 *(.eh_frame)
 .eh_frame      0x0000000008008360        0x0 /usr/local/Cellar/arm-none-eabi-gcc/9-2019-q4-major/gcc/bin/../lib/gcc/arm-none-eabi/9.2.1/thumb/v7e-m+fp/hard/crtbegin.o
 *(.init)
 .init          0x0000000008008360        0x4 /usr/local/Cellar/arm-none-eabi-gcc/9-2019-q4-major/gcc/bin/../lib/gcc/arm-none-eabi/9.2.1/thumb/v7e-m+fp/hard/crti.o
                0x0000000008008360                _init
 .init          0x0000000008008364        0x8 /usr/local/Cellar/arm-none-eabi-gcc/9-2019-q4-major/gcc/bin/../lib/gcc/arm-none-eabi/9.2.1/thumb/v7e-m+fp/hard/crtn.o
 *(.fini)
 .fini          0x000000000800836c        0x4 /usr/local/Cellar/arm-none-eabi-gcc/9-2019-q4-major/gcc/bin/../lib/gcc/arm-none-eabi/9.2.1/thumb/v7e-m+fp/hard/crti.o
                0x000000000800836c                _fini
 .fini          0x0000000008008370        0x8 /usr/local/Cellar/arm-none-eabi-gcc/9-2019-q4-major/gcc/bin/../lib/gcc/arm-none-eabi/9.2.1/thumb/v7e-m+fp/hard/crtn.o
                0x0000000008008378                . = ALIGN (0x4)
                0x0000000008008378                _etext = .

.vfp11_veneer   0x0000000008008378        0x0
 .vfp11_veneer  0x0000000008008378        0x0 linker stubs

.v4_bx          0x0000000008008378        0x0
 .v4_bx         0x0000000008008378        0x0 linker stubs

.iplt           0x0000000008008378        0x0
 .iplt          0x0000000008008378        0x0 /usr/local/Cellar/arm-none-eabi-gcc/9-2019-q4-major/gcc/bin/../lib/gcc/arm-none-eabi/9.2.1/thumb/v7e-m+fp/hard/crtbegin.o

.rodata         0x0000000008008378     0x1108
                0x0000000008008378                . = ALIGN (0x4)
 *(.rodata)
 .rodata        0x0000000008008378       0x1b build/app_debug.o
 *fill*         0x0000000008008393        0x1 
 .rodata        0x0000000008008394       0x31 build/app_ble.o
 *fill*         0x00000000080083c5        0x3 
 .rodata        0x00000000080083c8       0x2c build/stm32wbxx_hal_rcc.o
 *(.rodata*)
 .rodata.APPE_SysEvtError.str1.4
                0x00000000080083f4       0xc2 build/app_entry.o
 *fill*         0x00000000080084b6        0x2 
 .rodata.APPE_SysEvtReadyProcessing.str1.4
                0x00000000080084b8       0xa7 build/app_entry.o
 *fill*         0x000000000800855f        0x1 
 .rodata.APPE_SysUserEvtRx.str1.4
                0x0000000008008560      0x16b build/app_entry.o
 *fill*         0x00000000080086cb        0x1 
 .rodata.__FUNCTION__.18763
                0x00000000080086cc       0x12 build/app_entry.o
 *fill*         0x00000000080086de        0x2 
 .rodata.__FUNCTION__.18778
                0x00000000080086e0       0x11 build/app_entry.o
 *fill*         0x00000000080086f1        0x3 
 .rodata.__FUNCTION__.18786
                0x00000000080086f4       0x1b build/app_entry.o
 *fill*         0x000000000800870f        0x1 
 .rodata.aGpioConfigList
                0x0000000008008710      0x130 build/app_debug.o
 .rodata.BLE_SVC_L2CAP_Conn_Update.str1.4
                0x0000000008008840       0x74 build/app_ble.o
                                         0x88 (size before relaxing)
 .rodata.Adv_Cancel.str1.4
                0x00000000080088b4       0x47 build/app_ble.o
 *fill*         0x00000000080088fb        0x1 
 .rodata.Ble_Hci_Gap_Gatt_Init.str1.4
                0x00000000080088fc       0x66 build/app_ble.o
 *fill*         0x0000000008008962        0x2 
 .rodata.Adv_Request.str1.4
                0x0000000008008964      0x11e build/app_ble.o
 *fill*         0x0000000008008a82        0x2 
 .rodata.SVCCTL_App_Notification.str1.4
                0x0000000008008a84      0x3d4 build/app_ble.o
 .rodata.BLE_CFG_ER_VALUE
                0x0000000008008e58       0x10 build/app_ble.o
 .rodata.BLE_CFG_IR_VALUE
                0x0000000008008e68       0x10 build/app_ble.o
 .rodata.M_bd_addr
                0x0000000008008e78        0x6 build/app_ble.o
 *fill*         0x0000000008008e7e        0x2 
 .rodata.__FUNCTION__.18724
                0x0000000008008e80       0x18 build/app_ble.o
 .rodata.__FUNCTION__.18775
                0x0000000008008e98       0x16 build/app_ble.o
 *fill*         0x0000000008008eae        0x2 
 .rodata.__FUNCTION__.18782
                0x0000000008008eb0        0xc build/app_ble.o
 .rodata.__FUNCTION__.18795
                0x0000000008008ebc        0xb build/app_ble.o
 *fill*         0x0000000008008ec7        0x1 
 .rodata.__FUNCTION__.18809
                0x0000000008008ec8       0x1a build/app_ble.o
 *fill*         0x0000000008008ee2        0x2 
 .rodata.local_name
                0x0000000008008ee4        0xa build/app_ble.o
 *fill*         0x0000000008008eee        0x2 
 .rodata.P2P_Send_Data.str1.4
                0x0000000008008ef0       0xb9 build/p2p_server_app.o
                                         0xcd (size before relaxing)
 *fill*         0x0000000008008fa9        0x3 
 .rodata.P2PS_Send_Notification.str1.4
                0x0000000008008fac       0x8b build/p2p_server_app.o
 *fill*         0x0000000008009037        0x1 
 .rodata.P2PS_STM_App_Notification.str1.4
                0x0000000008009038      0x109 build/p2p_server_app.o
 *fill*         0x0000000008009141        0x3 
 .rodata.__FUNCTION__.17940
                0x0000000008009144       0x1a build/p2p_server_app.o
 *fill*         0x000000000800915e        0x2 
 .rodata.__FUNCTION__.17965
                0x0000000008009160       0x17 build/p2p_server_app.o
 *fill*         0x0000000008009177        0x1 
 .rodata.__FUNCTION__.17972
                0x0000000008009178        0xe build/p2p_server_app.o
 *fill*         0x0000000008009186        0x2 
 .rodata.BUTTON_IRQn
                0x0000000008009188        0x3 build/stm32wbxx_nucleo.o
                0x0000000008009188                BUTTON_IRQn
 *fill*         0x000000000800918b        0x1 
 .rodata.BUTTON_PIN
                0x000000000800918c        0x6 build/stm32wbxx_nucleo.o
                0x000000000800918c                BUTTON_PIN
 *fill*         0x0000000008009192        0x2 
 .rodata.GPIO_PIN
                0x0000000008009194        0x6 build/stm32wbxx_nucleo.o
                0x0000000008009194                GPIO_PIN
 *fill*         0x000000000800919a        0x2 
 .rodata.UARTPrescTable
                0x000000000800919c       0x18 build/stm32wbxx_hal_uart.o
                0x000000000800919c                UARTPrescTable
 .rodata.denominator.11131
                0x00000000080091b4        0x8 build/stm32wbxx_hal_uart_ex.o
 .rodata.numerator.11130
                0x00000000080091bc        0x8 build/stm32wbxx_hal_uart_ex.o
 .rodata.AHBPrescTable
                0x00000000080091c4       0x40 build/system_stm32wbxx.o
                0x00000000080091c4                AHBPrescTable
 .rodata.APBPrescTable
                0x0000000008009204       0x20 build/system_stm32wbxx.o
                0x0000000008009204                APBPrescTable
 .rodata.MSIRangeTable
                0x0000000008009224       0x40 build/system_stm32wbxx.o
                0x0000000008009224                MSIRangeTable
 .rodata.PeerToPeer_Event_Handler.str1.4
                0x0000000008009264       0xea build/p2p_stm.o
                                         0xfe (size before relaxing)
 *fill*         0x000000000800934e        0x2 
 .rodata.P2PS_STM_Init.str1.4
                0x0000000008009350       0x33 build/p2p_stm.o
 *fill*         0x0000000008009383        0x1 
 .rodata.P2PS_STM_App_Update_Char.str1.4
                0x0000000008009384        0xc build/p2p_stm.o
 .rodata.__FUNCTION__.17849
                0x0000000008009390       0x19 build/p2p_stm.o
 *fill*         0x00000000080093a9        0x3 
 .rodata.__FUNCTION__.17858
                0x00000000080093ac        0xe build/p2p_stm.o
 *fill*         0x00000000080093ba        0x2 
 .rodata.__FUNCTION__.17863
                0x00000000080093bc       0x19 build/p2p_stm.o
 *fill*         0x00000000080093d5        0x3 
 .rodata.SEQ_clz_table_4bit
                0x00000000080093d8       0x10 build/stm32_seq.o
 .rodata._global_impure_ptr
                0x00000000080093e8        0x4 /usr/local/Cellar/arm-none-eabi-gcc/9-2019-q4-major/gcc/bin/../lib/gcc/arm-none-eabi/9.2.1/../../../../arm-none-eabi/lib/thumb/v7e-m+fp/hard/libc_nano.a(lib_a-impure.o)
                0x00000000080093e8                _global_impure_ptr
 .rodata.__sf_fake_stderr
                0x00000000080093ec       0x20 /usr/local/Cellar/arm-none-eabi-gcc/9-2019-q4-major/gcc/bin/../lib/gcc/arm-none-eabi/9.2.1/../../../../arm-none-eabi/lib/thumb/v7e-m+fp/hard/libc_nano.a(lib_a-findfp.o)
                0x00000000080093ec                __sf_fake_stderr
 .rodata.__sf_fake_stdin
                0x000000000800940c       0x20 /usr/local/Cellar/arm-none-eabi-gcc/9-2019-q4-major/gcc/bin/../lib/gcc/arm-none-eabi/9.2.1/../../../../arm-none-eabi/lib/thumb/v7e-m+fp/hard/libc_nano.a(lib_a-findfp.o)
                0x000000000800940c                __sf_fake_stdin
 .rodata.__sf_fake_stdout
                0x000000000800942c       0x20 /usr/local/Cellar/arm-none-eabi-gcc/9-2019-q4-major/gcc/bin/../lib/gcc/arm-none-eabi/9.2.1/../../../../arm-none-eabi/lib/thumb/v7e-m+fp/hard/libc_nano.a(lib_a-findfp.o)
                0x000000000800942c                __sf_fake_stdout
 .rodata._vfprintf_r.str1.1
                0x000000000800944c       0x11 /usr/local/Cellar/arm-none-eabi-gcc/9-2019-q4-major/gcc/bin/../lib/gcc/arm-none-eabi/9.2.1/../../../../arm-none-eabi/lib/thumb/v7e-m+fp/hard/libc_nano.a(lib_a-nano-vfprintf.o)
 .rodata._printf_i.str1.1
                0x000000000800945d       0x22 /usr/local/Cellar/arm-none-eabi-gcc/9-2019-q4-major/gcc/bin/../lib/gcc/arm-none-eabi/9.2.1/../../../../arm-none-eabi/lib/thumb/v7e-m+fp/hard/libc_nano.a(lib_a-nano-vfprintf_i.o)
                0x0000000008009480                . = ALIGN (0x4)
 *fill*         0x000000000800947f        0x1 

.ARM.extab
 *(.ARM.extab* .gnu.linkonce.armextab.*)

.ARM            0x0000000008009480        0x8
                0x0000000008009480                __exidx_start = .
 *(.ARM.exidx*)
 .ARM.exidx     0x0000000008009480        0x8 /usr/local/Cellar/arm-none-eabi-gcc/9-2019-q4-major/gcc/bin/../lib/gcc/arm-none-eabi/9.2.1/thumb/v7e-m+fp/hard/libgcc.a(_udivmoddi4.o)
                0x0000000008009488                __exidx_end = .

.rel.dyn        0x0000000008009488        0x0
 .rel.iplt      0x0000000008009488        0x0 /usr/local/Cellar/arm-none-eabi-gcc/9-2019-q4-major/gcc/bin/../lib/gcc/arm-none-eabi/9.2.1/thumb/v7e-m+fp/hard/crtbegin.o

.preinit_array  0x0000000008009488        0x0
                0x0000000008009488                PROVIDE (__preinit_array_start = .)
 *(.preinit_array*)
                0x0000000008009488                PROVIDE (__preinit_array_end = .)

.init_array     0x0000000008009488        0x4
                0x0000000008009488                PROVIDE (__init_array_start = .)
 *(SORT_BY_NAME(.init_array.*))
 *(.init_array*)
 .init_array    0x0000000008009488        0x4 /usr/local/Cellar/arm-none-eabi-gcc/9-2019-q4-major/gcc/bin/../lib/gcc/arm-none-eabi/9.2.1/thumb/v7e-m+fp/hard/crtbegin.o
                0x000000000800948c                PROVIDE (__init_array_end = .)

.fini_array     0x000000000800948c        0x4
                [!provide]                        PROVIDE (__fini_array_start = .)
 *(SORT_BY_NAME(.fini_array.*))
 *(.fini_array*)
 .fini_array    0x000000000800948c        0x4 /usr/local/Cellar/arm-none-eabi-gcc/9-2019-q4-major/gcc/bin/../lib/gcc/arm-none-eabi/9.2.1/thumb/v7e-m+fp/hard/crtbegin.o
                [!provide]                        PROVIDE (__fini_array_end = .)
                0x0000000008009490                _sidata = LOADADDR (.data)

.data           0x0000000020000008       0xac load address 0x0000000008009490
                0x0000000020000008                . = ALIGN (0x4)
                0x0000000020000008                _sdata = .
 *(.data)
 *(.data*)
 .data.manuf_data
                0x0000000020000008        0xe build/app_ble.o
                0x0000000020000008                manuf_data
 *fill*         0x0000000020000016        0x2 
 .data.tab_conn_interval
                0x0000000020000018        0x8 build/app_ble.o
                0x0000000020000018                tab_conn_interval
 .data.BUTTON_PORT
                0x0000000020000020        0xc build/stm32wbxx_nucleo.o
                0x0000000020000020                BUTTON_PORT
 .data.GPIO_PORT
                0x000000002000002c        0xc build/stm32wbxx_nucleo.o
                0x000000002000002c                GPIO_PORT
 .data.uwTickFreq
                0x0000000020000038        0x1 build/stm32wbxx_hal.o
                0x0000000020000038                uwTickFreq
 *fill*         0x0000000020000039        0x3 
 .data.uwTickPrio
                0x000000002000003c        0x4 build/stm32wbxx_hal.o
                0x000000002000003c                uwTickPrio
 .data.SystemCoreClock
                0x0000000020000040        0x4 build/system_stm32wbxx.o
                0x0000000020000040                SystemCoreClock
 .data.DbgTracePeripheralReady
                0x0000000020000044        0x1 build/dbg_trace.o
                0x0000000020000044                DbgTracePeripheralReady
 *fill*         0x0000000020000045        0x3 
 .data.SuperMask
                0x0000000020000048        0x4 build/stm32_seq.o
 .data.TaskMask
                0x000000002000004c        0x4 build/stm32_seq.o
 .data._impure_ptr
                0x0000000020000050        0x4 /usr/local/Cellar/arm-none-eabi-gcc/9-2019-q4-major/gcc/bin/../lib/gcc/arm-none-eabi/9.2.1/../../../../arm-none-eabi/lib/thumb/v7e-m+fp/hard/libc_nano.a(lib_a-impure.o)
                0x0000000020000050                _impure_ptr
 .data.impure_data
                0x0000000020000054       0x60 /usr/local/Cellar/arm-none-eabi-gcc/9-2019-q4-major/gcc/bin/../lib/gcc/arm-none-eabi/9.2.1/../../../../arm-none-eabi/lib/thumb/v7e-m+fp/hard/libc_nano.a(lib_a-impure.o)
                0x00000000200000b4                . = ALIGN (0x4)
                0x00000000200000b4                _edata = .

.igot.plt       0x00000000200000b4        0x0 load address 0x000000000800953c
 .igot.plt      0x00000000200000b4        0x0 /usr/local/Cellar/arm-none-eabi-gcc/9-2019-q4-major/gcc/bin/../lib/gcc/arm-none-eabi/9.2.1/thumb/v7e-m+fp/hard/crtbegin.o

TIMERSERVER_CONTEXT
                0x00000000200000b4       0x99 load address 0x000000000800953c
 TIMERSERVER_CONTEXT
                0x00000000200000b4       0x99 build/hw_timerserver.o

BLE_APP_CONTEXT
                0x0000000020000150       0x98 load address 0x00000000080095d5
 BLE_APP_CONTEXT
                0x0000000020000150       0x88 build/app_ble.o
 BLE_APP_CONTEXT
                0x00000000200001d8       0x10 build/p2p_server_app.o

BLE_DRIVER_CONTEXT
                0x00000000200001e8       0x21 load address 0x000000000800966d
 BLE_DRIVER_CONTEXT
                0x00000000200001e8        0x8 build/p2p_stm.o
 BLE_DRIVER_CONTEXT
                0x00000000200001f0        0xe build/hci_tl.o
                0x00000000200001fc                UserEventFlow
 *fill*         0x00000000200001fe        0x2 
 BLE_DRIVER_CONTEXT
                0x0000000020000200        0x9 build/svc_ctl.o
                0x0000000020000200                SVCCTL_EvtHandler
                0x0000000020000208                SVCCTL_CltHandler

SYSTEM_DRIVER_CONTEXT
                0x000000002000020c       0x11 load address 0x000000000800968e
 SYSTEM_DRIVER_CONTEXT
                0x000000002000020c       0x11 build/shci_tl.o
                0x000000002000021c                SHCI_TL_UserEventFlow
                0x0000000020000220                . = ALIGN (0x4)

.bss            0x0000000020000220     0x13f0 load address 0x000000000800969f
                0x0000000020000220                _sbss = .
                0x0000000020000220                __bss_start__ = _sbss
 *(.bss)
 .bss           0x0000000020000220       0x1c /usr/local/Cellar/arm-none-eabi-gcc/9-2019-q4-major/gcc/bin/../lib/gcc/arm-none-eabi/9.2.1/thumb/v7e-m+fp/hard/crtbegin.o
 *(.bss*)
 .bss.AsynchPrescalerUserConfig
                0x000000002000023c        0x1 build/hw_timerserver.o
 *fill*         0x000000002000023d        0x1 
 .bss.MaxWakeupTimerSetup
                0x000000002000023e        0x2 build/hw_timerserver.o
 .bss.SynchPrescalerUserConfig
                0x0000000020000240        0x2 build/hw_timerserver.o
 .bss.WakeupTimerDivider
                0x0000000020000242        0x1 build/hw_timerserver.o
 *fill*         0x0000000020000243        0x1 
 .bss.phrtc     0x0000000020000244        0x4 build/hw_timerserver.o
 .bss.FreeBufCb
                0x0000000020000248        0x4 build/hw_ipcc.o
 .bss.bd_addr_udn
                0x000000002000024c        0x6 build/app_ble.o
 *fill*         0x0000000020000252        0x2 
 .bss.BLE_IoBusAclDataTxAck
                0x0000000020000254        0x4 build/tl_mbox.o
 .bss.BLE_IoBusEvtCallBackFunction
                0x0000000020000258        0x4 build/tl_mbox.o
 .bss.LocalFreeBufQueue
                0x000000002000025c        0x8 build/tl_mbox.o
 .bss.SYS_CMD_IoBusCallBackFunction
                0x0000000020000264        0x4 build/tl_mbox.o
 .bss.SYS_EVT_IoBusCallBackFunction
                0x0000000020000268        0x4 build/tl_mbox.o
 .bss.MsgDbgTraceQueue
                0x000000002000026c       0x20 build/dbg_trace.o
 .bss.MsgDbgTraceQueueBuff
                0x000000002000028c     0x1000 build/dbg_trace.o
 .bss.HciCmdEventQueue
                0x000000002000128c        0x8 build/hci_tl.o
 .bss.StatusNotCallBackFunction
                0x0000000020001294        0x4 build/hci_tl.o
 .bss.hciContext
                0x0000000020001298       0x20 build/hci_tl.o
 .bss.StatusNotCallBackFunction
                0x00000000200012b8        0x4 build/shci_tl.o
 .bss.shciContext
                0x00000000200012bc       0x20 build/shci_tl.o
 .bss.OffModeDisable
                0x00000000200012dc        0x4 build/stm32_lpm.o
 .bss.StopModeDisable
                0x00000000200012e0        0x4 build/stm32_lpm.o
 .bss.CurrentTaskIdx
                0x00000000200012e4        0x4 build/stm32_seq.o
 .bss.EvtSet    0x00000000200012e8        0x4 build/stm32_seq.o
 .bss.EvtWaited
                0x00000000200012ec        0x4 build/stm32_seq.o
 .bss.TaskCb    0x00000000200012f0       0x80 build/stm32_seq.o
 .bss.TaskPrio  0x0000000020001370       0x10 build/stm32_seq.o
 .bss.TaskSet   0x0000000020001380        0x4 build/stm32_seq.o
 .bss.__malloc_free_list
                0x0000000020001384        0x4 /usr/local/Cellar/arm-none-eabi-gcc/9-2019-q4-major/gcc/bin/../lib/gcc/arm-none-eabi/9.2.1/../../../../arm-none-eabi/lib/thumb/v7e-m+fp/hard/libc_nano.a(lib_a-nano-mallocr.o)
                0x0000000020001384                __malloc_free_list
 .bss.__malloc_sbrk_start
                0x0000000020001388        0x4 /usr/local/Cellar/arm-none-eabi-gcc/9-2019-q4-major/gcc/bin/../lib/gcc/arm-none-eabi/9.2.1/../../../../arm-none-eabi/lib/thumb/v7e-m+fp/hard/libc_nano.a(lib_a-nano-mallocr.o)
                0x0000000020001388                __malloc_sbrk_start
 .bss.heap_end.5507
                0x000000002000138c        0x4 /usr/local/Cellar/arm-none-eabi-gcc/9-2019-q4-major/gcc/bin/../lib/gcc/arm-none-eabi/9.2.1/../../../../arm-none-eabi/lib/thumb/v7e-m+fp/hard/libnosys.a(sbrk.o)
 *(COMMON)
 COMMON         0x0000000020001390      0x254 build/main.o
                0x0000000020001390                hipcc
                0x00000000200013cc                hlpuart1
                0x000000002000145c                hdma_usart1_tx
                0x00000000200014bc                huart1
                0x000000002000154c                hrtc
                0x0000000020001570                hdma_lpuart1_tx
                0x00000000200015d0                hrng
 COMMON         0x00000000200015e4       0x10 build/hw_uart.o
                0x00000000200015e4                HW_hlpuart1TxCb
                0x00000000200015e8                HW_huart1RxCb
                0x00000000200015ec                HW_hlpuart1RxCb
                0x00000000200015f0                HW_huart1TxCb
 COMMON         0x00000000200015f4        0x6 build/app_ble.o
                0x00000000200015f4                handleNotification
                0x00000000200015f8                mutex
                0x00000000200015f9                index_con_int
 *fill*         0x00000000200015fa        0x2 
 COMMON         0x00000000200015fc        0x4 build/stm32wbxx_hal.o
                0x00000000200015fc                uwTick
 COMMON         0x0000000020001600        0x9 /usr/local/Cellar/arm-none-eabi-gcc/9-2019-q4-major/gcc/bin/../lib/gcc/arm-none-eabi/9.2.1/../../../../arm-none-eabi/lib/thumb/v7e-m+fp/hard/libc_nano.a(lib_a-lock.o)
                0x0000000020001600                __lock___atexit_recursive_mutex
                0x0000000020001601                __lock___arc4random_mutex
                0x0000000020001602                __lock___env_recursive_mutex
                0x0000000020001603                __lock___sinit_recursive_mutex
                0x0000000020001604                __lock___malloc_recursive_mutex
                0x0000000020001605                __lock___at_quick_exit_mutex
                0x0000000020001606                __lock___dd_hash_mutex
                0x0000000020001607                __lock___tz_mutex
                0x0000000020001608                __lock___sfp_recursive_mutex
 *fill*         0x0000000020001609        0x3 
 COMMON         0x000000002000160c        0x4 /usr/local/Cellar/arm-none-eabi-gcc/9-2019-q4-major/gcc/bin/../lib/gcc/arm-none-eabi/9.2.1/../../../../arm-none-eabi/lib/thumb/v7e-m+fp/hard/libc_nano.a(lib_a-reent.o)
                0x000000002000160c                errno
                0x0000000020001610                . = ALIGN (0x4)
                0x0000000020001610                _ebss = .
                0x0000000020001610                __bss_end__ = _ebss

._user_heap_stack
                0x0000000020001610     0x1400 load address 0x000000000800969f
                0x0000000020001610                . = ALIGN (0x8)
                0x0000000020001610                PROVIDE (end = .)
                [!provide]                        PROVIDE (_end = .)
                0x0000000020001a10                . = (. + _Min_Heap_Size)
 *fill*         0x0000000020001610      0x400 
                0x0000000020002a10                . = (. + _Min_Stack_Size)
 *fill*         0x0000000020001a10     0x1000 
                0x0000000020002a10                . = ALIGN (0x8)

/DISCARD/
 libc.a(*)
 libm.a(*)
 libgcc.a(*)

.ARM.attributes
                0x0000000000000000       0x30
 *(.ARM.attributes)
 .ARM.attributes
                0x0000000000000000       0x1e /usr/local/Cellar/arm-none-eabi-gcc/9-2019-q4-major/gcc/bin/../lib/gcc/arm-none-eabi/9.2.1/thumb/v7e-m+fp/hard/crti.o
 .ARM.attributes
                0x000000000000001e       0x34 /usr/local/Cellar/arm-none-eabi-gcc/9-2019-q4-major/gcc/bin/../lib/gcc/arm-none-eabi/9.2.1/thumb/v7e-m+fp/hard/crtbegin.o
 .ARM.attributes
                0x0000000000000052       0x34 build/app_entry.o
 .ARM.attributes