Archive member included to satisfy reference by file (symbol)

/usr/local/Cellar/arm-none-eabi-gcc/9-2019-q4-major/gcc/bin/../lib/gcc/arm-none-eabi/9.2.1/../../../../arm-none-eabi/lib/thumb/v7e-m+fp/hard/libc_nano.a(lib_a-exit.o)
                              /usr/local/Cellar/arm-none-eabi-gcc/9-2019-q4-major/gcc/bin/../lib/gcc/arm-none-eabi/9.2.1/../../../../arm-none-eabi/lib/thumb/v7e-m+fp/hard/crt0.o (exit)
/usr/local/Cellar/arm-none-eabi-gcc/9-2019-q4-major/gcc/bin/../lib/gcc/arm-none-eabi/9.2.1/../../../../arm-none-eabi/lib/thumb/v7e-m+fp/hard/libc_nano.a(lib_a-impure.o)
                              /usr/local/Cellar/arm-none-eabi-gcc/9-2019-q4-major/gcc/bin/../lib/gcc/arm-none-eabi/9.2.1/../../../../arm-none-eabi/lib/thumb/v7e-m+fp/hard/libc_nano.a(lib_a-exit.o) (_global_impure_ptr)
/usr/local/Cellar/arm-none-eabi-gcc/9-2019-q4-major/gcc/bin/../lib/gcc/arm-none-eabi/9.2.1/../../../../arm-none-eabi/lib/thumb/v7e-m+fp/hard/libc_nano.a(lib_a-init.o)
                              /usr/local/Cellar/arm-none-eabi-gcc/9-2019-q4-major/gcc/bin/../lib/gcc/arm-none-eabi/9.2.1/../../../../arm-none-eabi/lib/thumb/v7e-m+fp/hard/crt0.o (__libc_init_array)
/usr/local/Cellar/arm-none-eabi-gcc/9-2019-q4-major/gcc/bin/../lib/gcc/arm-none-eabi/9.2.1/../../../../arm-none-eabi/lib/thumb/v7e-m+fp/hard/libc_nano.a(lib_a-memcmp.o)
                              build/osal.o (memcmp)
/usr/local/Cellar/arm-none-eabi-gcc/9-2019-q4-major/gcc/bin/../lib/gcc/arm-none-eabi/9.2.1/../../../../arm-none-eabi/lib/thumb/v7e-m+fp/hard/libc_nano.a(lib_a-memcpy-stub.o)
                              build/stm_queue.o (memcpy)
/usr/local/Cellar/arm-none-eabi-gcc/9-2019-q4-major/gcc/bin/../lib/gcc/arm-none-eabi/9.2.1/../../../../arm-none-eabi/lib/thumb/v7e-m+fp/hard/libc_nano.a(lib_a-memset.o)
                              /usr/local/Cellar/arm-none-eabi-gcc/9-2019-q4-major/gcc/bin/../lib/gcc/arm-none-eabi/9.2.1/../../../../arm-none-eabi/lib/thumb/v7e-m+fp/hard/crt0.o (memset)
/usr/local/Cellar/arm-none-eabi-gcc/9-2019-q4-major/gcc/bin/../lib/gcc/arm-none-eabi/9.2.1/../../../../arm-none-eabi/lib/thumb/v7e-m+fp/hard/libc_nano.a(lib_a-printf.o)
                              build/app_entry.o (printf)
/usr/local/Cellar/arm-none-eabi-gcc/9-2019-q4-major/gcc/bin/../lib/gcc/arm-none-eabi/9.2.1/../../../../arm-none-eabi/lib/thumb/v7e-m+fp/hard/libc_nano.a(lib_a-puts.o)
                              build/app_entry.o (puts)
/usr/local/Cellar/arm-none-eabi-gcc/9-2019-q4-major/gcc/bin/../lib/gcc/arm-none-eabi/9.2.1/../../../../arm-none-eabi/lib/thumb/v7e-m+fp/hard/libc_nano.a(lib_a-strrchr.o)
                              build/dbg_trace.o (strrchr)
/usr/local/Cellar/arm-none-eabi-gcc/9-2019-q4-major/gcc/bin/../lib/gcc/arm-none-eabi/9.2.1/../../../../arm-none-eabi/lib/thumb/v7e-m+fp/hard/libc_nano.a(lib_a-vprintf.o)
                              build/dbg_trace.o (vprintf)
/usr/local/Cellar/arm-none-eabi-gcc/9-2019-q4-major/gcc/bin/../lib/gcc/arm-none-eabi/9.2.1/../../../../arm-none-eabi/lib/thumb/v7e-m+fp/hard/libc_nano.a(lib_a-wbuf.o)
                              /usr/local/Cellar/arm-none-eabi-gcc/9-2019-q4-major/gcc/bin/../lib/gcc/arm-none-eabi/9.2.1/../../../../arm-none-eabi/lib/thumb/v7e-m+fp/hard/libc_nano.a(lib_a-puts.o) (__swbuf_r)
/usr/local/Cellar/arm-none-eabi-gcc/9-2019-q4-major/gcc/bin/../lib/gcc/arm-none-eabi/9.2.1/../../../../arm-none-eabi/lib/thumb/v7e-m+fp/hard/libc_nano.a(lib_a-wsetup.o)
                              /usr/local/Cellar/arm-none-eabi-gcc/9-2019-q4-major/gcc/bin/../lib/gcc/arm-none-eabi/9.2.1/../../../../arm-none-eabi/lib/thumb/v7e-m+fp/hard/libc_nano.a(lib_a-puts.o) (__swsetup_r)
/usr/local/Cellar/arm-none-eabi-gcc/9-2019-q4-major/gcc/bin/../lib/gcc/arm-none-eabi/9.2.1/../../../../arm-none-eabi/lib/thumb/v7e-m+fp/hard/libc_nano.a(lib_a-fflush.o)
                              /usr/local/Cellar/arm-none-eabi-gcc/9-2019-q4-major/gcc/bin/../lib/gcc/arm-none-eabi/9.2.1/../../../../arm-none-eabi/lib/thumb/v7e-m+fp/hard/libc_nano.a(lib_a-wbuf.o) (_fflush_r)
/usr/local/Cellar/arm-none-eabi-gcc/9-2019-q4-major/gcc/bin/../lib/gcc/arm-none-eabi/9.2.1/../../../../arm-none-eabi/lib/thumb/v7e-m+fp/hard/libc_nano.a(lib_a-findfp.o)
                              /usr/local/Cellar/arm-none-eabi-gcc/9-2019-q4-major/gcc/bin/../lib/gcc/arm-none-eabi/9.2.1/../../../../arm-none-eabi/lib/thumb/v7e-m+fp/hard/libc_nano.a(lib_a-printf.o) (__sinit)
/usr/local/Cellar/arm-none-eabi-gcc/9-2019-q4-major/gcc/bin/../lib/gcc/arm-none-eabi/9.2.1/../../../../arm-none-eabi/lib/thumb/v7e-m+fp/hard/libc_nano.a(lib_a-fwalk.o)
                              /usr/local/Cellar/arm-none-eabi-gcc/9-2019-q4-major/gcc/bin/../lib/gcc/arm-none-eabi/9.2.1/../../../../arm-none-eabi/lib/thumb/v7e-m+fp/hard/libc_nano.a(lib_a-findfp.o) (_fwalk)
/usr/local/Cellar/arm-none-eabi-gcc/9-2019-q4-major/gcc/bin/../lib/gcc/arm-none-eabi/9.2.1/../../../../arm-none-eabi/lib/thumb/v7e-m+fp/hard/libc_nano.a(lib_a-lock.o)
[...]
Memory Configuration

Name             Origin             Length             Attributes
FLASH            0x0000000008000000 0x0000000000080000 xr
RAM1             0x0000000020000008 0x000000000002fff8 xrw
RAM_SHARED       0x0000000020030000 0x0000000000002800 xrw
*default*        0x0000000000000000 0xffffffffffffffff

Linker script and memory map

LOAD /usr/local/Cellar/arm-none-eabi-gcc/9-2019-q4-major/gcc/bin/../lib/gcc/arm-none-eabi/9.2.1/thumb/v7e-m+fp/hard/crti.o
LOAD /usr/local/Cellar/arm-none-eabi-gcc/9-2019-q4-major/gcc/bin/../lib/gcc/arm-none-eabi/9.2.1/thumb/v7e-m+fp/hard/crtbegin.o
LOAD /usr/local/Cellar/arm-none-eabi-gcc/9-2019-q4-major/gcc/bin/../lib/gcc/arm-none-eabi/9.2.1/../../../../arm-none-eabi/lib/thumb/v7e-m+fp/hard/crt0.o
LOAD build/main.o
LOAD build/app_entry.o
LOAD build/app_debug.o
LOAD build/hw_timerserver.o
LOAD build/hw_uart.o
LOAD build/stm32_lpm_if.o
LOAD build/stm32wbxx_it.o
LOAD build/stm32wbxx_hal_msp.o
LOAD build/hw_ipcc.o
LOAD build/app_ble.o
LOAD build/custom_stm.o
LOAD build/custom_app.o
LOAD build/stm32wbxx_hal_hsem.o
LOAD build/stm32wbxx_hal_rcc.o
LOAD build/stm32wbxx_hal_rcc_ex.o
LOAD build/stm32wbxx_hal_flash.o
LOAD build/stm32wbxx_hal_flash_ex.o
LOAD build/stm32wbxx_hal_gpio.o
LOAD build/stm32wbxx_hal_dma.o
LOAD build/stm32wbxx_hal_dma_ex.o
LOAD build/stm32wbxx_hal_pwr.o
LOAD build/stm32wbxx_hal_pwr_ex.o
LOAD build/stm32wbxx_hal_cortex.o
LOAD build/stm32wbxx_hal.o
LOAD build/stm32wbxx_hal_exti.o
LOAD build/stm32wbxx_hal_ipcc.o
LOAD build/stm32wbxx_hal_uart.o
LOAD build/stm32wbxx_hal_uart_ex.o
LOAD build/stm32wbxx_hal_rng.o
LOAD build/stm32wbxx_hal_rtc.o
LOAD build/stm32wbxx_hal_rtc_ex.o
LOAD build/stm32wbxx_hal_tim.o
LOAD build/stm32wbxx_hal_tim_ex.o
LOAD build/system_stm32wbxx.o
LOAD build/tl_mbox.o
LOAD build/shci.o
LOAD build/dbg_trace.o
LOAD build/otp.o
LOAD build/stm_list.o
LOAD build/stm_queue.o
LOAD build/osal.o
LOAD build/ble_gap_aci.o
LOAD build/ble_gatt_aci.o
LOAD build/ble_hal_aci.o
LOAD build/ble_hci_le.o
LOAD build/ble_l2cap_aci.o
LOAD build/hci_tl.o
LOAD build/hci_tl_if.o
LOAD build/shci_tl.o
LOAD build/shci_tl_if.o
LOAD build/svc_ctl.o
LOAD build/stm32_lpm.o
LOAD build/stm32_seq.o
LOAD build/startup_stm32wb55xx_cm4.o
LOAD /usr/local/Cellar/arm-none-eabi-gcc/9-2019-q4-major/gcc/bin/../lib/gcc/arm-none-eabi/9.2.1/../../../../arm-none-eabi/lib/thumb/v7e-m+fp/hard/libc_nano.a
LOAD /usr/local/Cellar/arm-none-eabi-gcc/9-2019-q4-major/gcc/bin/../lib/gcc/arm-none-eabi/9.2.1/../../../../arm-none-eabi/lib/thumb/v7e-m+fp/hard/libm.a
LOAD /usr/local/Cellar/arm-none-eabi-gcc/9-2019-q4-major/gcc/bin/../lib/gcc/arm-none-eabi/9.2.1/../../../../arm-none-eabi/lib/thumb/v7e-m+fp/hard/libnosys.a
START GROUP
LOAD /usr/local/Cellar/arm-none-eabi-gcc/9-2019-q4-major/gcc/bin/../lib/gcc/arm-none-eabi/9.2.1/thumb/v7e-m+fp/hard/libgcc.a
LOAD /usr/local/Cellar/arm-none-eabi-gcc/9-2019-q4-major/gcc/bin/../lib/gcc/arm-none-eabi/9.2.1/../../../../arm-none-eabi/lib/thumb/v7e-m+fp/hard/libc_nano.a
END GROUP
START GROUP
LOAD /usr/local/Cellar/arm-none-eabi-gcc/9-2019-q4-major/gcc/bin/../lib/gcc/arm-none-eabi/9.2.1/thumb/v7e-m+fp/hard/libgcc.a
LOAD /usr/local/Cellar/arm-none-eabi-gcc/9-2019-q4-major/gcc/bin/../lib/gcc/arm-none-eabi/9.2.1/../../../../arm-none-eabi/lib/thumb/v7e-m+fp/hard/libc_nano.a
END GROUP
LOAD /usr/local/Cellar/arm-none-eabi-gcc/9-2019-q4-major/gcc/bin/../lib/gcc/arm-none-eabi/9.2.1/thumb/v7e-m+fp/hard/crtend.o
LOAD /usr/local/Cellar/arm-none-eabi-gcc/9-2019-q4-major/gcc/bin/../lib/gcc/arm-none-eabi/9.2.1/thumb/v7e-m+fp/hard/crtn.o
                0x0000000020030000                _estack = 0x20030000
                0x0000000000000200                _Min_Heap_Size = 0x200
                0x0000000000001000                _Min_Stack_Size = 0x1000

.isr_vector     0x0000000008000000      0x13c
                0x0000000008000000                . = ALIGN (0x4)
 *(.isr_vector)
 .isr_vector    0x0000000008000000      0x13c build/startup_stm32wb55xx_cm4.o
                0x0000000008000000                g_pfnVectors
                0x000000000800013c                . = ALIGN (0x4)

.text           0x0000000008000140     0x7298
                0x0000000008000140                . = ALIGN (0x4)
 *(.text)
 .text          0x0000000008000140       0x40 /usr/local/Cellar/arm-none-eabi-gcc/9-2019-q4-major/gcc/bin/../lib/gcc/arm-none-eabi/9.2.1/thumb/v7e-m+fp/hard/crtbegin.o
 .text          0x0000000008000180       0xa0 /usr/local/Cellar/arm-none-eabi-gcc/9-2019-q4-major/gcc/bin/../lib/gcc/arm-none-eabi/9.2.1/../../../../arm-none-eabi/lib/thumb/v7e-m+fp/hard/libc_nano.a(lib_a-memchr.o)
                0x0000000008000180                memchr
 .text          0x0000000008000220       0x30 /usr/local/Cellar/arm-none-eabi-gcc/9-2019-q4-major/gcc/bin/../lib/gcc/arm-none-eabi/9.2.1/thumb/v7e-m+fp/hard/libgcc.a(_aeabi_uldivmod.o)
                0x0000000008000220                __aeabi_uldivmod
 .text          0x0000000008000250      0x2c4 /usr/local/Cellar/arm-none-eabi-gcc/9-2019-q4-major/gcc/bin/../lib/gcc/arm-none-eabi/9.2.1/thumb/v7e-m+fp/hard/libgcc.a(_udivmoddi4.o)
                0x0000000008000250                __udivmoddi4
 .text          0x0000000008000514        0x4 /usr/local/Cellar/arm-none-eabi-gcc/9-2019-q4-major/gcc/bin/../lib/gcc/arm-none-eabi/9.2.1/thumb/v7e-m+fp/hard/libgcc.a(_dvmd_tls.o)
                0x0000000008000514                __aeabi_ldiv0
                0x0000000008000514                __aeabi_idiv0
 *(.text*)
 .text.MX_GPIO_Init
                0x0000000008000518       0x40 build/main.o
 .text.MX_DMA_Init
                0x0000000008000558       0x64 build/main.o
 .text.Error_Handler
                0x00000000080005bc        0x4 build/main.o
                0x00000000080005bc                Error_Handler
 .text.MX_IPCC_Init
                0x00000000080005c0       0x1c build/main.o
 .text.MX_RTC_Init
                0x00000000080005dc       0x44 build/main.o
 .text.MX_RNG_Init
                0x0000000008000620       0x20 build/main.o
 .text.SystemClock_Config
                0x0000000008000640       0x9a build/main.o
                0x0000000008000640                SystemClock_Config
 .text.PeriphCommonClock_Config
                0x00000000080006da       0x34 build/main.o
                0x00000000080006da                PeriphCommonClock_Config
 .text.main     0x000000000800070e       0x30 build/main.o
                0x000000000800070e                main
 *fill*         0x000000000800073e        0x2 
 .text.MX_USART1_UART_Init
                0x0000000008000740       0x64 build/main.o
                0x0000000008000740                MX_USART1_UART_Init
 .text.Reset_IPCC
                0x00000000080007a4       0x48 build/app_entry.o
 .text.Init_Rtc
                0x00000000080007ec       0x1c build/app_entry.o
 .text.APPE_SysStatusNot
                0x0000000008000808        0x2 build/app_entry.o
 .text.Reset_BackupDomain
                0x000000000800080a       0x44 build/app_entry.o
 .text.Reset_Device
                0x000000000800084e        0xc build/app_entry.o
 *fill*         0x000000000800085a        0x2 
 .text.Config_HSE
                0x000000000800085c       0x2c build/app_entry.o
 .text.SystemPower_Config
                0x0000000008000888       0x2c build/app_entry.o
 .text.appe_Tl_Init
                0x00000000080008b4       0x58 build/app_entry.o
 .text.APPE_SysEvtError
                0x000000000800090c       0x74 build/app_entry.o
 .text.APPE_SysEvtReadyProcessing
                0x0000000008000980       0xe4 build/app_entry.o
 .text.APPE_SysUserEvtRx
                0x0000000008000a64      0x19c build/app_entry.o
 .text.MX_APPE_Config
                0x0000000008000c00       0x40 build/app_entry.o
                0x0000000008000c00                MX_APPE_Config
 .text.Init_Exti
                0x0000000008000c40       0x10 build/app_entry.o
                0x0000000008000c40                Init_Exti
 .text.System_Init
                0x0000000008000c50        0xc build/app_entry.o
 .text.MX_APPE_Init
                0x0000000008000c5c       0x20 build/app_entry.o
                0x0000000008000c5c                MX_APPE_Init
 .text.MX_APPE_Process
                0x0000000008000c7c        0xc build/app_entry.o
                0x0000000008000c7c                MX_APPE_Process
 .text.UTIL_SEQ_Idle
                0x0000000008000c88        0x2 build/app_entry.o
                0x0000000008000c88                UTIL_SEQ_Idle
 .text.UTIL_SEQ_EvtIdle
                0x0000000008000c8a        0xc build/app_entry.o
                0x0000000008000c8a                UTIL_SEQ_EvtIdle
 .text.shci_notify_asynch_evt
                0x0000000008000c96        0xc build/app_entry.o
                0x0000000008000c96                shci_notify_asynch_evt
 .text.shci_cmd_resp_release
                0x0000000008000ca2        0xa build/app_entry.o
                0x0000000008000ca2                shci_cmd_resp_release
 .text.shci_cmd_resp_wait
                0x0000000008000cac        0xa build/app_entry.o
                0x0000000008000cac                shci_cmd_resp_wait
 *fill*         0x0000000008000cb6        0x2 
 .text.APPD_SetCPU2GpioConfig
                0x0000000008000cb8      0x158 build/app_debug.o
 .text.APPD_Init
                0x0000000008000e10       0x28 build/app_debug.o
                0x0000000008000e10                APPD_Init
 .text.APPD_EnableCPU2
                0x0000000008000e38       0x2c build/app_debug.o
                0x0000000008000e38                APPD_EnableCPU2
 .text.DbgOutputInit
                0x0000000008000e64        0x8 build/app_debug.o
                0x0000000008000e64                DbgOutputInit
 .text.DbgOutputTraces
                0x0000000008000e6c       0x10 build/app_debug.o
                0x0000000008000e6c                DbgOutputTraces
 .text.ReadRtcSsrValue
                0x0000000008000e7c       0x20 build/hw_timerserver.o
 .text.LinkTimerAfter
                0x0000000008000e9c       0x44 build/hw_timerserver.o
 .text.LinkTimerBefore
                0x0000000008000ee0       0x68 build/hw_timerserver.o
 .text.UnlinkTimer
                0x0000000008000f48       0x98 build/hw_timerserver.o
 .text.ReturnTimeElapsed
                0x0000000008000fe0       0x5c build/hw_timerserver.o
 .text.linkTimer
                0x000000000800103c       0xd8 build/hw_timerserver.o
 .text.RestartWakeupCounter
                0x0000000008001114       0x90 build/hw_timerserver.o
 .text.RescheduleTimerList
                0x00000000080011a4       0xd4 build/hw_timerserver.o
 .text.HW_TS_Init
                0x0000000008001278      0x154 build/hw_timerserver.o
                0x0000000008001278                HW_TS_Init
 .text.HW_TS_Stop
                0x00000000080013cc       0xc8 build/hw_timerserver.o
                0x00000000080013cc                HW_TS_Stop
 .text.HW_TS_Start
                0x0000000008001494       0xa0 build/hw_timerserver.o
                0x0000000008001494                HW_TS_Start
 .text.HW_TS_RTC_Int_AppNot
                0x0000000008001534        0x6 build/hw_timerserver.o
                0x0000000008001534                HW_TS_RTC_Int_AppNot
 *fill*         0x000000000800153a        0x2 
 .text.HW_TS_RTC_Wakeup_Handler
                0x000000000800153c       0xf0 build/hw_timerserver.o
                0x000000000800153c                HW_TS_RTC_Wakeup_Handler
 .text.HW_UART_Transmit_DMA
                0x000000000800162c       0x54 build/hw_uart.o
                0x000000000800162c                HW_UART_Transmit_DMA
 .text.HAL_UART_TxCpltCallback
                0x0000000008001680       0x34 build/hw_uart.o
                0x0000000008001680                HAL_UART_TxCpltCallback
 .text.NMI_Handler
                0x00000000080016b4        0x2 build/stm32wbxx_it.o
                0x00000000080016b4                NMI_Handler
 .text.HardFault_Handler
                0x00000000080016b6        0x2 build/stm32wbxx_it.o
                0x00000000080016b6                HardFault_Handler
 .text.MemManage_Handler
                0x00000000080016b8        0x2 build/stm32wbxx_it.o
                0x00000000080016b8                MemManage_Handler
 .text.BusFault_Handler
                0x00000000080016ba        0x2 build/stm32wbxx_it.o
                0x00000000080016ba                BusFault_Handler
 .text.UsageFault_Handler
                0x00000000080016bc        0x2 build/stm32wbxx_it.o
                0x00000000080016bc                UsageFault_Handler
 .text.SVC_Handler
                0x00000000080016be        0x2 build/stm32wbxx_it.o
                0x00000000080016be                SVC_Handler
 .text.DebugMon_Handler
                0x00000000080016c0        0x2 build/stm32wbxx_it.o
                0x00000000080016c0                DebugMon_Handler
 .text.PendSV_Handler
                0x00000000080016c2        0x2 build/stm32wbxx_it.o
                0x00000000080016c2                PendSV_Handler
 .text.SysTick_Handler
                0x00000000080016c4        0x8 build/stm32wbxx_it.o
                0x00000000080016c4                SysTick_Handler
 .text.RTC_WKUP_IRQHandler
                0x00000000080016cc        0x8 build/stm32wbxx_it.o
                0x00000000080016cc                RTC_WKUP_IRQHandler
 .text.DMA1_Channel4_IRQHandler
                0x00000000080016d4       0x10 build/stm32wbxx_it.o
                0x00000000080016d4                DMA1_Channel4_IRQHandler
 .text.USART1_IRQHandler
                0x00000000080016e4       0x10 build/stm32wbxx_it.o
                0x00000000080016e4                USART1_IRQHandler
 .text.LPUART1_IRQHandler
                0x00000000080016f4       0x10 build/stm32wbxx_it.o
                0x00000000080016f4                LPUART1_IRQHandler
 .text.IPCC_C1_RX_IRQHandler
                0x0000000008001704        0x8 build/stm32wbxx_it.o
                0x0000000008001704                IPCC_C1_RX_IRQHandler
 .text.IPCC_C1_TX_IRQHandler
                0x000000000800170c        0x8 build/stm32wbxx_it.o
                0x000000000800170c                IPCC_C1_TX_IRQHandler
 .text.HSEM_IRQHandler
                0x0000000008001714        0x8 build/stm32wbxx_it.o
                0x0000000008001714                HSEM_IRQHandler
 .text.DMA2_Channel4_IRQHandler
                0x000000000800171c       0x10 build/stm32wbxx_it.o
                0x000000000800171c                DMA2_Channel4_IRQHandler
 .text.HAL_MspInit
                0x000000000800172c       0x30 build/stm32wbxx_hal_msp.o
                0x000000000800172c                HAL_MspInit
 .text.HAL_IPCC_MspInit
                0x000000000800175c       0x50 build/stm32wbxx_hal_msp.o
                0x000000000800175c                HAL_IPCC_MspInit
 .text.HAL_UART_MspInit
                0x00000000080017ac      0x180 build/stm32wbxx_hal_msp.o
                0x00000000080017ac                HAL_UART_MspInit
 .text.HAL_RNG_MspInit
                0x000000000800192c       0x54 build/stm32wbxx_hal_msp.o
                0x000000000800192c                HAL_RNG_MspInit
 .text.HAL_RTC_MspInit
                0x0000000008001980       0x70 build/stm32wbxx_hal_msp.o
                0x0000000008001980                HAL_RTC_MspInit
 .text.HW_IPCC_MM_FreeBufHandler
                0x00000000080019f0       0x24 build/hw_ipcc.o
 .text.HW_IPCC_Enable
                0x0000000008001a14       0x50 build/hw_ipcc.o
                0x0000000008001a14                HW_IPCC_Enable
 .text.HW_IPCC_Init
                0x0000000008001a64       0x44 build/hw_ipcc.o
                0x0000000008001a64                HW_IPCC_Init
 .text.HW_IPCC_BLE_Init
                0x0000000008001aa8       0x10 build/hw_ipcc.o
                0x0000000008001aa8                HW_IPCC_BLE_Init
 .text.HW_IPCC_BLE_SendCmd
                0x0000000008001ab8       0x10 build/hw_ipcc.o
                0x0000000008001ab8                HW_IPCC_BLE_SendCmd
 .text.HW_IPCC_BLE_AclDataEvtHandler
                0x0000000008001ac8       0x18 build/hw_ipcc.o
 .text.HW_IPCC_BLE_EvtHandler
                0x0000000008001ae0       0x14 build/hw_ipcc.o
 .text.HW_IPCC_SYS_Init
                0x0000000008001af4       0x10 build/hw_ipcc.o
                0x0000000008001af4                HW_IPCC_SYS_Init
 .text.HW_IPCC_SYS_SendCmd
                0x0000000008001b04       0x18 build/hw_ipcc.o
                0x0000000008001b04                HW_IPCC_SYS_SendCmd
 .text.HW_IPCC_SYS_CmdEvtHandler
                0x0000000008001b1c       0x18 build/hw_ipcc.o
 .text.HW_IPCC_Tx_Handler
                0x0000000008001b34       0x58 build/hw_ipcc.o
                0x0000000008001b34                HW_IPCC_Tx_Handler
 .text.HW_IPCC_SYS_EvtHandler
                0x0000000008001b8c       0x14 build/hw_ipcc.o
 .text.HW_IPCC_MM_SendFreeBuf
                0x0000000008001ba0       0x30 build/hw_ipcc.o
                0x0000000008001ba0                HW_IPCC_MM_SendFreeBuf
 .text.HW_IPCC_TRACES_Init
                0x0000000008001bd0       0x10 build/hw_ipcc.o
                0x0000000008001bd0                HW_IPCC_TRACES_Init
 .text.HW_IPCC_TRACES_EvtHandler
                0x0000000008001be0       0x14 build/hw_ipcc.o
 .text.HW_IPCC_Rx_Handler
                0x0000000008001bf4       0x58 build/hw_ipcc.o
                0x0000000008001bf4                HW_IPCC_Rx_Handler
 .text.Adv_Cancel
                0x0000000008001c4c       0x90 build/app_ble.o
 .text.Ble_Tl_Init
                0x0000000008001cdc       0x28 build/app_ble.o
 .text.BLE_UserEvtRx
                0x0000000008001d04       0x1a build/app_ble.o
 .text.BLE_StatusNot
                0x0000000008001d1e       0x1a build/app_ble.o
 .text.BleGetBdAddress
                0x0000000008001d38       0x48 build/app_ble.o
 .text.Ble_Hci_Gap_Gatt_Init
                0x0000000008001d80       0xdc build/app_ble.o
 .text.Adv_Request
                0x0000000008001e5c       0x88 build/app_ble.o
 .text.APP_BLE_Init
                0x0000000008001ee4       0x84 build/app_ble.o
                0x0000000008001ee4                APP_BLE_Init
 .text.SVCCTL_App_Notification
                0x0000000008001f68      0x1d4 build/app_ble.o
                0x0000000008001f68                SVCCTL_App_Notification
 .text.hci_notify_asynch_evt
                0x000000000800213c        0xc build/app_ble.o
                0x000000000800213c                hci_notify_asynch_evt
 .text.hci_cmd_resp_release
                0x0000000008002148        0xa build/app_ble.o
                0x0000000008002148                hci_cmd_resp_release
 .text.hci_cmd_resp_wait
                0x0000000008002152        0xa build/app_ble.o
                0x0000000008002152                hci_cmd_resp_wait
 .text.Custom_STM_Event_Handler
                0x000000000800215c       0xb8 build/custom_stm.o
 .text.SVCCTL_InitCustomSvc
                0x0000000008002214      0x19c build/custom_stm.o
                0x0000000008002214                SVCCTL_InitCustomSvc
 .text.Custom_STM_App_Notification
                0x00000000080023b0        0x2 build/custom_app.o
                0x00000000080023b0                Custom_STM_App_Notification
 *fill*         0x00000000080023b2        0x2 
 .text.Custom_APP_Notification
                0x00000000080023b4       0x2c build/custom_app.o
                0x00000000080023b4                Custom_APP_Notification
 .text.Custom_APP_Init
                0x00000000080023e0        0x2 build/custom_app.o
                0x00000000080023e0                Custom_APP_Init
 .text.HAL_HSEM_FreeCallback
                0x00000000080023e2        0x2 build/stm32wbxx_hal_hsem.o
                0x00000000080023e2                HAL_HSEM_FreeCallback
 .text.HAL_HSEM_IRQHandler
                0x00000000080023e4       0x1c build/stm32wbxx_hal_hsem.o
                0x00000000080023e4                HAL_HSEM_IRQHandler
 .text.RCC_SetFlashLatency
                0x0000000008002400       0xbc build/stm32wbxx_hal_rcc.o
 .text.RCC_SetFlashLatencyFromMSIRange
                0x00000000080024bc       0x4c build/stm32wbxx_hal_rcc.o
 .text.HAL_RCC_GetSysClockFreq
                0x0000000008002508       0xc0 build/stm32wbxx_hal_rcc.o
                0x0000000008002508                HAL_RCC_GetSysClockFreq
 .text.HAL_RCC_GetHCLKFreq
                0x00000000080025c8       0x20 build/stm32wbxx_hal_rcc.o
                0x00000000080025c8                HAL_RCC_GetHCLKFreq
 .text.HAL_RCC_OscConfig
                0x00000000080025e8      0x72c build/stm32wbxx_hal_rcc.o
                0x00000000080025e8                HAL_RCC_OscConfig
 .text.HAL_RCC_ClockConfig
                0x0000000008002d14      0x264 build/stm32wbxx_hal_rcc.o
                0x0000000008002d14                HAL_RCC_ClockConfig
 .text.HAL_RCC_GetPCLK1Freq
                0x0000000008002f78       0x24 build/stm32wbxx_hal_rcc.o
                0x0000000008002f78                HAL_RCC_GetPCLK1Freq
 .text.HAL_RCC_GetPCLK2Freq
                0x0000000008002f9c       0x24 build/stm32wbxx_hal_rcc.o
                0x0000000008002f9c                HAL_RCC_GetPCLK2Freq
 .text.RCCEx_PLLSAI1_ConfigNP
                0x0000000008002fc0       0x8e build/stm32wbxx_hal_rcc_ex.o
 .text.RCCEx_PLLSAI1_ConfigNQ
                0x000000000800304e       0x8e build/stm32wbxx_hal_rcc_ex.o
 .text.RCCEx_PLLSAI1_ConfigNR
                0x00000000080030dc       0x8e build/stm32wbxx_hal_rcc_ex.o
 .text.HAL_RCCEx_PeriphCLKConfig
                0x000000000800316a      0x31e build/stm32wbxx_hal_rcc_ex.o
                0x000000000800316a                HAL_RCCEx_PeriphCLKConfig
 .text.HAL_GPIO_Init
                0x0000000008003488      0x188 build/stm32wbxx_hal_gpio.o
                0x0000000008003488                HAL_GPIO_Init
 .text.HAL_GPIO_WritePin
                0x0000000008003610        0xa build/stm32wbxx_hal_gpio.o
                0x0000000008003610                HAL_GPIO_WritePin
 .text.DMA_SetConfig
                0x000000000800361a       0x40 build/stm32wbxx_hal_dma.o
 *fill*         0x000000000800365a        0x2 
 .text.DMA_CalcDMAMUXChannelBaseAndMask
                0x000000000800365c       0x54 build/stm32wbxx_hal_dma.o
 .text.DMA_CalcDMAMUXRequestGenBaseAndMask
                0x00000000080036b0       0x2c build/stm32wbxx_hal_dma.o
 .text.HAL_DMA_Init
                0x00000000080036dc       0xdc build/stm32wbxx_hal_dma.o
                0x00000000080036dc                HAL_DMA_Init
 .text.HAL_DMA_Start_IT
                0x00000000080037b8       0x94 build/stm32wbxx_hal_dma.o
                0x00000000080037b8                HAL_DMA_Start_IT
 .text.HAL_DMA_Abort
                0x000000000800384c       0x74 build/stm32wbxx_hal_dma.o
                0x000000000800384c                HAL_DMA_Abort
 .text.HAL_DMA_Abort_IT
                0x00000000080038c0       0x72 build/stm32wbxx_hal_dma.o
                0x00000000080038c0                HAL_DMA_Abort_IT
 .text.HAL_DMA_IRQHandler
                0x0000000008003932       0xc4 build/stm32wbxx_hal_dma.o
                0x0000000008003932                HAL_DMA_IRQHandler
 *fill*         0x00000000080039f6        0x2 
 .text.HAL_PWR_EnableBkUpAccess
                0x00000000080039f8       0x10 build/stm32wbxx_hal_pwr.o
                0x00000000080039f8                HAL_PWR_EnableBkUpAccess
 .text.HAL_PWREx_GetVoltageRange
                0x0000000008003a08       0x10 build/stm32wbxx_hal_pwr_ex.o
                0x0000000008003a08                HAL_PWREx_GetVoltageRange
 .text.HAL_NVIC_SetPriorityGrouping
                0x0000000008003a18       0x24 build/stm32wbxx_hal_cortex.o
                0x0000000008003a18                HAL_NVIC_SetPriorityGrouping
 .text.HAL_NVIC_SetPriority
                0x0000000008003a3c       0x68 build/stm32wbxx_hal_cortex.o
                0x0000000008003a3c                HAL_NVIC_SetPriority
 .text.HAL_NVIC_EnableIRQ
                0x0000000008003aa4       0x1c build/stm32wbxx_hal_cortex.o
                0x0000000008003aa4                HAL_NVIC_EnableIRQ
 .text.HAL_NVIC_DisableIRQ
                0x0000000008003ac0       0x24 build/stm32wbxx_hal_cortex.o
                0x0000000008003ac0                HAL_NVIC_DisableIRQ
 .text.HAL_SYSTICK_Config
                0x0000000008003ae4       0x2c build/stm32wbxx_hal_cortex.o
                0x0000000008003ae4                HAL_SYSTICK_Config
 .text.HAL_NVIC_SetPendingIRQ
                0x0000000008003b10       0x1c build/stm32wbxx_hal_cortex.o
                0x0000000008003b10                HAL_NVIC_SetPendingIRQ
 .text.HAL_NVIC_ClearPendingIRQ
                0x0000000008003b2c       0x1c build/stm32wbxx_hal_cortex.o
                0x0000000008003b2c                HAL_NVIC_ClearPendingIRQ
 .text.HAL_InitTick
                0x0000000008003b48       0x50 build/stm32wbxx_hal.o
                0x0000000008003b48                HAL_InitTick
 .text.HAL_Init
                0x0000000008003b98       0x2c build/stm32wbxx_hal.o
                0x0000000008003b98                HAL_Init
 .text.HAL_IncTick
                0x0000000008003bc4       0x18 build/stm32wbxx_hal.o
                0x0000000008003bc4                HAL_IncTick
 .text.HAL_GetTick
                0x0000000008003bdc        0xc build/stm32wbxx_hal.o
                0x0000000008003bdc                HAL_GetTick
 .text.HAL_GetTickPrio
                0x0000000008003be8        0xc build/stm32wbxx_hal.o
                0x0000000008003be8                HAL_GetTickPrio
 .text.HAL_DBGMCU_EnableDBGSleepMode
                0x0000000008003bf4       0x10 build/stm32wbxx_hal.o
                0x0000000008003bf4                HAL_DBGMCU_EnableDBGSleepMode
 .text.HAL_DBGMCU_EnableDBGStopMode
                0x0000000008003c04       0x10 build/stm32wbxx_hal.o
                0x0000000008003c04                HAL_DBGMCU_EnableDBGStopMode
 .text.HAL_IPCC_RxCallback
                0x0000000008003c14        0x2 build/stm32wbxx_hal_ipcc.o
                0x0000000008003c14                HAL_IPCC_RxCallback
 .text.HAL_IPCC_TxCallback
                0x0000000008003c16        0x2 build/stm32wbxx_hal_ipcc.o
                0x0000000008003c16                HAL_IPCC_TxCallback
 .text.IPCC_SetDefaultCallbacks
                0x0000000008003c18       0x28 build/stm32wbxx_hal_ipcc.o
                0x0000000008003c18                IPCC_SetDefaultCallbacks
 .text.IPCC_Reset_Register
                0x0000000008003c40       0x10 build/stm32wbxx_hal_ipcc.o
                0x0000000008003c40                IPCC_Reset_Register
 .text.HAL_IPCC_Init
                0x0000000008003c50       0x3c build/stm32wbxx_hal_ipcc.o
                0x0000000008003c50                HAL_IPCC_Init
 .text.UART_EndTxTransfer
                0x0000000008003c8c       0x32 build/stm32wbxx_hal_uart.o
 .text.UART_EndRxTransfer
                0x0000000008003cbe       0x56 build/stm32wbxx_hal_uart.o
 .text.HAL_UART_Transmit_DMA
                0x0000000008003d14       0xc0 build/stm32wbxx_hal_uart.o
                0x0000000008003d14                HAL_UART_Transmit_DMA
 .text.UART_DMATransmitCplt
                0x0000000008003dd4       0x48 build/stm32wbxx_hal_uart.o
 .text.UART_EndTransmit_IT
                0x0000000008003e1c       0x24 build/stm32wbxx_hal_uart.o
 .text.HAL_UART_TxHalfCpltCallback
                0x0000000008003e40        0x2 build/stm32wbxx_hal_uart.o
                0x0000000008003e40                HAL_UART_TxHalfCpltCallback
 .text.UART_DMATxHalfCplt
                0x0000000008003e42        0xa build/stm32wbxx_hal_uart.o
 .text.HAL_UART_ErrorCallback
                0x0000000008003e4c        0x2 build/stm32wbxx_hal_uart.o
                0x0000000008003e4c                HAL_UART_ErrorCallback
 .text.UART_DMAError
                0x0000000008003e4e       0x58 build/stm32wbxx_hal_uart.o
 .text.UART_DMAAbortOnError
                0x0000000008003ea6       0x14 build/stm32wbxx_hal_uart.o
 .text.HAL_UARTEx_RxEventCallback
                0x0000000008003eba        0x2 build/stm32wbxx_hal_uart.o
                0x0000000008003eba                HAL_UARTEx_RxEventCallback
 .text.HAL_UART_IRQHandler
                0x0000000008003ebc      0x334 build/stm32wbxx_hal_uart.o
                0x0000000008003ebc                HAL_UART_IRQHandler
 .text.UART_SetConfig
                0x00000000080041f0      0x270 build/stm32wbxx_hal_uart.o
                0x00000000080041f0                UART_SetConfig
 .text.UART_AdvFeatureConfig
                0x0000000008004460       0xca build/stm32wbxx_hal_uart.o
                0x0000000008004460                UART_AdvFeatureConfig
 .text.UART_WaitOnFlagUntilTimeout
                0x000000000800452a       0xd8 build/stm32wbxx_hal_uart.o
                0x000000000800452a                UART_WaitOnFlagUntilTimeout
 .text.UART_CheckIdleState
                0x0000000008004602       0x74 build/stm32wbxx_hal_uart.o
                0x0000000008004602                UART_CheckIdleState
 .text.HAL_UART_Init
                0x0000000008004676       0x66 build/stm32wbxx_hal_uart.o
                0x0000000008004676                HAL_UART_Init
 .text.UARTEx_SetNbDataToProcess
                0x00000000080046dc       0x4c build/stm32wbxx_hal_uart_ex.o
 .text.HAL_UARTEx_WakeupCallback
                0x0000000008004728        0x2 build/stm32wbxx_hal_uart_ex.o
                0x0000000008004728                HAL_UARTEx_WakeupCallback
 .text.HAL_UARTEx_RxFifoFullCallback
                0x000000000800472a        0x2 build/stm32wbxx_hal_uart_ex.o
                0x000000000800472a                HAL_UARTEx_RxFifoFullCallback
 .text.HAL_UARTEx_TxFifoEmptyCallback
                0x000000000800472c        0x2 build/stm32wbxx_hal_uart_ex.o
                0x000000000800472c                HAL_UARTEx_TxFifoEmptyCallback
 .text.HAL_UARTEx_DisableFifoMode
                0x000000000800472e       0x3e build/stm32wbxx_hal_uart_ex.o
                0x000000000800472e                HAL_UARTEx_DisableFifoMode
 .text.HAL_UARTEx_SetTxFifoThreshold
                0x000000000800476c       0x4a build/stm32wbxx_hal_uart_ex.o
                0x000000000800476c                HAL_UARTEx_SetTxFifoThreshold
 .text.HAL_UARTEx_SetRxFifoThreshold
                0x00000000080047b6       0x4a build/stm32wbxx_hal_uart_ex.o
                0x00000000080047b6                HAL_UARTEx_SetRxFifoThreshold
 .text.HAL_RNG_Init
                0x0000000008004800       0x3c build/stm32wbxx_hal_rng.o
                0x0000000008004800                HAL_RNG_Init
 .text.HAL_RTC_WaitForSynchro
                0x000000000800483c       0x32 build/stm32wbxx_hal_rtc.o
                0x000000000800483c                HAL_RTC_WaitForSynchro
 .text.RTC_EnterInitMode
                0x000000000800486e       0x3c build/stm32wbxx_hal_rtc.o
                0x000000000800486e                RTC_EnterInitMode
 .text.HAL_RTC_Init
                0x00000000080048aa       0xda build/stm32wbxx_hal_rtc.o
                0x00000000080048aa                HAL_RTC_Init
 .text.HAL_RTCEx_SetWakeUpTimer_IT
                0x0000000008004984      0x104 build/stm32wbxx_hal_rtc_ex.o
                0x0000000008004984                HAL_RTCEx_SetWakeUpTimer_IT
 .text.SystemInit
                0x0000000008004a88       0x64 build/system_stm32wbxx.o
                0x0000000008004a88                SystemInit
 .text.SendFreeBuf
                0x0000000008004aec       0x30 build/tl_mbox.o
 .text.TL_Enable
                0x0000000008004b1c        0x8 build/tl_mbox.o
                0x0000000008004b1c                TL_Enable
 .text.TL_Init  0x0000000008004b24       0x4c build/tl_mbox.o
                0x0000000008004b24                TL_Init
 .text.TL_BLE_Init
                0x0000000008004b70       0x48 build/tl_mbox.o
                0x0000000008004b70                TL_BLE_Init
 .text.TL_BLE_SendCmd
                0x0000000008004bb8       0x1c build/tl_mbox.o
                0x0000000008004bb8                TL_BLE_SendCmd
 .text.HW_IPCC_BLE_RxEvtNot
                0x0000000008004bd4       0x2c build/tl_mbox.o
                0x0000000008004bd4                HW_IPCC_BLE_RxEvtNot
 .text.HW_IPCC_BLE_AclDataAckNot
                0x0000000008004c00       0x10 build/tl_mbox.o
                0x0000000008004c00                HW_IPCC_BLE_AclDataAckNot
 .text.TL_SYS_Init
                0x0000000008004c10       0x3c build/tl_mbox.o
                0x0000000008004c10                TL_SYS_Init
 .text.TL_SYS_SendCmd
                0x0000000008004c4c       0x1c build/tl_mbox.o
                0x0000000008004c4c                TL_SYS_SendCmd
 .text.HW_IPCC_SYS_CmdEvtNot
                0x0000000008004c68       0x1c build/tl_mbox.o
                0x0000000008004c68                HW_IPCC_SYS_CmdEvtNot
 .text.HW_IPCC_SYS_EvtNot
                0x0000000008004c84       0x2c build/tl_mbox.o
                0x0000000008004c84                HW_IPCC_SYS_EvtNot
 .text.TL_MM_Init
                0x0000000008004cb0       0x40 build/tl_mbox.o
                0x0000000008004cb0                TL_MM_Init
 .text.TL_MM_EvtDone
                0x0000000008004cf0       0x1c build/tl_mbox.o
                0x0000000008004cf0                TL_MM_EvtDone
 .text.TL_TRACES_Init
                0x0000000008004d0c       0x20 build/tl_mbox.o
                0x0000000008004d0c                TL_TRACES_Init
 .text.TL_TRACES_EvtReceived
                0x0000000008004d2c        0x2 build/tl_mbox.o
                0x0000000008004d2c                TL_TRACES_EvtReceived
 *fill*         0x0000000008004d2e        0x2 
 .text.HW_IPCC_TRACES_EvtNot
                0x0000000008004d30       0x28 build/tl_mbox.o
                0x0000000008004d30                HW_IPCC_TRACES_EvtNot
 .text.SHCI_C2_BLE_Init
                0x0000000008004d58       0x1e build/shci.o
                0x0000000008004d58                SHCI_C2_BLE_Init
 .text.SHCI_C2_DEBUG_Init
                0x0000000008004d76       0x1e build/shci.o
                0x0000000008004d76                SHCI_C2_DEBUG_Init
 .text.SHCI_C2_Config
                0x0000000008004d94       0x1c build/shci.o
                0x0000000008004d94                SHCI_C2_Config
 .text.SHCI_GetWirelessFwInfo
                0x0000000008004db0       0x80 build/shci.o
                0x0000000008004db0                SHCI_GetWirelessFwInfo
 .text.DbgTrace_TxCpltCallback
                0x0000000008004e30       0x4c build/dbg_trace.o
 .text.DbgTraceGetFileName
                0x0000000008004e7c       0x22 build/dbg_trace.o
                0x0000000008004e7c                DbgTraceGetFileName
 *fill*         0x0000000008004e9e        0x2 
 .text.DbgTraceInit
                0x0000000008004ea0       0x28 build/dbg_trace.o
                0x0000000008004ea0                DbgTraceInit
 .text.DbgTraceWrite
                0x0000000008004ec8       0x64 build/dbg_trace.o
                0x0000000008004ec8                DbgTraceWrite
 .text._write   0x0000000008004f2c        0x8 build/dbg_trace.o
                0x0000000008004f2c                _write
 .text.OTP_Read
                0x0000000008004f34       0x28 build/otp.o
                0x0000000008004f34                OTP_Read
 .text.LST_init_head
                0x0000000008004f5c        0x6 build/stm_list.o
                0x0000000008004f5c                LST_init_head
 .text.LST_is_empty
                0x0000000008004f62       0x18 build/stm_list.o
                0x0000000008004f62                LST_is_empty
 .text.LST_insert_head
                0x0000000008004f7a       0x18 build/stm_list.o
                0x0000000008004f7a                LST_insert_head
 .text.LST_insert_tail
                0x0000000008004f92       0x18 build/stm_list.o
                0x0000000008004f92                LST_insert_tail
 .text.LST_remove_node
                0x0000000008004faa       0x18 build/stm_list.o
                0x0000000008004faa                LST_remove_node
 .text.LST_remove_head
                0x0000000008004fc2       0x18 build/stm_list.o
                0x0000000008004fc2                LST_remove_head
 .text.CircularQueue_Init
                0x0000000008004fda       0x32 build/stm_queue.o
                0x0000000008004fda                CircularQueue_Init
 .text.CircularQueue_Add
                0x000000000800500c      0x236 build/stm_queue.o
                0x000000000800500c                CircularQueue_Add
 .text.CircularQueue_Remove
                0x0000000008005242       0xdc build/stm_queue.o
                0x0000000008005242                CircularQueue_Remove
 .text.CircularQueue_Sense
                0x000000000800531e       0xa4 build/stm_queue.o
                0x000000000800531e                CircularQueue_Sense
 .text.Osal_MemCpy
                0x00000000080053c2        0x8 build/osal.o
                0x00000000080053c2                Osal_MemCpy
 .text.Osal_MemSet
                0x00000000080053ca        0x8 build/osal.o
                0x00000000080053ca                Osal_MemSet
 .text.aci_gap_set_non_discoverable
                0x00000000080053d2       0x42 build/ble_gap_aci.o
                0x00000000080053d2                aci_gap_set_non_discoverable
 .text.aci_gap_set_discoverable
                0x0000000008005414       0xb4 build/ble_gap_aci.o
                0x0000000008005414                aci_gap_set_discoverable
 .text.aci_gap_set_io_capability
                0x00000000080054c8       0x4c build/ble_gap_aci.o
                0x00000000080054c8                aci_gap_set_io_capability
 .text.aci_gap_set_authentication_requirement
                0x0000000008005514       0x80 build/ble_gap_aci.o
                0x0000000008005514                aci_gap_set_authentication_requirement
 .text.aci_gap_pass_key_resp
                0x0000000008005594       0x52 build/ble_gap_aci.o
                0x0000000008005594                aci_gap_pass_key_resp
 .text.aci_gap_init
                0x00000000080055e6       0x7e build/ble_gap_aci.o
                0x00000000080055e6                aci_gap_init
 .text.aci_gap_update_adv_data
                0x0000000008005664       0x5a build/ble_gap_aci.o
                0x0000000008005664                aci_gap_update_adv_data
 .text.aci_gap_configure_whitelist
                0x00000000080056be       0x42 build/ble_gap_aci.o
                0x00000000080056be                aci_gap_configure_whitelist
 .text.aci_gap_numeric_comparison_value_confirm_yesno
                0x0000000008005700       0x52 build/ble_gap_aci.o
                0x0000000008005700                aci_gap_numeric_comparison_value_confirm_yesno
 .text.aci_gatt_init
                0x0000000008005752       0x44 build/ble_gatt_aci.o
                0x0000000008005752                aci_gatt_init
 .text.aci_gatt_add_service
                0x0000000008005796       0xa0 build/ble_gatt_aci.o
                0x0000000008005796                aci_gatt_add_service
 .text.aci_gatt_add_char
                0x0000000008005836       0xc0 build/ble_gatt_aci.o
                0x0000000008005836                aci_gatt_add_char
 .text.aci_gatt_update_char_value
                0x00000000080058f6       0x6a build/ble_gatt_aci.o
                0x00000000080058f6                aci_gatt_update_char_value
 .text.aci_gatt_allow_read
                0x0000000008005960       0x50 build/ble_gatt_aci.o
                0x0000000008005960                aci_gatt_allow_read
 .text.aci_hal_write_config_data
                0x00000000080059b0       0x60 build/ble_hal_aci.o
                0x00000000080059b0                aci_hal_write_config_data
 .text.aci_hal_set_tx_power_level
                0x0000000008005a10       0x52 build/ble_hal_aci.o
                0x0000000008005a10                aci_hal_set_tx_power_level
 .text.aci_hal_set_radio_activity_mask
                0x0000000008005a62       0x4e build/ble_hal_aci.o
                0x0000000008005a62                aci_hal_set_radio_activity_mask
 .text.hci_reset
                0x0000000008005ab0       0x40 build/ble_hci_le.o
                0x0000000008005ab0                hci_reset
 .text.hci_le_set_default_phy
                0x0000000008005af0       0x56 build/ble_hci_le.o
                0x0000000008005af0                hci_le_set_default_phy
 *fill*         0x0000000008005b46        0x2 
 .text.NotifyCmdStatus
                0x0000000008005b48       0x20 build/hci_tl.o
 .text.TlInit   0x0000000008005b68       0x40 build/hci_tl.o
 .text.SendCmd  0x0000000008005ba8       0x30 build/hci_tl.o
 .text.hci_init
                0x0000000008005bd8       0x24 build/hci_tl.o
                0x0000000008005bd8                hci_init
 .text.hci_user_evt_proc
                0x0000000008005bfc       0x80 build/hci_tl.o
                0x0000000008005bfc                hci_user_evt_proc
 .text.hci_send_req
                0x0000000008005c7c       0xa4 build/hci_tl.o
                0x0000000008005c7c                hci_send_req
 .text.TlEvtReceived
                0x0000000008005d20       0x34 build/hci_tl.o
 .text.hci_register_io_bus
                0x0000000008005d54       0x14 build/hci_tl_if.o
                0x0000000008005d54                hci_register_io_bus
 .text.Cmd_SetStatus
                0x0000000008005d68       0x30 build/shci_tl.o
 .text.TlInit   0x0000000008005d98       0x44 build/shci_tl.o
 .text.TlUserEvtReceived
                0x0000000008005ddc       0x18 build/shci_tl.o
 .text.shci_init
                0x0000000008005df4       0x24 build/shci_tl.o
                0x0000000008005df4                shci_init
 .text.shci_user_evt_proc
                0x0000000008005e18       0x80 build/shci_tl.o
                0x0000000008005e18                shci_user_evt_proc
 .text.shci_send
                0x0000000008005e98       0x60 build/shci_tl.o
                0x0000000008005e98                shci_send
 .text.TlCmdEvtReceived
                0x0000000008005ef8        0xa build/shci_tl.o
 *fill*         0x0000000008005f02        0x2 
 .text.shci_register_io_bus
                0x0000000008005f04       0x14 build/shci_tl_if.o
                0x0000000008005f04                shci_register_io_bus
 .text.BAS_Init
                0x0000000008005f18        0x2 build/svc_ctl.o
                0x0000000008005f18                BAS_Init
 .text.BLS_Init
                0x0000000008005f1a        0x2 build/svc_ctl.o
                0x0000000008005f1a                BLS_Init
 .text.CRS_STM_Init
                0x0000000008005f1c        0x2 build/svc_ctl.o
                0x0000000008005f1c                CRS_STM_Init
 .text.DIS_Init
                0x0000000008005f1e        0x2 build/svc_ctl.o
                0x0000000008005f1e                DIS_Init
 .text.EDS_STM_Init
                0x0000000008005f20        0x2 build/svc_ctl.o
                0x0000000008005f20                EDS_STM_Init
 .text.HIDS_Init
                0x0000000008005f22        0x2 build/svc_ctl.o
                0x0000000008005f22                HIDS_Init
 .text.HRS_Init
                0x0000000008005f24        0x2 build/svc_ctl.o
                0x0000000008005f24                HRS_Init
 .text.HTS_Init
                0x0000000008005f26        0x2 build/svc_ctl.o
                0x0000000008005f26                HTS_Init
 .text.IAS_Init
                0x0000000008005f28        0x2 build/svc_ctl.o
                0x0000000008005f28                IAS_Init
 .text.LLS_Init
                0x0000000008005f2a        0x2 build/svc_ctl.o
                0x0000000008005f2a                LLS_Init
 .text.TPS_Init
                0x0000000008005f2c        0x2 build/svc_ctl.o
                0x0000000008005f2c                TPS_Init
 .text.MOTENV_STM_Init
                0x0000000008005f2e        0x2 build/svc_ctl.o
                0x0000000008005f2e                MOTENV_STM_Init
 .text.P2PS_STM_Init
                0x0000000008005f30        0x2 build/svc_ctl.o
                0x0000000008005f30                P2PS_STM_Init
 .text.ZDD_STM_Init
                0x0000000008005f32        0x2 build/svc_ctl.o
                0x0000000008005f32                ZDD_STM_Init
 .text.OTAS_STM_Init
                0x0000000008005f34        0x2 build/svc_ctl.o
                0x0000000008005f34                OTAS_STM_Init
 .text.MESH_Init
                0x0000000008005f36        0x2 build/svc_ctl.o
                0x0000000008005f36                MESH_Init
 .text.BVOPUS_STM_Init
                0x0000000008005f38        0x2 build/svc_ctl.o
                0x0000000008005f38                BVOPUS_STM_Init
 .text.SVCCTL_SvcInit
                0x0000000008005f3a       0x4c build/svc_ctl.o
                0x0000000008005f3a                SVCCTL_SvcInit
 *fill*         0x0000000008005f86        0x2 
 .text.SVCCTL_Init
                0x0000000008005f88       0x14 build/svc_ctl.o
                0x0000000008005f88                SVCCTL_Init
 .text.SVCCTL_RegisterSvcHandler
                0x0000000008005f9c       0x14 build/svc_ctl.o
                0x0000000008005f9c                SVCCTL_RegisterSvcHandler
 .text.SVCCTL_UserEvtRx
                0x0000000008005fb0       0x54 build/svc_ctl.o
                0x0000000008005fb0                SVCCTL_UserEvtRx
 .text.UTIL_LPM_Init
                0x0000000008006004       0x14 build/stm32_lpm.o
                0x0000000008006004                UTIL_LPM_Init
 .text.UTIL_LPM_SetOffMode
                0x0000000008006018       0x2c build/stm32_lpm.o
                0x0000000008006018                UTIL_LPM_SetOffMode
 .text.UTIL_SEQ_SetTask
                0x0000000008006044       0x30 build/stm32_seq.o
                0x0000000008006044                UTIL_SEQ_SetTask
 .text.UTIL_SEQ_PauseTask
                0x0000000008006074       0x1c build/stm32_seq.o
                0x0000000008006074                UTIL_SEQ_PauseTask
 .text.UTIL_SEQ_ResumeTask
                0x0000000008006090       0x18 build/stm32_seq.o
                0x0000000008006090                UTIL_SEQ_ResumeTask
 .text.UTIL_SEQ_SetEvt
                0x00000000080060a8       0x18 build/stm32_seq.o
                0x00000000080060a8                UTIL_SEQ_SetEvt
 .text.UTIL_SEQ_PreIdle
                0x00000000080060c0        0x2 build/stm32_seq.o
                0x00000000080060c0                UTIL_SEQ_PreIdle
 .text.UTIL_SEQ_PostIdle
                0x00000000080060c2        0x2 build/stm32_seq.o
                0x00000000080060c2                UTIL_SEQ_PostIdle
 .text.SEQ_BitPosition
                0x00000000080060c4       0x3c build/stm32_seq.o
                0x00000000080060c4                SEQ_BitPosition
 .text.UTIL_SEQ_Run
                0x0000000008006100      0x120 build/stm32_seq.o
                0x0000000008006100                UTIL_SEQ_Run
 .text.UTIL_SEQ_WaitEvt
                0x0000000008006220       0x58 build/stm32_seq.o
                0x0000000008006220                UTIL_SEQ_WaitEvt
 .text.UTIL_SEQ_RegTask
                0x0000000008006278       0x20 build/stm32_seq.o
                0x0000000008006278                UTIL_SEQ_RegTask
 .text.data_initializers
                0x0000000008006298       0x18 build/startup_stm32wb55xx_cm4.o
 .text.Reset_Handler
                0x00000000080062b0       0x54 build/startup_stm32wb55xx_cm4.o
                0x00000000080062b0                Reset_Handler
 .text.Default_Handler
                0x0000000008006304        0x2 build/startup_stm32wb55xx_cm4.o
                0x0000000008006304                DMA2_Channel3_IRQHandler
                0x0000000008006304                EXTI2_IRQHandler
                0x0000000008006304                TIM1_CC_IRQHandler
                0x0000000008006304                TSC_IRQHandler
                0x0000000008006304                USB_HP_IRQHandler
                0x0000000008006304                EXTI3_IRQHandler
                0x0000000008006304                LPTIM2_IRQHandler
                0x0000000008006304                I2C3_ER_IRQHandler
                0x0000000008006304                EXTI0_IRQHandler
                0x0000000008006304                FPU_IRQHandler
                0x0000000008006304                TIM1_UP_TIM16_IRQHandler
                0x0000000008006304                AES1_IRQHandler
                0x0000000008006304                SPI1_IRQHandler
                0x0000000008006304                PWR_SOTF_BLEACT_802ACT_RFPHASE_IRQHandler
                0x0000000008006304                DMA2_Channel2_IRQHandler
                0x0000000008006304                ADC1_IRQHandler
                0x0000000008006304                PKA_IRQHandler
                0x0000000008006304                DMA1_Channel7_IRQHandler
                0x0000000008006304                LCD_IRQHandler
                0x0000000008006304                DMA2_Channel1_IRQHandler
                0x0000000008006304                QUADSPI_IRQHandler
                0x0000000008006304                I2C1_EV_IRQHandler
                0x0000000008006304                DMAMUX1_OVR_IRQHandler
                0x0000000008006304                DMA1_Channel6_IRQHandler
                0x0000000008006304                RCC_IRQHandler
                0x0000000008006304                DMA1_Channel1_IRQHandler
                0x0000000008006304                Default_Handler
                0x0000000008006304                DMA2_Channel7_IRQHandler
                0x0000000008006304                EXTI15_10_IRQHandler
                0x0000000008006304                C2SEV_PWR_C2H_IRQHandler
                0x0000000008006304                AES2_IRQHandler
                0x0000000008006304                I2C3_EV_IRQHandler
                0x0000000008006304                EXTI9_5_IRQHandler
                0x0000000008006304                PVD_PVM_IRQHandler
                0x0000000008006304                SPI2_IRQHandler
                0x0000000008006304                DMA2_Channel5_IRQHandler
                0x0000000008006304                CRS_IRQHandler
                0x0000000008006304                DMA1_Channel5_IRQHandler
                0x0000000008006304                USB_LP_IRQHandler
                0x0000000008006304                EXTI4_IRQHandler
                0x0000000008006304                RNG_IRQHandler
                0x0000000008006304                TIM1_TRG_COM_TIM17_IRQHandler
                0x0000000008006304                TAMP_STAMP_LSECSS_IRQHandler
                0x0000000008006304                DMA1_Channel3_IRQHandler
                0x0000000008006304                COMP_IRQHandler
                0x0000000008006304                WWDG_IRQHandler
                0x0000000008006304                DMA2_Channel6_IRQHandler
                0x0000000008006304                TIM2_IRQHandler
                0x0000000008006304                TIM1_BRK_IRQHandler
                0x0000000008006304                EXTI1_IRQHandler
                0x0000000008006304                DMA1_Channel2_IRQHandler
                0x0000000008006304                FLASH_IRQHandler
                0x0000000008006304                I2C1_ER_IRQHandler
                0x0000000008006304                LPTIM1_IRQHandler
                0x0000000008006304                SAI1_IRQHandler
                0x0000000008006304                RTC_Alarm_IRQHandler
 *fill*         0x0000000008006306        0x2 
 .text.__libc_init_array
                0x0000000008006308       0x48 /usr/local/Cellar/arm-none-eabi-gcc/9-2019-q4-major/gcc/bin/../lib/gcc/arm-none-eabi/9.2.1/../../../../arm-none-eabi/lib/thumb/v7e-m+fp/hard/libc_nano.a(lib_a-init.o)
                0x0000000008006308                __libc_init_array
 .text.memcpy   0x0000000008006350       0x1c /usr/local/Cellar/arm-none-eabi-gcc/9-2019-q4-major/gcc/bin/../lib/gcc/arm-none-eabi/9.2.1/../../../../arm-none-eabi/lib/thumb/v7e-m+fp/hard/libc_nano.a(lib_a-memcpy-stub.o)
                0x0000000008006350                memcpy
 .text.memset   0x000000000800636c       0x10 /usr/local/Cellar/arm-none-eabi-gcc/9-2019-q4-major/gcc/bin/../lib/gcc/arm-none-eabi/9.2.1/../../../../arm-none-eabi/lib/thumb/v7e-m+fp/hard/libc_nano.a(lib_a-memset.o)
                0x000000000800636c                memset
 .text.printf   0x000000000800637c       0x30 /usr/local/Cellar/arm-none-eabi-gcc/9-2019-q4-major/gcc/bin/../lib/gcc/arm-none-eabi/9.2.1/../../../../arm-none-eabi/lib/thumb/v7e-m+fp/hard/libc_nano.a(lib_a-printf.o)
                0x000000000800637c                printf
                0x000000000800637c                iprintf
 .text._puts_r  0x00000000080063ac       0xdc /usr/local/Cellar/arm-none-eabi-gcc/9-2019-q4-major/gcc/bin/../lib/gcc/arm-none-eabi/9.2.1/../../../../arm-none-eabi/lib/thumb/v7e-m+fp/hard/libc_nano.a(lib_a-puts.o)
                0x00000000080063ac                _puts_r
 .text.puts     0x0000000008006488       0x10 /usr/local/Cellar/arm-none-eabi-gcc/9-2019-q4-major/gcc/bin/../lib/gcc/arm-none-eabi/9.2.1/../../../../arm-none-eabi/lib/thumb/v7e-m+fp/hard/libc_nano.a(lib_a-puts.o)
                0x0000000008006488                puts
 .text.strrchr  0x0000000008006498       0x28 /usr/local/Cellar/arm-none-eabi-gcc/9-2019-q4-major/gcc/bin/../lib/gcc/arm-none-eabi/9.2.1/../../../../arm-none-eabi/lib/thumb/v7e-m+fp/hard/libc_nano.a(lib_a-strrchr.o)
                0x0000000008006498                strrchr
 .text.__swbuf_r
                0x00000000080064c0       0xa4 /usr/local/Cellar/arm-none-eabi-gcc/9-2019-q4-major/gcc/bin/../lib/gcc/arm-none-eabi/9.2.1/../../../../arm-none-eabi/lib/thumb/v7e-m+fp/hard/libc_nano.a(lib_a-wbuf.o)
                0x00000000080064c0                __swbuf_r
 .text.__swsetup_r
                0x0000000008006564       0xdc /usr/local/Cellar/arm-none-eabi-gcc/9-2019-q4-major/gcc/bin/../lib/gcc/arm-none-eabi/9.2.1/../../../../arm-none-eabi/lib/thumb/v7e-m+fp/hard/libc_nano.a(lib_a-wsetup.o)
                0x0000000008006564                __swsetup_r
 .text.__sflush_r
                0x0000000008006640      0x10c /usr/local/Cellar/arm-none-eabi-gcc/9-2019-q4-major/gcc/bin/../lib/gcc/arm-none-eabi/9.2.1/../../../../arm-none-eabi/lib/thumb/v7e-m+fp/hard/libc_nano.a(lib_a-fflush.o)
                0x0000000008006640                __sflush_r
 .text._fflush_r
                0x000000000800674c       0x78 /usr/local/Cellar/arm-none-eabi-gcc/9-2019-q4-major/gcc/bin/../lib/gcc/arm-none-eabi/9.2.1/../../../../arm-none-eabi/lib/thumb/v7e-m+fp/hard/libc_nano.a(lib_a-fflush.o)
                0x000000000800674c                _fflush_r
 .text.std      0x00000000080067c4       0x48 /usr/local/Cellar/arm-none-eabi-gcc/9-2019-q4-major/gcc/bin/../lib/gcc/arm-none-eabi/9.2.1/../../../../arm-none-eabi/lib/thumb/v7e-m+fp/hard/libc_nano.a(lib_a-findfp.o)
 .text._cleanup_r
                0x000000000800680c        0xc /usr/local/Cellar/arm-none-eabi-gcc/9-2019-q4-major/gcc/bin/../lib/gcc/arm-none-eabi/9.2.1/../../../../arm-none-eabi/lib/thumb/v7e-m+fp/hard/libc_nano.a(lib_a-findfp.o)
                0x000000000800680c                _cleanup_r
 .text.__sfmoreglue
                0x0000000008006818       0x2c /usr/local/Cellar/arm-none-eabi-gcc/9-2019-q4-major/gcc/bin/../lib/gcc/arm-none-eabi/9.2.1/../../../../arm-none-eabi/lib/thumb/v7e-m+fp/hard/libc_nano.a(lib_a-findfp.o)
                0x0000000008006818                __sfmoreglue
 .text.__sfp_lock_acquire
                0x0000000008006844        0xc /usr/local/Cellar/arm-none-eabi-gcc/9-2019-q4-major/gcc/bin/../lib/gcc/arm-none-eabi/9.2.1/../../../../arm-none-eabi/lib/thumb/v7e-m+fp/hard/libc_nano.a(lib_a-findfp.o)
                0x0000000008006844                __sfp_lock_acquire
 .text.__sfp_lock_release
                0x0000000008006850        0xc /usr/local/Cellar/arm-none-eabi-gcc/9-2019-q4-major/gcc/bin/../lib/gcc/arm-none-eabi/9.2.1/../../../../arm-none-eabi/lib/thumb/v7e-m+fp/hard/libc_nano.a(lib_a-findfp.o)
                0x0000000008006850                __sfp_lock_release
 .text.__sinit_lock_acquire
                0x000000000800685c        0xc /usr/local/Cellar/arm-none-eabi-gcc/9-2019-q4-major/gcc/bin/../lib/gcc/arm-none-eabi/9.2.1/../../../../arm-none-eabi/lib/thumb/v7e-m+fp/hard/libc_nano.a(lib_a-findfp.o)
                0x000000000800685c                __sinit_lock_acquire
 .text.__sinit_lock_release
                0x0000000008006868        0xc /usr/local/Cellar/arm-none-eabi-gcc/9-2019-q4-major/gcc/bin/../lib/gcc/arm-none-eabi/9.2.1/../../../../arm-none-eabi/lib/thumb/v7e-m+fp/hard/libc_nano.a(lib_a-findfp.o)
                0x0000000008006868                __sinit_lock_release
 .text.__sinit  0x0000000008006874       0x70 /usr/local/Cellar/arm-none-eabi-gcc/9-2019-q4-major/gcc/bin/../lib/gcc/arm-none-eabi/9.2.1/../../../../arm-none-eabi/lib/thumb/v7e-m+fp/hard/libc_nano.a(lib_a-findfp.o)
                0x0000000008006874                __sinit
 .text.__sfp    0x00000000080068e4       0x8c /usr/local/Cellar/arm-none-eabi-gcc/9-2019-q4-major/gcc/bin/../lib/gcc/arm-none-eabi/9.2.1/../../../../arm-none-eabi/lib/thumb/v7e-m+fp/hard/libc_nano.a(lib_a-findfp.o)
                0x00000000080068e4                __sfp
 .text._fwalk_reent
                0x0000000008006970       0x3e /usr/local/Cellar/arm-none-eabi-gcc/9-2019-q4-major/gcc/bin/../lib/gcc/arm-none-eabi/9.2.1/../../../../arm-none-eabi/lib/thumb/v7e-m+fp/hard/libc_nano.a(lib_a-fwalk.o)
                0x0000000008006970                _fwalk_reent
 .text.__retarget_lock_init_recursive
                0x00000000080069ae        0x2 /usr/local/Cellar/arm-none-eabi-gcc/9-2019-q4-major/gcc/bin/../lib/gcc/arm-none-eabi/9.2.1/../../../../arm-none-eabi/lib/thumb/v7e-m+fp/hard/libc_nano.a(lib_a-lock.o)
                0x00000000080069ae                __retarget_lock_init_recursive
 .text.__retarget_lock_acquire_recursive
                0x00000000080069b0        0x2 /usr/local/Cellar/arm-none-eabi-gcc/9-2019-q4-major/gcc/bin/../lib/gcc/arm-none-eabi/9.2.1/../../../../arm-none-eabi/lib/thumb/v7e-m+fp/hard/libc_nano.a(lib_a-lock.o)
                0x00000000080069b0                __retarget_lock_acquire_recursive
 .text.__retarget_lock_release_recursive
                0x00000000080069b2        0x2 /usr/local/Cellar/arm-none-eabi-gcc/9-2019-q4-major/gcc/bin/../lib/gcc/arm-none-eabi/9.2.1/../../../../arm-none-eabi/lib/thumb/v7e-m+fp/hard/libc_nano.a(lib_a-lock.o)
                0x00000000080069b2                __retarget_lock_release_recursive
 .text.__swhatbuf_r
                0x00000000080069b4       0x48 /usr/local/Cellar/arm-none-eabi-gcc/9-2019-q4-major/gcc/bin/../lib/gcc/arm-none-eabi/9.2.1/../../../../arm-none-eabi/lib/thumb/v7e-m+fp/hard/libc_nano.a(lib_a-makebuf.o)
                0x00000000080069b4                __swhatbuf_r
 .text.__smakebuf_r
                0x00000000080069fc       0x80 /usr/local/Cellar/arm-none-eabi-gcc/9-2019-q4-major/gcc/bin/../lib/gcc/arm-none-eabi/9.2.1/../../../../arm-none-eabi/lib/thumb/v7e-m+fp/hard/libc_nano.a(lib_a-makebuf.o)
                0x00000000080069fc                __smakebuf_r
 .text._free_r  0x0000000008006a7c       0xa0 /usr/local/Cellar/arm-none-eabi-gcc/9-2019-q4-major/gcc/bin/../lib/gcc/arm-none-eabi/9.2.1/../../../../arm-none-eabi/lib/thumb/v7e-m+fp/hard/libc_nano.a(lib_a-nano-freer.o)
                0x0000000008006a7c                _free_r
 .text._malloc_r
                0x0000000008006b1c       0xb4 /usr/local/Cellar/arm-none-eabi-gcc/9-2019-q4-major/gcc/bin/../lib/gcc/arm-none-eabi/9.2.1/../../../../arm-none-eabi/lib/thumb/v7e-m+fp/hard/libc_nano.a(lib_a-nano-mallocr.o)
                0x0000000008006b1c                _malloc_r
 .text.__sfputc_r
                0x0000000008006bd0       0x2e /usr/local/Cellar/arm-none-eabi-gcc/9-2019-q4-major/gcc/bin/../lib/gcc/arm-none-eabi/9.2.1/../../../../arm-none-eabi/lib/thumb/v7e-m+fp/hard/libc_nano.a(lib_a-nano-vfprintf.o)
 .text.__sfputs_r
                0x0000000008006bfe       0x24 /usr/local/Cellar/arm-none-eabi-gcc/9-2019-q4-major/gcc/bin/../lib/gcc/arm-none-eabi/9.2.1/../../../../arm-none-eabi/lib/thumb/v7e-m+fp/hard/libc_nano.a(lib_a-nano-vfprintf.o)
                0x0000000008006bfe                __sfputs_r
 *fill*         0x0000000008006c22        0x2 
 .text._vfprintf_r
                0x0000000008006c24      0x260 /usr/local/Cellar/arm-none-eabi-gcc/9-2019-q4-major/gcc/bin/../lib/gcc/arm-none-eabi/9.2.1/../../../../arm-none-eabi/lib/thumb/v7e-m+fp/hard/libc_nano.a(lib_a-nano-vfprintf.o)
                0x0000000008006c24                _vfiprintf_r
                0x0000000008006c24                _vfprintf_r
 .text._printf_common
                0x0000000008006e84       0xda /usr/local/Cellar/arm-none-eabi-gcc/9-2019-q4-major/gcc/bin/../lib/gcc/arm-none-eabi/9.2.1/../../../../arm-none-eabi/lib/thumb/v7e-m+fp/hard/libc_nano.a(lib_a-nano-vfprintf_i.o)
                0x0000000008006e84                _printf_common
 *fill*         0x0000000008006f5e        0x2 
 .text._printf_i
                0x0000000008006f60      0x24c /usr/local/Cellar/arm-none-eabi-gcc/9-2019-q4-major/gcc/bin/../lib/gcc/arm-none-eabi/9.2.1/../../../../arm-none-eabi/lib/thumb/v7e-m+fp/hard/libc_nano.a(lib_a-nano-vfprintf_i.o)
                0x0000000008006f60                _printf_i
 .text._sbrk_r  0x00000000080071ac       0x20 /usr/local/Cellar/arm-none-eabi-gcc/9-2019-q4-major/gcc/bin/../lib/gcc/arm-none-eabi/9.2.1/../../../../arm-none-eabi/lib/thumb/v7e-m+fp/hard/libc_nano.a(lib_a-sbrkr.o)
                0x00000000080071ac                _sbrk_r
 .text.__sread  0x00000000080071cc       0x22 /usr/local/Cellar/arm-none-eabi-gcc/9-2019-q4-major/gcc/bin/../lib/gcc/arm-none-eabi/9.2.1/../../../../arm-none-eabi/lib/thumb/v7e-m+fp/hard/libc_nano.a(lib_a-stdio.o)
                0x00000000080071cc                __sread
 .text.__swrite
                0x00000000080071ee       0x38 /usr/local/Cellar/arm-none-eabi-gcc/9-2019-q4-major/gcc/bin/../lib/gcc/arm-none-eabi/9.2.1/../../../../arm-none-eabi/lib/thumb/v7e-m+fp/hard/libc_nano.a(lib_a-stdio.o)
                0x00000000080071ee                __swrite
 .text.__sseek  0x0000000008007226       0x24 /usr/local/Cellar/arm-none-eabi-gcc/9-2019-q4-major/gcc/bin/../lib/gcc/arm-none-eabi/9.2.1/../../../../arm-none-eabi/lib/thumb/v7e-m+fp/hard/libc_nano.a(lib_a-stdio.o)
                0x0000000008007226                __sseek
 .text.__sclose
                0x000000000800724a        0x8 /usr/local/Cellar/arm-none-eabi-gcc/9-2019-q4-major/gcc/bin/../lib/gcc/arm-none-eabi/9.2.1/../../../../arm-none-eabi/lib/thumb/v7e-m+fp/hard/libc_nano.a(lib_a-stdio.o)
                0x000000000800724a                __sclose
 .text.strchr   0x0000000008007252       0x1a /usr/local/Cellar/arm-none-eabi-gcc/9-2019-q4-major/gcc/bin/../lib/gcc/arm-none-eabi/9.2.1/../../../../arm-none-eabi/lib/thumb/v7e-m+fp/hard/libc_nano.a(lib_a-strchr.o)
                0x0000000008007252                strchr
 .text._write_r
                0x000000000800726c       0x24 /usr/local/Cellar/arm-none-eabi-gcc/9-2019-q4-major/gcc/bin/../lib/gcc/arm-none-eabi/9.2.1/../../../../arm-none-eabi/lib/thumb/v7e-m+fp/hard/libc_nano.a(lib_a-writer.o)
                0x000000000800726c                _write_r
 .text._close_r
                0x0000000008007290       0x20 /usr/local/Cellar/arm-none-eabi-gcc/9-2019-q4-major/gcc/bin/../lib/gcc/arm-none-eabi/9.2.1/../../../../arm-none-eabi/lib/thumb/v7e-m+fp/hard/libc_nano.a(lib_a-closer.o)
                0x0000000008007290                _close_r
 .text._fstat_r
                0x00000000080072b0       0x24 /usr/local/Cellar/arm-none-eabi-gcc/9-2019-q4-major/gcc/bin/../lib/gcc/arm-none-eabi/9.2.1/../../../../arm-none-eabi/lib/thumb/v7e-m+fp/hard/libc_nano.a(lib_a-fstatr.o)
                0x00000000080072b0                _fstat_r
 .text._isatty_r
                0x00000000080072d4       0x20 /usr/local/Cellar/arm-none-eabi-gcc/9-2019-q4-major/gcc/bin/../lib/gcc/arm-none-eabi/9.2.1/../../../../arm-none-eabi/lib/thumb/v7e-m+fp/hard/libc_nano.a(lib_a-isattyr.o)
                0x00000000080072d4                _isatty_r
 .text._lseek_r
                0x00000000080072f4       0x24 /usr/local/Cellar/arm-none-eabi-gcc/9-2019-q4-major/gcc/bin/../lib/gcc/arm-none-eabi/9.2.1/../../../../arm-none-eabi/lib/thumb/v7e-m+fp/hard/libc_nano.a(lib_a-lseekr.o)
                0x00000000080072f4                _lseek_r
 .text.__malloc_lock
                0x0000000008007318        0xc /usr/local/Cellar/arm-none-eabi-gcc/9-2019-q4-major/gcc/bin/../lib/gcc/arm-none-eabi/9.2.1/../../../../arm-none-eabi/lib/thumb/v7e-m+fp/hard/libc_nano.a(lib_a-mlock.o)
                0x0000000008007318                __malloc_lock
 .text.__malloc_unlock
                0x0000000008007324        0xc /usr/local/Cellar/arm-none-eabi-gcc/9-2019-q4-major/gcc/bin/../lib/gcc/arm-none-eabi/9.2.1/../../../../arm-none-eabi/lib/thumb/v7e-m+fp/hard/libc_nano.a(lib_a-mlock.o)
                0x0000000008007324                __malloc_unlock
 .text._read_r  0x0000000008007330       0x24 /usr/local/Cellar/arm-none-eabi-gcc/9-2019-q4-major/gcc/bin/../lib/gcc/arm-none-eabi/9.2.1/../../../../arm-none-eabi/lib/thumb/v7e-m+fp/hard/libc_nano.a(lib_a-readr.o)
                0x0000000008007330                _read_r
 .text._close   0x0000000008007354       0x10 /usr/local/Cellar/arm-none-eabi-gcc/9-2019-q4-major/gcc/bin/../lib/gcc/arm-none-eabi/9.2.1/../../../../arm-none-eabi/lib/thumb/v7e-m+fp/hard/libnosys.a(close.o)
                0x0000000008007354                _close
 .text._fstat   0x0000000008007364       0x10 /usr/local/Cellar/arm-none-eabi-gcc/9-2019-q4-major/gcc/bin/../lib/gcc/arm-none-eabi/9.2.1/../../../../arm-none-eabi/lib/thumb/v7e-m+fp/hard/libnosys.a(fstat.o)
                0x0000000008007364                _fstat
 .text._isatty  0x0000000008007374       0x10 /usr/local/Cellar/arm-none-eabi-gcc/9-2019-q4-major/gcc/bin/../lib/gcc/arm-none-eabi/9.2.1/../../../../arm-none-eabi/lib/thumb/v7e-m+fp/hard/libnosys.a(isatty.o)
                0x0000000008007374                _isatty
 .text._lseek   0x0000000008007384       0x10 /usr/local/Cellar/arm-none-eabi-gcc/9-2019-q4-major/gcc/bin/../lib/gcc/arm-none-eabi/9.2.1/../../../../arm-none-eabi/lib/thumb/v7e-m+fp/hard/libnosys.a(lseek.o)
                0x0000000008007384                _lseek
 .text._read    0x0000000008007394       0x10 /usr/local/Cellar/arm-none-eabi-gcc/9-2019-q4-major/gcc/bin/../lib/gcc/arm-none-eabi/9.2.1/../../../../arm-none-eabi/lib/thumb/v7e-m+fp/hard/libnosys.a(read.o)
                0x0000000008007394                _read
 .text._sbrk    0x00000000080073a4       0x1c /usr/local/Cellar/arm-none-eabi-gcc/9-2019-q4-major/gcc/bin/../lib/gcc/arm-none-eabi/9.2.1/../../../../arm-none-eabi/lib/thumb/v7e-m+fp/hard/libnosys.a(sbrk.o)
                0x00000000080073a4                _sbrk
 *(.glue_7)
 .glue_7        0x00000000080073c0        0x0 linker stubs
 *(.glue_7t)
 .glue_7t       0x00000000080073c0        0x0 linker stubs
 *(.eh_frame)
 .eh_frame      0x00000000080073c0        0x0 /usr/local/Cellar/arm-none-eabi-gcc/9-2019-q4-major/gcc/bin/../lib/gcc/arm-none-eabi/9.2.1/thumb/v7e-m+fp/hard/crtbegin.o
 *(.init)
 .init          0x00000000080073c0        0x4 /usr/local/Cellar/arm-none-eabi-gcc/9-2019-q4-major/gcc/bin/../lib/gcc/arm-none-eabi/9.2.1/thumb/v7e-m+fp/hard/crti.o
                0x00000000080073c0                _init
 .init          0x00000000080073c4        0x8 /usr/local/Cellar/arm-none-eabi-gcc/9-2019-q4-major/gcc/bin/../lib/gcc/arm-none-eabi/9.2.1/thumb/v7e-m+fp/hard/crtn.o
 *(.fini)
 .fini          0x00000000080073cc        0x4 /usr/local/Cellar/arm-none-eabi-gcc/9-2019-q4-major/gcc/bin/../lib/gcc/arm-none-eabi/9.2.1/thumb/v7e-m+fp/hard/crti.o
                0x00000000080073cc                _fini
 .fini          0x00000000080073d0        0x8 /usr/local/Cellar/arm-none-eabi-gcc/9-2019-q4-major/gcc/bin/../lib/gcc/arm-none-eabi/9.2.1/thumb/v7e-m+fp/hard/crtn.o
                0x00000000080073d8                . = ALIGN (0x4)
                0x00000000080073d8                _etext = .

.vfp11_veneer   0x00000000080073d8        0x0
 .vfp11_veneer  0x00000000080073d8        0x0 linker stubs

.v4_bx          0x00000000080073d8        0x0
 .v4_bx         0x00000000080073d8        0x0 linker stubs

.iplt           0x00000000080073d8        0x0
 .iplt          0x00000000080073d8        0x0 /usr/local/Cellar/arm-none-eabi-gcc/9-2019-q4-major/gcc/bin/../lib/gcc/arm-none-eabi/9.2.1/thumb/v7e-m+fp/hard/crtbegin.o

.rodata         0x00000000080073d8      0x92c
                0x00000000080073d8                . = ALIGN (0x4)
 *(.rodata)
 .rodata        0x00000000080073d8       0x1b build/app_debug.o
 *fill*         0x00000000080073f3        0x1 
 .rodata        0x00000000080073f4       0x31 build/app_ble.o
 *fill*         0x0000000008007425        0x3 
 .rodata        0x0000000008007428       0x2c build/stm32wbxx_hal_rcc.o
 *(.rodata*)
 .rodata.APPE_SysEvtError.str1.4
                0x0000000008007454       0xc2 build/app_entry.o
 *fill*         0x0000000008007516        0x2 
 .rodata.APPE_SysEvtReadyProcessing.str1.4
                0x0000000008007518       0xa7 build/app_entry.o
 *fill*         0x00000000080075bf        0x1 
 .rodata.APPE_SysUserEvtRx.str1.4
                0x00000000080075c0      0x16b build/app_entry.o
 *fill*         0x000000000800772b        0x1 
 .rodata.MX_APPE_Config.str1.4
                0x000000000800772c       0x15 build/app_entry.o
 *fill*         0x0000000008007741        0x3 
 .rodata.__FUNCTION__.18656
                0x0000000008007744        0xf build/app_entry.o
 *fill*         0x0000000008007753        0x1 
 .rodata.__FUNCTION__.18701
                0x0000000008007754       0x12 build/app_entry.o
 *fill*         0x0000000008007766        0x2 
 .rodata.__FUNCTION__.18716
                0x0000000008007768       0x11 build/app_entry.o
 *fill*         0x0000000008007779        0x3 
 .rodata.__FUNCTION__.18724
                0x000000000800777c       0x1b build/app_entry.o
 *fill*         0x0000000008007797        0x1 
 .rodata.aGpioConfigList
                0x0000000008007798      0x130 build/app_debug.o
 .rodata.Adv_Cancel.str1.4
                0x00000000080078c8       0x63 build/app_ble.o
                                         0x77 (size before relaxing)
 *fill*         0x000000000800792b        0x1 
 .rodata.Ble_Hci_Gap_Gatt_Init.str1.4
                0x000000000800792c        0xb build/app_ble.o
 *fill*         0x0000000008007937        0x1 
 .rodata.Adv_Request.str1.4
                0x0000000008007938       0x55 build/app_ble.o
 *fill*         0x000000000800798d        0x3 
 .rodata.SVCCTL_App_Notification.str1.4
                0x0000000008007990      0x167 build/app_ble.o
 *fill*         0x0000000008007af7        0x1 
 .rodata.BLE_CFG_ER_VALUE
                0x0000000008007af8       0x10 build/app_ble.o
 .rodata.BLE_CFG_IR_VALUE
                0x0000000008007b08       0x10 build/app_ble.o
 .rodata.M_bd_addr
                0x0000000008007b18        0x6 build/app_ble.o
 *fill*         0x0000000008007b1e        0x2 
 .rodata.__FUNCTION__.18632
                0x0000000008007b20       0x18 build/app_ble.o
 .rodata.__FUNCTION__.18671
                0x0000000008007b38        0xc build/app_ble.o
 .rodata.__FUNCTION__.18684
                0x0000000008007b44        0xb build/app_ble.o
 *fill*         0x0000000008007b4f        0x1 
 .rodata.Custom_APP_Notification.str1.4
                0x0000000008007b50       0x2b build/custom_app.o
                                         0x3f (size before relaxing)
 *fill*         0x0000000008007b7b        0x1 
 .rodata.__FUNCTION__.17898
                0x0000000008007b7c       0x18 build/custom_app.o
 .rodata.UARTPrescTable
                0x0000000008007b94       0x18 build/stm32wbxx_hal_uart.o
                0x0000000008007b94                UARTPrescTable
 .rodata.denominator.11131
                0x0000000008007bac        0x8 build/stm32wbxx_hal_uart_ex.o
 .rodata.numerator.11130
                0x0000000008007bb4        0x8 build/stm32wbxx_hal_uart_ex.o
 .rodata.AHBPrescTable
                0x0000000008007bbc       0x40 build/system_stm32wbxx.o
                0x0000000008007bbc                AHBPrescTable
 .rodata.APBPrescTable
                0x0000000008007bfc       0x20 build/system_stm32wbxx.o
                0x0000000008007bfc                APBPrescTable
 .rodata.MSIRangeTable
                0x0000000008007c1c       0x40 build/system_stm32wbxx.o
                0x0000000008007c1c                MSIRangeTable
 .rodata.SEQ_clz_table_4bit
                0x0000000008007c5c       0x10 build/stm32_seq.o
 .rodata._global_impure_ptr
                0x0000000008007c6c        0x4 /usr/local/Cellar/arm-none-eabi-gcc/9-2019-q4-major/gcc/bin/../lib/gcc/arm-none-eabi/9.2.1/../../../../arm-none-eabi/lib/thumb/v7e-m+fp/hard/libc_nano.a(lib_a-impure.o)
                0x0000000008007c6c                _global_impure_ptr
 .rodata.__sf_fake_stderr
                0x0000000008007c70       0x20 /usr/local/Cellar/arm-none-eabi-gcc/9-2019-q4-major/gcc/bin/../lib/gcc/arm-none-eabi/9.2.1/../../../../arm-none-eabi/lib/thumb/v7e-m+fp/hard/libc_nano.a(lib_a-findfp.o)
                0x0000000008007c70                __sf_fake_stderr
 .rodata.__sf_fake_stdin
                0x0000000008007c90       0x20 /usr/local/Cellar/arm-none-eabi-gcc/9-2019-q4-major/gcc/bin/../lib/gcc/arm-none-eabi/9.2.1/../../../../arm-none-eabi/lib/thumb/v7e-m+fp/hard/libc_nano.a(lib_a-findfp.o)
                0x0000000008007c90                __sf_fake_stdin
 .rodata.__sf_fake_stdout
                0x0000000008007cb0       0x20 /usr/local/Cellar/arm-none-eabi-gcc/9-2019-q4-major/gcc/bin/../lib/gcc/arm-none-eabi/9.2.1/../../../../arm-none-eabi/lib/thumb/v7e-m+fp/hard/libc_nano.a(lib_a-findfp.o)
                0x0000000008007cb0                __sf_fake_stdout
 .rodata._vfprintf_r.str1.1
                0x0000000008007cd0       0x11 /usr/local/Cellar/arm-none-eabi-gcc/9-2019-q4-major/gcc/bin/../lib/gcc/arm-none-eabi/9.2.1/../../../../arm-none-eabi/lib/thumb/v7e-m+fp/hard/libc_nano.a(lib_a-nano-vfprintf.o)
 .rodata._printf_i.str1.1
                0x0000000008007ce1       0x22 /usr/local/Cellar/arm-none-eabi-gcc/9-2019-q4-major/gcc/bin/../lib/gcc/arm-none-eabi/9.2.1/../../../../arm-none-eabi/lib/thumb/v7e-m+fp/hard/libc_nano.a(lib_a-nano-vfprintf_i.o)
                0x0000000008007d04                . = ALIGN (0x4)
 *fill*         0x0000000008007d03        0x1 

.ARM.extab
 *(.ARM.extab* .gnu.linkonce.armextab.*)

.ARM            0x0000000008007d04        0x8
                0x0000000008007d04                __exidx_start = .
 *(.ARM.exidx*)
 .ARM.exidx     0x0000000008007d04        0x8 /usr/local/Cellar/arm-none-eabi-gcc/9-2019-q4-major/gcc/bin/../lib/gcc/arm-none-eabi/9.2.1/thumb/v7e-m+fp/hard/libgcc.a(_udivmoddi4.o)
                0x0000000008007d0c                __exidx_end = .

.rel.dyn        0x0000000008007d0c        0x0
 .rel.iplt      0x0000000008007d0c        0x0 /usr/local/Cellar/arm-none-eabi-gcc/9-2019-q4-major/gcc/bin/../lib/gcc/arm-none-eabi/9.2.1/thumb/v7e-m+fp/hard/crtbegin.o

.preinit_array  0x0000000008007d0c        0x0
                0x0000000008007d0c                PROVIDE (__preinit_array_start = .)
 *(.preinit_array*)
                0x0000000008007d0c                PROVIDE (__preinit_array_end = .)

.init_array     0x0000000008007d0c        0x4
                0x0000000008007d0c                PROVIDE (__init_array_start = .)
 *(SORT_BY_NAME(.init_array.*))
 *(.init_array*)
 .init_array    0x0000000008007d0c        0x4 /usr/local/Cellar/arm-none-eabi-gcc/9-2019-q4-major/gcc/bin/../lib/gcc/arm-none-eabi/9.2.1/thumb/v7e-m+fp/hard/crtbegin.o
                0x0000000008007d10                PROVIDE (__init_array_end = .)

.fini_array     0x0000000008007d10        0x4
                [!provide]                        PROVIDE (__fini_array_start = .)
 *(SORT_BY_NAME(.fini_array.*))
 *(.fini_array*)
 .fini_array    0x0000000008007d10        0x4 /usr/local/Cellar/arm-none-eabi-gcc/9-2019-q4-major/gcc/bin/../lib/gcc/arm-none-eabi/9.2.1/thumb/v7e-m+fp/hard/crtbegin.o
                [!provide]                        PROVIDE (__fini_array_end = .)
                0x0000000008007d14                _sidata = LOADADDR (.data)

.data           0x0000000020000008       0x84 load address 0x0000000008007d14
                0x0000000020000008                . = ALIGN (0x4)
                0x0000000020000008                _sdata = .
 *(.data)
 *(.data*)
 .data.ad_data  0x0000000020000008        0xa build/app_ble.o
                0x0000000020000008                ad_data
 .data.uwTickFreq
                0x0000000020000012        0x1 build/stm32wbxx_hal.o
                0x0000000020000012                uwTickFreq
 *fill*         0x0000000020000013        0x1 
 .data.uwTickPrio
                0x0000000020000014        0x4 build/stm32wbxx_hal.o
                0x0000000020000014                uwTickPrio
 .data.SystemCoreClock
                0x0000000020000018        0x4 build/system_stm32wbxx.o
                0x0000000020000018                SystemCoreClock
 .data.DbgTracePeripheralReady
                0x000000002000001c        0x1 build/dbg_trace.o
                0x000000002000001c                DbgTracePeripheralReady
 *fill*         0x000000002000001d        0x3 
 .data.SuperMask
                0x0000000020000020        0x4 build/stm32_seq.o
 .data.TaskMask
                0x0000000020000024        0x4 build/stm32_seq.o
 .data._impure_ptr
                0x0000000020000028        0x4 /usr/local/Cellar/arm-none-eabi-gcc/9-2019-q4-major/gcc/bin/../lib/gcc/arm-none-eabi/9.2.1/../../../../arm-none-eabi/lib/thumb/v7e-m+fp/hard/libc_nano.a(lib_a-impure.o)
                0x0000000020000028                _impure_ptr
 .data.impure_data
                0x000000002000002c       0x60 /usr/local/Cellar/arm-none-eabi-gcc/9-2019-q4-major/gcc/bin/../lib/gcc/arm-none-eabi/9.2.1/../../../../arm-none-eabi/lib/thumb/v7e-m+fp/hard/libc_nano.a(lib_a-impure.o)
                0x000000002000008c                . = ALIGN (0x4)
                0x000000002000008c                _edata = .

.igot.plt       0x000000002000008c        0x0 load address 0x0000000008007d98
 .igot.plt      0x000000002000008c        0x0 /usr/local/Cellar/arm-none-eabi-gcc/9-2019-q4-major/gcc/bin/../lib/gcc/arm-none-eabi/9.2.1/thumb/v7e-m+fp/hard/crtbegin.o

TIMERSERVER_CONTEXT
                0x000000002000008c       0x99 load address 0x0000000008007d98
 TIMERSERVER_CONTEXT
                0x000000002000008c       0x99 build/hw_timerserver.o

BLE_APP_CONTEXT
                0x0000000020000128       0x84 load address 0x0000000008007e31
 BLE_APP_CONTEXT
                0x0000000020000128       0x84 build/app_ble.o

BLE_DRIVER_CONTEXT
                0x00000000200001ac       0x21 load address 0x0000000008007eb5
 BLE_DRIVER_CONTEXT
                0x00000000200001ac        0x6 build/custom_stm.o
 *fill*         0x00000000200001b2        0x2 
 BLE_DRIVER_CONTEXT
                0x00000000200001b4        0xe build/hci_tl.o
                0x00000000200001c0                UserEventFlow
 *fill*         0x00000000200001c2        0x2 
 BLE_DRIVER_CONTEXT
                0x00000000200001c4        0x9 build/svc_ctl.o
                0x00000000200001c4                SVCCTL_EvtHandler
                0x00000000200001cc                SVCCTL_CltHandler

SYSTEM_DRIVER_CONTEXT
                0x00000000200001d0       0x11 load address 0x0000000008007ed6
 SYSTEM_DRIVER_CONTEXT
                0x00000000200001d0       0x11 build/shci_tl.o
                0x00000000200001e0                SHCI_TL_UserEventFlow
                0x00000000200001e4                . = ALIGN (0x4)

.bss            0x00000000200001e4     0x13ec load address 0x0000000008007ee7
                0x00000000200001e4                _sbss = .
                0x00000000200001e4                __bss_start__ = _sbss
 *(.bss)
 .bss           0x00000000200001e4       0x1c /usr/local/Cellar/arm-none-eabi-gcc/9-2019-q4-major/gcc/bin/../lib/gcc/arm-none-eabi/9.2.1/thumb/v7e-m+fp/hard/crtbegin.o
 *(.bss*)
 .bss.AsynchPrescalerUserConfig
                0x0000000020000200        0x1 build/hw_timerserver.o
 *fill*         0x0000000020000201        0x1 
 .bss.MaxWakeupTimerSetup
                0x0000000020000202        0x2 build/hw_timerserver.o
 .bss.SynchPrescalerUserConfig
                0x0000000020000204        0x2 build/hw_timerserver.o
 .bss.WakeupTimerDivider
                0x0000000020000206        0x1 build/hw_timerserver.o
 *fill*         0x0000000020000207        0x1 
 .bss.phrtc     0x0000000020000208        0x4 build/hw_timerserver.o
 .bss.FreeBufCb
                0x000000002000020c        0x4 build/hw_ipcc.o
 .bss.bd_addr_udn
                0x0000000020000210        0x6 build/app_ble.o
 *fill*         0x0000000020000216        0x2 
 .bss.BLE_IoBusAclDataTxAck
                0x0000000020000218        0x4 build/tl_mbox.o
 .bss.BLE_IoBusEvtCallBackFunction
                0x000000002000021c        0x4 build/tl_mbox.o
 .bss.LocalFreeBufQueue
                0x0000000020000220        0x8 build/tl_mbox.o
 .bss.SYS_CMD_IoBusCallBackFunction
                0x0000000020000228        0x4 build/tl_mbox.o
 .bss.SYS_EVT_IoBusCallBackFunction
                0x000000002000022c        0x4 build/tl_mbox.o
 .bss.MsgDbgTraceQueue
                0x0000000020000230       0x20 build/dbg_trace.o
 .bss.MsgDbgTraceQueueBuff
                0x0000000020000250     0x1000 build/dbg_trace.o
 .bss.HciCmdEventQueue
                0x0000000020001250        0x8 build/hci_tl.o
 .bss.StatusNotCallBackFunction
                0x0000000020001258        0x4 build/hci_tl.o
 .bss.hciContext
                0x000000002000125c       0x20 build/hci_tl.o
 .bss.StatusNotCallBackFunction
                0x000000002000127c        0x4 build/shci_tl.o
 .bss.shciContext
                0x0000000020001280       0x20 build/shci_tl.o
 .bss.OffModeDisable
                0x00000000200012a0        0x4 build/stm32_lpm.o
 .bss.StopModeDisable
                0x00000000200012a4        0x4 build/stm32_lpm.o
 .bss.CurrentTaskIdx
                0x00000000200012a8        0x4 build/stm32_seq.o
 .bss.EvtSet    0x00000000200012ac        0x4 build/stm32_seq.o
 .bss.EvtWaited
                0x00000000200012b0        0x4 build/stm32_seq.o
 .bss.TaskCb    0x00000000200012b4       0x80 build/stm32_seq.o
 .bss.TaskPrio  0x0000000020001334       0x10 build/stm32_seq.o
 .bss.TaskSet   0x0000000020001344        0x4 build/stm32_seq.o
 .bss.__malloc_free_list
                0x0000000020001348        0x4 /usr/local/Cellar/arm-none-eabi-gcc/9-2019-q4-major/gcc/bin/../lib/gcc/arm-none-eabi/9.2.1/../../../../arm-none-eabi/lib/thumb/v7e-m+fp/hard/libc_nano.a(lib_a-nano-mallocr.o)
                0x0000000020001348                __malloc_free_list
 .bss.__malloc_sbrk_start
                0x000000002000134c        0x4 /usr/local/Cellar/arm-none-eabi-gcc/9-2019-q4-major/gcc/bin/../lib/gcc/arm-none-eabi/9.2.1/../../../../arm-none-eabi/lib/thumb/v7e-m+fp/hard/libc_nano.a(lib_a-nano-mallocr.o)
                0x000000002000134c                __malloc_sbrk_start
 .bss.heap_end.5507
                0x0000000020001350        0x4 /usr/local/Cellar/arm-none-eabi-gcc/9-2019-q4-major/gcc/bin/../lib/gcc/arm-none-eabi/9.2.1/../../../../arm-none-eabi/lib/thumb/v7e-m+fp/hard/libnosys.a(sbrk.o)
 *(COMMON)
 COMMON         0x0000000020001354      0x254 build/main.o
                0x0000000020001354                hipcc
                0x0000000020001390                hlpuart1
                0x0000000020001420                hdma_usart1_tx
                0x0000000020001480                huart1
                0x0000000020001510                hrtc
                0x0000000020001534                hdma_lpuart1_tx
                0x0000000020001594                hrng
 COMMON         0x00000000200015a8       0x10 build/hw_uart.o
                0x00000000200015a8                HW_hlpuart1TxCb
                0x00000000200015ac                HW_huart1RxCb
                0x00000000200015b0                HW_hlpuart1RxCb
                0x00000000200015b4                HW_huart1TxCb
 COMMON         0x00000000200015b8        0x4 build/app_ble.o
                0x00000000200015b8                handleNotification
 COMMON         0x00000000200015bc        0x4 build/stm32wbxx_hal.o
                0x00000000200015bc                uwTick
 COMMON         0x00000000200015c0        0x9 /usr/local/Cellar/arm-none-eabi-gcc/9-2019-q4-major/gcc/bin/../lib/gcc/arm-none-eabi/9.2.1/../../../../arm-none-eabi/lib/thumb/v7e-m+fp/hard/libc_nano.a(lib_a-lock.o)
                0x00000000200015c0                __lock___atexit_recursive_mutex
                0x00000000200015c1                __lock___arc4random_mutex
                0x00000000200015c2                __lock___env_recursive_mutex
                0x00000000200015c3                __lock___sinit_recursive_mutex
                0x00000000200015c4                __lock___malloc_recursive_mutex
                0x00000000200015c5                __lock___at_quick_exit_mutex
                0x00000000200015c6                __lock___dd_hash_mutex
                0x00000000200015c7                __lock___tz_mutex
                0x00000000200015c8                __lock___sfp_recursive_mutex
 *fill*         0x00000000200015c9        0x3 
 COMMON         0x00000000200015cc        0x4 /usr/local/Cellar/arm-none-eabi-gcc/9-2019-q4-major/gcc/bin/../lib/gcc/arm-none-eabi/9.2.1/../../../../arm-none-eabi/lib/thumb/v7e-m+fp/hard/libc_nano.a(lib_a-reent.o)
                0x00000000200015cc                errno
                0x00000000200015d0                . = ALIGN (0x4)
                0x00000000200015d0                _ebss = .
                0x00000000200015d0                __bss_end__ = _ebss

._user_heap_stack
                0x00000000200015d0     0x1200 load address 0x0000000008007ee7
                0x00000000200015d0                . = ALIGN (0x8)
                0x00000000200015d0                PROVIDE (end = .)
                [!provide]                        PROVIDE (_end = .)
                0x00000000200017d0                . = (. + _Min_Heap_Size)
 *fill*         0x00000000200015d0      0x200 
                0x00000000200027d0                . = (. + _Min_Stack_Size)
 *fill*         0x00000000200017d0     0x1000 
                0x00000000200027d0                . = ALIGN (0x8)

/DISCARD/
 libc.a(*)
 libm.a(*)
 libgcc.a(*)

.ARM.attributes
                0x0000000000000000       0x30
 *(.ARM.attributes)
 .ARM.attributes
                0x0000000000000000       0x1e /usr/local/Cellar/arm-none-eabi-gcc/9-2019-q4-major/gcc/bin/../lib/gcc/arm-none-eabi/9.2.1/thumb/v7e-m+fp/hard/crti.o
 .ARM.attributes
                0x000000000000001e       0x34 /usr/local/Cellar/arm-none-eabi-gcc/9-2019-q4-major/gcc/bin/../lib/gcc/arm-none-eabi/9.2.1/thumb/v7e-m+fp/hard/crtbegin.o
 .ARM.attributes
                0x0000000000000052       0x34 build/main.o
 .ARM.attributes
                0x0000000000000086       0x34 build/app_entry.o
 .ARM.attributes
                0x00000000000000ba       0x34 build/app_debug.o
 .ARM.attributes
                0x00000000000000ee       0x34 build/hw_timerserver.o
 .ARM.attributes
                0x0000000000000122       0x34 build/hw_uart.o
 .ARM.attributes
                0x0000000000000156       0x34 build/stm32wbxx_it.o
 .ARM.attributes
                0x000000000000018a       0x34 build/stm32wbxx_hal_msp.o
 .ARM.attributes
                0x00000000000001be       0x34 build/hw_ipcc.o
 .ARM.attributes
                0x00000000000001f2       0x34 build/app_ble.o
 .ARM.attributes
                0x0000000000000226       0x34 build/custom_stm.o
 .ARM.attributes
                0x000000000000025a       0x34 build/custom_app.o
 .ARM.attributes
                0x000000000000028e       0x34 build/stm32wbxx_hal_hsem.o
 .ARM.attributes
                0x00000000000002c2       0x34 build/stm32wbxx_hal_rcc.o
 .ARM.attributes
                0x00000000000002f6       0x34 build/stm32wbxx_hal_rcc_ex.o
 .ARM.attributes
                0x000000000000032a       0x34 build/stm32wbxx_hal_gpio.o
 .ARM.attributes
                0x000000000000035e       0x34 build/stm32wbxx_hal_dma.o
 .ARM.attributes
                0x0000000000000392       0x34 build/stm32wbxx_hal_pwr.o
 .ARM.attributes
                0x00000000000003c6       0x34 build/stm32wbxx_hal_pwr_ex.o
 .ARM.attributes
                0x00000000000003fa       0x34 build/stm32wbxx_hal_cortex.o
 .ARM.attributes
                0x000000000000042e       0x34 build/stm32wbxx_hal.o
 .ARM.attributes
                0x0000000000000462       0x34 build/stm32wbxx_hal_ipcc.o
 .ARM.attributes
                0x0000000000000496       0x34 build/stm32wbxx_hal_uart.o
 .ARM.attributes
                0x00000000000004ca       0x34 build/stm32wbxx_hal_uart_ex.o
 .ARM.attributes
                0x00000000000004fe       0x34 build/stm32wbxx_hal_rng.o
 .ARM.attributes
                0x0000000000000532       0x34 build/stm32wbxx_hal_rtc.o
 .ARM.attributes
                0x0000000000000566       0x34 build/stm32wbxx_hal_rtc_ex.o
 .ARM.attributes
                0x000000000000059a       0x34 build/system_stm32wbxx.o
 .ARM.attributes
                0x00000000000005ce       0x34 build/tl_mbox.o
 .ARM.attributes
                0x0000000000000602       0x34 build/shci.o
 .ARM.attributes
                0x0000000000000636       0x34 build/dbg_trace.o
 .ARM.attributes
                0x000000000000066a       0x34 build/otp.o
 .ARM.attributes
                0x000000000000069e       0x34 build/stm_list.o
 .ARM.attributes
                0x00000000000006d2       0x34 build/stm_queue.o
 .ARM.attributes
                0x0000000000000706       0x34 build/osal.o
 .ARM.attributes
                0x000000000000073a       0x34 build/ble_gap_aci.o
 .ARM.attributes
                0x000000000000076e       0x34 build/ble_gatt_aci.o
 .ARM.attributes
                0x00000000000007a2       0x34 build/ble_hal_aci.o
 .ARM.attributes
                0x00000000000007d6       0x34 build/ble_hci_le.o
 .ARM.attributes
                0x000000000000080a       0x34 build/hci_tl.o
 .ARM.attributes
                0x000000000000083e       0x34 build/hci_tl_if.o
 .ARM.attributes
                0x0000000000000872       0x34 build/shci_tl.o
 .ARM.attributes
                0x00000000000008a6       0x34 build/shci_tl_if.o
 .ARM.attributes
                0x00000000000008da       0x34 build/svc_ctl.o
 .ARM.attributes
                0x000000000000090e       0x34 build/stm32_lpm.o
 .ARM.attributes
                0x0000000000000942       0x34 build/stm32_seq.o
 .ARM.attributes
                0x0000000000000976       0x21 build/startup_stm32wb55xx_cm4.o
 .ARM.attributes
                0x0000000000000997       0x32 /usr/local/Cellar/arm-none-eabi-gcc/9-2019-q4-major/gcc/bin/../lib/gcc/arm-none-eabi/9.2.1/../../../../arm-none-eabi/lib/thumb/v7e-m+fp/hard/libc_nano.a(lib_a-impure.o)
 .ARM.attributes
                0x00000000000009c9       0x34 /usr/local/Cellar/arm-none-eabi-gcc/9-2019-q4-major/gcc/bin/../lib/gcc/arm-none-eabi/9.2.1/../../../../arm-none-eabi/lib/thumb/v7e-m+fp/hard/libc_nano.a(lib_a-init.o)
 .ARM.attributes
                0x00000000000009fd       0x34 /usr/local/Cellar/arm-none-eabi-gcc/9-2019-q4-major/gcc/bin/../lib/gcc/arm-none-eabi/9.2.1/../../../../arm-none-eabi/lib/thumb/v7e-m+fp/hard/libc_nano.a(lib_a-memcpy-stub.o)
 .ARM.attributes
                0x0000000000000a31       0x34 /usr/local/Cellar/arm-none-eabi-gcc/9-2019-q4-major/gcc/bin/../lib/gcc/arm-none-eabi/9.2.1/../../../../arm-none-eabi/lib/thumb/v7e-m+fp/hard/libc_nano.a(lib_a-memset.o)
 .ARM.attributes
                0x0000000000000a65       0x34 /usr/local/Cellar/arm-none-eabi-gcc/9-2019-q4-major/gcc/bin/../lib/gcc/arm-none-eabi/9.2.1/../../../../arm-none-eabi/lib/thumb/v7e-m+fp/hard/libc_nano.a(lib_a-printf.o)
 .ARM.attributes
                0x0000000000000a99       0x34 /usr/local/Cellar/arm-none-eabi-gcc/9-2019-q4-major/gcc/bin/../lib/gcc/arm-none-eabi/9.2.1/../../../../arm-none-eabi/lib/thumb/v7e-m+fp/hard/libc_nano.a(lib_a-puts.o)
 .ARM.attributes
                0x0000000000000acd       0x34 /usr/local/Cellar/arm-none-eabi-gcc/9-2019-q4-major/gcc/bin/../lib/gcc/arm-none-eabi/9.2.1/../../../../arm-none-eabi/lib/thumb/v7e-m+fp/hard/libc_nano.a(lib_a-strrchr.o)
 .ARM.attributes
                0x0000000000000b01       0x34 /usr/local/Cellar/arm-none-eabi-gcc/9-2019-q4-major/gcc/bin/../lib/gcc/arm-none-eabi/9.2.1/../../../../arm-none-eabi/lib/thumb/v7e-m+fp/hard/libc_nano.a(lib_a-wbuf.o)
 .ARM.attributes
                0x0000000000000b35       0x34 /usr/local/Cellar/arm-none-eabi-gcc/9-2019-q4-major/gcc/bin/../lib/gcc/arm-none-eabi/9.2.1/../../../../arm-none-eabi/lib/thumb/v7e-m+fp/hard/libc_nano.a(lib_a-wsetup.o)
 .ARM.attributes
                0x0000000000000b69       0x34 /usr/local/Cellar/arm-none-eabi-gcc/9-2019-q4-major/gcc/bin/../lib/gcc/arm-none-eabi/9.2.1/../../../../arm-none-eabi/lib/thumb/v7e-m+fp/hard/libc_nano.a(lib_a-fflush.o)
 .ARM.attributes
                0x0000000000000b9d       0x34 /usr/local/Cellar/arm-none-eabi-gcc/9-2019-q4-major/gcc/bin/../lib/gcc/arm-none-eabi/9.2.1/../../../../arm-none-eabi/lib/thumb/v7e-m+fp/hard/libc_nano.a(lib_a-findfp.o)
 .ARM.attributes
                0x0000000000000bd1       0x34 /usr/local/Cellar/arm-none-eabi-gcc/9-2019-q4-major/gcc/bin/../lib/gcc/arm-none-eabi/9.2.1/../../../../arm-none-eabi/lib/thumb/v7e-m+fp/hard/libc_nano.a(lib_a-fwalk.o)
 .ARM.attributes
                0x0000000000000c05       0x34 /usr/local/Cellar/arm-none-eabi-gcc/9-2019-q4-major/gcc/bin/../lib/gcc/arm-none-eabi/9.2.1/../../../../arm-none-eabi/lib/thumb/v7e-m+fp/hard/libc_nano.a(lib_a-lock.o)
 .ARM.attributes
                0x0000000000000c39       0x34 /usr/local/Cellar/arm-none-eabi-gcc/9-2019-q4-major/gcc/bin/../lib/gcc/arm-none-eabi/9.2.1/../../../../arm-none-eabi/lib/thumb/v7e-m+fp/hard/libc_nano.a(lib_a-makebuf.o)
 .ARM.attributes
                0x0000000000000c6d       0x34 /usr/local/Cellar/arm-none-eabi-gcc/9-2019-q4-major/gcc/bin/../lib/gcc/arm-none-eabi/9.2.1/../../../../arm-none-eabi/lib/thumb/v7e-m+fp/hard/libc_nano.a(lib_a-nano-freer.o)
 .ARM.attributes
                0x0000000000000ca1       0x34 /usr/local/Cellar/arm-none-eabi-gcc/9-2019-q4-major/gcc/bin/../lib/gcc/arm-none-eabi/9.2.1/../../../../arm-none-eabi/lib/thumb/v7e-m+fp/hard/libc_nano.a(lib_a-nano-mallocr.o)
 .ARM.attributes