Archive member included to satisfy reference by file (symbol)

/usr/local/Cellar/arm-none-eabi-gcc/9-2019-q4-major/gcc/bin/../lib/gcc/arm-none-eabi/9.2.1/../../../../arm-none-eabi/lib/thumb/v7e-m+fp/hard/libc_nano.a(lib_a-atoi.o)
                              build/date_time_set.o (atoi)
/usr/local/Cellar/arm-none-eabi-gcc/9-2019-q4-major/gcc/bin/../lib/gcc/arm-none-eabi/9.2.1/../../../../arm-none-eabi/lib/thumb/v7e-m+fp/hard/libc_nano.a(lib_a-ctype_.o)
                              build/command.o (_ctype_)
/usr/local/Cellar/arm-none-eabi-gcc/9-2019-q4-major/gcc/bin/../lib/gcc/arm-none-eabi/9.2.1/../../../../arm-none-eabi/lib/thumb/v7e-m+fp/hard/libc_nano.a(lib_a-exit.o)
                              /usr/local/Cellar/arm-none-eabi-gcc/9-2019-q4-major/gcc/bin/../lib/gcc/arm-none-eabi/9.2.1/../../../../arm-none-eabi/lib/thumb/v7e-m+fp/hard/crt0.o (exit)
/usr/local/Cellar/arm-none-eabi-gcc/9-2019-q4-major/gcc/bin/../lib/gcc/arm-none-eabi/9.2.1/../../../../arm-none-eabi/lib/thumb/v7e-m+fp/hard/libc_nano.a(lib_a-fflush.o)
                              build/command.o (fflush)
/usr/local/Cellar/arm-none-eabi-gcc/9-2019-q4-major/gcc/bin/../lib/gcc/arm-none-eabi/9.2.1/../../../../arm-none-eabi/lib/thumb/v7e-m+fp/hard/libc_nano.a(lib_a-findfp.o)
                              /usr/local/Cellar/arm-none-eabi-gcc/9-2019-q4-major/gcc/bin/../lib/gcc/arm-none-eabi/9.2.1/../../../../arm-none-eabi/lib/thumb/v7e-m+fp/hard/libc_nano.a(lib_a-fflush.o) (__sinit)
/usr/local/Cellar/arm-none-eabi-gcc/9-2019-q4-major/gcc/bin/../lib/gcc/arm-none-eabi/9.2.1/../../../../arm-none-eabi/lib/thumb/v7e-m+fp/hard/libc_nano.a(lib_a-fwalk.o)
                              /usr/local/Cellar/arm-none-eabi-gcc/9-2019-q4-major/gcc/bin/../lib/gcc/arm-none-eabi/9.2.1/../../../../arm-none-eabi/lib/thumb/v7e-m+fp/hard/libc_nano.a(lib_a-findfp.o) (_fwalk)
/usr/local/Cellar/arm-none-eabi-gcc/9-2019-q4-major/gcc/bin/../lib/gcc/arm-none-eabi/9.2.1/../../../../arm-none-eabi/lib/thumb/v7e-m+fp/hard/libc_nano.a(lib_a-impure.o)
                              /usr/local/Cellar/arm-none-eabi-gcc/9-2019-q4-major/gcc/bin/../lib/gcc/arm-none-eabi/9.2.1/../../../../arm-none-eabi/lib/thumb/v7e-m+fp/hard/libc_nano.a(lib_a-exit.o) (_global_impure_ptr)
/usr/local/Cellar/arm-none-eabi-gcc/9-2019-q4-major/gcc/bin/../lib/gcc/arm-none-eabi/9.2.1/../../../../arm-none-eabi/lib/thumb/v7e-m+fp/hard/libc_nano.a(lib_a-init.o)
                              /usr/local/Cellar/arm-none-eabi-gcc/9-2019-q4-major/gcc/bin/../lib/gcc/arm-none-eabi/9.2.1/../../../../arm-none-eabi/lib/thumb/v7e-m+fp/hard/crt0.o (__libc_init_array)
/usr/local/Cellar/arm-none-eabi-gcc/9-2019-q4-major/gcc/bin/../lib/gcc/arm-none-eabi/9.2.1/../../../../arm-none-eabi/lib/thumb/v7e-m+fp/hard/libc_nano.a(lib_a-lcltime.o)
                              build/custom_app.o (localtime)
/usr/local/Cellar/arm-none-eabi-gcc/9-2019-q4-major/gcc/bin/../lib/gcc/arm-none-eabi/9.2.1/../../../../arm-none-eabi/lib/thumb/v7e-m+fp/hard/libc_nano.a(lib_a-lcltime_r.o)
                              /usr/local/Cellar/arm-none-eabi-gcc/9-2019-q4-major/gcc/bin/../lib/gcc/arm-none-eabi/9.2.1/../../../../arm-none-eabi/lib/thumb/v7e-m+fp/hard/libc_nano.a(lib_a-lcltime.o) (localtime_r)
/usr/local/Cellar/arm-none-eabi-gcc/9-2019-q4-major/gcc/bin/../lib/gcc/arm-none-eabi/9.2.1/../../../../arm-none-eabi/lib/thumb/v7e-m+fp/hard/libc_nano.a(lib_a-lock.o)
                              /usr/local/Cellar/arm-none-eabi-gcc/9-2019-q4-major/gcc/bin/../lib/gcc/arm-none-eabi/9.2.1/../../../../arm-none-eabi/lib/thumb/v7e-m+fp/hard/libc_nano.a(lib_a-findfp.o) (__retarget_lock_init_recursive)
/usr/local/Cellar/arm-none-eabi-gcc/9-2019-q4-major/gcc/bin/../lib/gcc/arm-none-eabi/9.2.1/../../../../arm-none-eabi/lib/thumb/v7e-m+fp/hard/libc_nano.a(lib_a-malloc.o)
                              /usr/local/Cellar/arm-none-eabi-gcc/9-2019-q4-major/gcc/bin/../lib/gcc/arm-none-eabi/9.2.1/../../../../arm-none-eabi/lib/thumb/v7e-m+fp/hard/libc_nano.a(lib_a-lcltime.o) (malloc)
/usr/local/Cellar/arm-none-eabi-gcc/9-2019-q4-major/gcc/bin/../lib/gcc/arm-none-eabi/9.2.1/../../../../arm-none-eabi/lib/thumb/v7e-m+fp/hard/libc_nano.a(lib_a-memcmp.o)
                              build/osal.o (memcmp)
/usr/local/Cellar/arm-none-eabi-gcc/9-2019-q4-major/gcc/bin/../lib/gcc/arm-none-eabi/9.2.1/../../../../arm-none-eabi/lib/thumb/v7e-m+fp/hard/libc_nano.a(lib_a-memcpy-stub.o)
                              build/custom_app.o (memcpy)
/usr/local/Cellar/arm-none-eabi-gcc/9-2019-q4-major/gcc/bin/../lib/gcc/arm-none-eabi/9.2.1/../../../../arm-none-eabi/lib/thumb/v7e-m+fp/hard/libc_nano.a(lib_a-memset.o)
                              /usr/local/Cellar/arm-none-eabi-gcc/9-2019-q4-major/gcc/bin/../lib/gcc/arm-none-eabi/9.2.1/../../../../arm-none-eabi/lib/thumb/v7e-m+fp/hard/crt0.o (memset)
/usr/local/Cellar/arm-none-eabi-gcc/9-2019-q4-major/gcc/bin/../lib/gcc/arm-none-eabi/9.2.1/../../../../arm-none-eabi/lib/thumb/v7e-m+fp/hard/libc_nano.a(lib_a-mktime.o)
[...]
Memory Configuration

Name             Origin             Length             Attributes
FLASH            0x0000000008000000 0x0000000000080000 xr
RAM1             0x0000000020000008 0x000000000002fff8 xrw
RAM_SHARED       0x0000000020030000 0x0000000000002800 xrw
*default*        0x0000000000000000 0xffffffffffffffff

Linker script and memory map

LOAD /usr/local/Cellar/arm-none-eabi-gcc/9-2019-q4-major/gcc/bin/../lib/gcc/arm-none-eabi/9.2.1/thumb/v7e-m+fp/hard/crti.o
LOAD /usr/local/Cellar/arm-none-eabi-gcc/9-2019-q4-major/gcc/bin/../lib/gcc/arm-none-eabi/9.2.1/thumb/v7e-m+fp/hard/crtbegin.o
LOAD /usr/local/Cellar/arm-none-eabi-gcc/9-2019-q4-major/gcc/bin/../lib/gcc/arm-none-eabi/9.2.1/../../../../arm-none-eabi/lib/thumb/v7e-m+fp/hard/crt0.o
LOAD build/main.o
LOAD build/app_entry.o
LOAD build/app_debug.o
LOAD build/hw_timerserver.o
LOAD build/hw_uart.o
LOAD build/stm32_lpm_if.o
LOAD build/stm32wbxx_it.o
LOAD build/stm32wbxx_hal_msp.o
LOAD build/hw_ipcc.o
LOAD build/app_ble.o
LOAD build/custom_stm.o
LOAD build/custom_app.o
LOAD build/stm32wbxx_hal_hsem.o
LOAD build/stm32wbxx_hal_rcc.o
LOAD build/stm32wbxx_hal_rcc_ex.o
LOAD build/stm32wbxx_hal_flash.o
LOAD build/stm32wbxx_hal_flash_ex.o
LOAD build/stm32wbxx_hal_gpio.o
LOAD build/stm32wbxx_hal_dma.o
LOAD build/stm32wbxx_hal_dma_ex.o
LOAD build/stm32wbxx_hal_pwr.o
LOAD build/stm32wbxx_hal_pwr_ex.o
LOAD build/stm32wbxx_hal_cortex.o
LOAD build/stm32wbxx_hal.o
LOAD build/stm32wbxx_hal_exti.o
LOAD build/stm32wbxx_hal_ipcc.o
LOAD build/stm32wbxx_hal_uart.o
LOAD build/stm32wbxx_hal_uart_ex.o
LOAD build/stm32wbxx_hal_rng.o
LOAD build/stm32wbxx_hal_rtc.o
LOAD build/stm32wbxx_hal_rtc_ex.o
LOAD build/stm32wbxx_hal_tim.o
LOAD build/stm32wbxx_hal_tim_ex.o
LOAD build/system_stm32wbxx.o
LOAD build/tl_mbox.o
LOAD build/shci.o
LOAD build/dbg_trace.o
LOAD build/otp.o
LOAD build/stm_list.o
LOAD build/stm_queue.o
LOAD build/osal.o
LOAD build/ble_gap_aci.o
LOAD build/ble_gatt_aci.o
LOAD build/ble_hal_aci.o
LOAD build/ble_hci_le.o
LOAD build/ble_l2cap_aci.o
LOAD build/hci_tl.o
LOAD build/hci_tl_if.o
LOAD build/shci_tl.o
LOAD build/shci_tl_if.o
LOAD build/svc_ctl.o
LOAD build/stm32_lpm.o
LOAD build/stm32_seq.o
LOAD build/command.o
LOAD build/queue.o
LOAD build/retarget.o
LOAD build/interrupt.o
LOAD build/flash.o
LOAD build/sample.o
LOAD build/date_time_set.o
LOAD build/stm32wbxx_hal_adc.o
LOAD build/stm32wbxx_hal_adc_ex.o
LOAD build/stm32wbxx_ll_adc.o
LOAD build/temperature.o
LOAD build/battery.o
LOAD build/tsl237.o
LOAD build/startup_stm32wb55xx_cm4.o
LOAD /usr/local/Cellar/arm-none-eabi-gcc/9-2019-q4-major/gcc/bin/../lib/gcc/arm-none-eabi/9.2.1/../../../../arm-none-eabi/lib/thumb/v7e-m+fp/hard/libc_nano.a
LOAD /usr/local/Cellar/arm-none-eabi-gcc/9-2019-q4-major/gcc/bin/../lib/gcc/arm-none-eabi/9.2.1/../../../../arm-none-eabi/lib/thumb/v7e-m+fp/hard/libm.a
LOAD /usr/local/Cellar/arm-none-eabi-gcc/9-2019-q4-major/gcc/bin/../lib/gcc/arm-none-eabi/9.2.1/../../../../arm-none-eabi/lib/thumb/v7e-m+fp/hard/libnosys.a
START GROUP
LOAD /usr/local/Cellar/arm-none-eabi-gcc/9-2019-q4-major/gcc/bin/../lib/gcc/arm-none-eabi/9.2.1/thumb/v7e-m+fp/hard/libgcc.a
LOAD /usr/local/Cellar/arm-none-eabi-gcc/9-2019-q4-major/gcc/bin/../lib/gcc/arm-none-eabi/9.2.1/../../../../arm-none-eabi/lib/thumb/v7e-m+fp/hard/libc_nano.a
END GROUP
START GROUP
LOAD /usr/local/Cellar/arm-none-eabi-gcc/9-2019-q4-major/gcc/bin/../lib/gcc/arm-none-eabi/9.2.1/thumb/v7e-m+fp/hard/libgcc.a
LOAD /usr/local/Cellar/arm-none-eabi-gcc/9-2019-q4-major/gcc/bin/../lib/gcc/arm-none-eabi/9.2.1/../../../../arm-none-eabi/lib/thumb/v7e-m+fp/hard/libc_nano.a
END GROUP
LOAD /usr/local/Cellar/arm-none-eabi-gcc/9-2019-q4-major/gcc/bin/../lib/gcc/arm-none-eabi/9.2.1/thumb/v7e-m+fp/hard/crtend.o
LOAD /usr/local/Cellar/arm-none-eabi-gcc/9-2019-q4-major/gcc/bin/../lib/gcc/arm-none-eabi/9.2.1/thumb/v7e-m+fp/hard/crtn.o
                0x0000000020030000                _estack = 0x20030000
                0x0000000000000200                _Min_Heap_Size = 0x200
                0x0000000000001000                _Min_Stack_Size = 0x1000

.isr_vector     0x0000000008000000      0x13c
                0x0000000008000000                . = ALIGN (0x4)
 *(.isr_vector)
 .isr_vector    0x0000000008000000      0x13c build/startup_stm32wb55xx_cm4.o
                0x0000000008000000                g_pfnVectors
                0x000000000800013c                . = ALIGN (0x4)

.text           0x0000000008000140     0xdc24
                0x0000000008000140                . = ALIGN (0x4)
 *(.text)
 .text          0x0000000008000140       0x40 /usr/local/Cellar/arm-none-eabi-gcc/9-2019-q4-major/gcc/bin/../lib/gcc/arm-none-eabi/9.2.1/thumb/v7e-m+fp/hard/crtbegin.o
 .text          0x0000000008000180       0x14 /usr/local/Cellar/arm-none-eabi-gcc/9-2019-q4-major/gcc/bin/../lib/gcc/arm-none-eabi/9.2.1/../../../../arm-none-eabi/lib/thumb/v7e-m+fp/hard/libc_nano.a(lib_a-strcmp.o)
                0x0000000008000180                strcmp
 .text          0x0000000008000194       0x10 /usr/local/Cellar/arm-none-eabi-gcc/9-2019-q4-major/gcc/bin/../lib/gcc/arm-none-eabi/9.2.1/../../../../arm-none-eabi/lib/thumb/v7e-m+fp/hard/libc_nano.a(lib_a-strlen.o)
                0x0000000008000194                strlen
 *fill*         0x00000000080001a4        0xc 
 .text          0x00000000080001b0       0xa0 /usr/local/Cellar/arm-none-eabi-gcc/9-2019-q4-major/gcc/bin/../lib/gcc/arm-none-eabi/9.2.1/../../../../arm-none-eabi/lib/thumb/v7e-m+fp/hard/libc_nano.a(lib_a-memchr.o)
                0x00000000080001b0                memchr
 .text          0x0000000008000250      0x378 /usr/local/Cellar/arm-none-eabi-gcc/9-2019-q4-major/gcc/bin/../lib/gcc/arm-none-eabi/9.2.1/thumb/v7e-m+fp/hard/libgcc.a(_arm_addsubdf3.o)
                0x0000000008000250                __aeabi_drsub
                0x0000000008000258                __subdf3
                0x0000000008000258                __aeabi_dsub
                0x000000000800025c                __aeabi_dadd
                0x000000000800025c                __adddf3
                0x00000000080004d4                __aeabi_ui2d
                0x00000000080004d4                __floatunsidf
                0x00000000080004f4                __floatsidf
                0x00000000080004f4                __aeabi_i2d
                0x0000000008000518                __extendsfdf2
                0x0000000008000518                __aeabi_f2d
                0x000000000800055c                __aeabi_ul2d
                0x000000000800055c                __floatundidf
                0x000000000800056c                __aeabi_l2d
                0x000000000800056c                __floatdidf
 .text          0x00000000080005c8      0x424 /usr/local/Cellar/arm-none-eabi-gcc/9-2019-q4-major/gcc/bin/../lib/gcc/arm-none-eabi/9.2.1/thumb/v7e-m+fp/hard/libgcc.a(_arm_muldivdf3.o)
                0x00000000080005c8                __aeabi_dmul
                0x00000000080005c8                __muldf3
                0x000000000800081c                __aeabi_ddiv
                0x000000000800081c                __divdf3
 .text          0x00000000080009ec      0x110 /usr/local/Cellar/arm-none-eabi-gcc/9-2019-q4-major/gcc/bin/../lib/gcc/arm-none-eabi/9.2.1/thumb/v7e-m+fp/hard/libgcc.a(_arm_cmpdf2.o)
                0x00000000080009ec                __gedf2
                0x00000000080009ec                __gtdf2
                0x00000000080009f4                __ledf2
                0x00000000080009f4                __ltdf2
                0x00000000080009fc                __cmpdf2
                0x00000000080009fc                __eqdf2
                0x00000000080009fc                __nedf2
                0x0000000008000a78                __aeabi_cdrcmple
                0x0000000008000a88                __aeabi_cdcmple
                0x0000000008000a88                __aeabi_cdcmpeq
                0x0000000008000a98                __aeabi_dcmpeq
                0x0000000008000aac                __aeabi_dcmplt
                0x0000000008000ac0                __aeabi_dcmple
                0x0000000008000ad4                __aeabi_dcmpge
                0x0000000008000ae8                __aeabi_dcmpgt
 .text          0x0000000008000afc       0x2c /usr/local/Cellar/arm-none-eabi-gcc/9-2019-q4-major/gcc/bin/../lib/gcc/arm-none-eabi/9.2.1/thumb/v7e-m+fp/hard/libgcc.a(_arm_unorddf2.o)
                0x0000000008000afc                __aeabi_dcmpun
                0x0000000008000afc                __unorddf2
 .text          0x0000000008000b28       0x50 /usr/local/Cellar/arm-none-eabi-gcc/9-2019-q4-major/gcc/bin/../lib/gcc/arm-none-eabi/9.2.1/thumb/v7e-m+fp/hard/libgcc.a(_arm_fixdfsi.o)
                0x0000000008000b28                __fixdfsi
                0x0000000008000b28                __aeabi_d2iz
 .text          0x0000000008000b78       0xa0 /usr/local/Cellar/arm-none-eabi-gcc/9-2019-q4-major/gcc/bin/../lib/gcc/arm-none-eabi/9.2.1/thumb/v7e-m+fp/hard/libgcc.a(_aeabi_ldivmod.o)
                0x0000000008000b78                __aeabi_ldivmod
 .text          0x0000000008000c18       0x30 /usr/local/Cellar/arm-none-eabi-gcc/9-2019-q4-major/gcc/bin/../lib/gcc/arm-none-eabi/9.2.1/thumb/v7e-m+fp/hard/libgcc.a(_aeabi_uldivmod.o)
                0x0000000008000c18                __aeabi_uldivmod
 .text          0x0000000008000c48      0x2c4 /usr/local/Cellar/arm-none-eabi-gcc/9-2019-q4-major/gcc/bin/../lib/gcc/arm-none-eabi/9.2.1/thumb/v7e-m+fp/hard/libgcc.a(_udivmoddi4.o)
                0x0000000008000c48                __udivmoddi4
 .text          0x0000000008000f0c        0x4 /usr/local/Cellar/arm-none-eabi-gcc/9-2019-q4-major/gcc/bin/../lib/gcc/arm-none-eabi/9.2.1/thumb/v7e-m+fp/hard/libgcc.a(_dvmd_tls.o)
                0x0000000008000f0c                __aeabi_ldiv0
                0x0000000008000f0c                __aeabi_idiv0
 *(.text*)
 .text.MX_GPIO_Init
                0x0000000008000f10       0x40 build/main.o
 .text.MX_DMA_Init
                0x0000000008000f50       0x64 build/main.o
 .text.HAL_TIM_IC_CaptureCallback
                0x0000000008000fb4       0x2c build/main.o
                0x0000000008000fb4                HAL_TIM_IC_CaptureCallback
 .text.UART_CharReception_Callback
                0x0000000008000fe0       0x6c build/main.o
                0x0000000008000fe0                UART_CharReception_Callback
 .text.UART_Error_Callback
                0x000000000800104c       0x28 build/main.o
                0x000000000800104c                UART_Error_Callback
 .text.Error_Handler
                0x0000000008001074        0x4 build/main.o
                0x0000000008001074                Error_Handler
 .text.MX_IPCC_Init
                0x0000000008001078       0x1c build/main.o
 .text.MX_RTC_Init
                0x0000000008001094       0xf0 build/main.o
 .text.MX_RNG_Init
                0x0000000008001184       0x20 build/main.o
 .text.MX_ADC1_Init
                0x00000000080011a4       0x84 build/main.o
 .text.MX_TIM2_Init
                0x0000000008001228       0x80 build/main.o
 .text.SystemClock_Config
                0x00000000080012a8       0xb0 build/main.o
                0x00000000080012a8                SystemClock_Config
 .text.PeriphCommonClock_Config
                0x0000000008001358       0x34 build/main.o
                0x0000000008001358                PeriphCommonClock_Config
 .text.main     0x000000000800138c       0x94 build/main.o
                0x000000000800138c                main
 .text.MX_USART1_UART_Init
                0x0000000008001420       0x64 build/main.o
                0x0000000008001420                MX_USART1_UART_Init
 .text.Reset_IPCC
                0x0000000008001484       0x48 build/app_entry.o
 .text.Init_Rtc
                0x00000000080014cc       0x1c build/app_entry.o
 .text.APPE_SysStatusNot
                0x00000000080014e8        0x2 build/app_entry.o
 .text.Reset_BackupDomain
                0x00000000080014ea       0x44 build/app_entry.o
 .text.Reset_Device
                0x000000000800152e        0xc build/app_entry.o
 *fill*         0x000000000800153a        0x2 
 .text.Config_HSE
                0x000000000800153c       0x2c build/app_entry.o
 .text.SystemPower_Config
                0x0000000008001568       0x2c build/app_entry.o
 .text.appe_Tl_Init
                0x0000000008001594       0x58 build/app_entry.o
 .text.APPE_SysEvtError
                0x00000000080015ec       0x74 build/app_entry.o
 .text.APPE_SysEvtReadyProcessing
                0x0000000008001660       0xe4 build/app_entry.o
 .text.APPE_SysUserEvtRx
                0x0000000008001744      0x19c build/app_entry.o
 .text.MX_APPE_Config
                0x00000000080018e0       0x18 build/app_entry.o
                0x00000000080018e0                MX_APPE_Config
 .text.Init_Exti
                0x00000000080018f8       0x10 build/app_entry.o
                0x00000000080018f8                Init_Exti
 .text.System_Init
                0x0000000008001908        0xc build/app_entry.o
 .text.MX_APPE_Init
                0x0000000008001914       0x20 build/app_entry.o
                0x0000000008001914                MX_APPE_Init
 .text.MX_APPE_Process
                0x0000000008001934        0xc build/app_entry.o
                0x0000000008001934                MX_APPE_Process
 .text.UTIL_SEQ_Idle
                0x0000000008001940        0x2 build/app_entry.o
                0x0000000008001940                UTIL_SEQ_Idle
 .text.UTIL_SEQ_EvtIdle
                0x0000000008001942        0xc build/app_entry.o
                0x0000000008001942                UTIL_SEQ_EvtIdle
 .text.shci_notify_asynch_evt
                0x000000000800194e        0xc build/app_entry.o
                0x000000000800194e                shci_notify_asynch_evt
 .text.shci_cmd_resp_release
                0x000000000800195a        0xa build/app_entry.o
                0x000000000800195a                shci_cmd_resp_release
 .text.shci_cmd_resp_wait
                0x0000000008001964        0xa build/app_entry.o
                0x0000000008001964                shci_cmd_resp_wait
 *fill*         0x000000000800196e        0x2 
 .text.APPD_SetCPU2GpioConfig
                0x0000000008001970      0x158 build/app_debug.o
 .text.APPD_Init
                0x0000000008001ac8       0x28 build/app_debug.o
                0x0000000008001ac8                APPD_Init
 .text.APPD_EnableCPU2
                0x0000000008001af0       0x2c build/app_debug.o
                0x0000000008001af0                APPD_EnableCPU2
 .text.DbgOutputInit
                0x0000000008001b1c        0x8 build/app_debug.o
                0x0000000008001b1c                DbgOutputInit
 .text.DbgOutputTraces
                0x0000000008001b24       0x10 build/app_debug.o
                0x0000000008001b24                DbgOutputTraces
 .text.ReadRtcSsrValue
                0x0000000008001b34       0x20 build/hw_timerserver.o
 .text.LinkTimerAfter
                0x0000000008001b54       0x44 build/hw_timerserver.o
 .text.LinkTimerBefore
                0x0000000008001b98       0x68 build/hw_timerserver.o
 .text.UnlinkTimer
                0x0000000008001c00       0x98 build/hw_timerserver.o
 .text.ReturnTimeElapsed
                0x0000000008001c98       0x5c build/hw_timerserver.o
 .text.linkTimer
                0x0000000008001cf4       0xd8 build/hw_timerserver.o
 .text.RestartWakeupCounter
                0x0000000008001dcc       0x90 build/hw_timerserver.o
 .text.RescheduleTimerList
                0x0000000008001e5c       0xd4 build/hw_timerserver.o
 .text.HW_TS_Init
                0x0000000008001f30      0x154 build/hw_timerserver.o
                0x0000000008001f30                HW_TS_Init
 .text.HW_TS_Stop
                0x0000000008002084       0xc8 build/hw_timerserver.o
                0x0000000008002084                HW_TS_Stop
 .text.HW_TS_Start
                0x000000000800214c       0xa0 build/hw_timerserver.o
                0x000000000800214c                HW_TS_Start
 .text.HW_TS_RTC_Int_AppNot
                0x00000000080021ec        0x6 build/hw_timerserver.o
                0x00000000080021ec                HW_TS_RTC_Int_AppNot
 *fill*         0x00000000080021f2        0x2 
 .text.HW_TS_RTC_Wakeup_Handler
                0x00000000080021f4       0xf0 build/hw_timerserver.o
                0x00000000080021f4                HW_TS_RTC_Wakeup_Handler
 .text.HW_UART_Transmit_DMA
                0x00000000080022e4       0x54 build/hw_uart.o
                0x00000000080022e4                HW_UART_Transmit_DMA
 .text.HAL_UART_TxCpltCallback
                0x0000000008002338       0x34 build/hw_uart.o
                0x0000000008002338                HAL_UART_TxCpltCallback
 .text.NMI_Handler
                0x000000000800236c        0x2 build/stm32wbxx_it.o
                0x000000000800236c                NMI_Handler
 .text.HardFault_Handler
                0x000000000800236e        0x2 build/stm32wbxx_it.o
                0x000000000800236e                HardFault_Handler
 .text.MemManage_Handler
                0x0000000008002370        0x2 build/stm32wbxx_it.o
                0x0000000008002370                MemManage_Handler
 .text.BusFault_Handler
                0x0000000008002372        0x2 build/stm32wbxx_it.o
                0x0000000008002372                BusFault_Handler
 .text.UsageFault_Handler
                0x0000000008002374        0x2 build/stm32wbxx_it.o
                0x0000000008002374                UsageFault_Handler
 .text.SVC_Handler
                0x0000000008002376        0x2 build/stm32wbxx_it.o
                0x0000000008002376                SVC_Handler
 .text.DebugMon_Handler
                0x0000000008002378        0x2 build/stm32wbxx_it.o
                0x0000000008002378                DebugMon_Handler
 .text.PendSV_Handler
                0x000000000800237a        0x2 build/stm32wbxx_it.o
                0x000000000800237a                PendSV_Handler
 .text.SysTick_Handler
                0x000000000800237c        0x8 build/stm32wbxx_it.o
                0x000000000800237c                SysTick_Handler
 .text.RTC_WKUP_IRQHandler
                0x0000000008002384        0x8 build/stm32wbxx_it.o
                0x0000000008002384                RTC_WKUP_IRQHandler
 .text.DMA1_Channel4_IRQHandler
                0x000000000800238c       0x10 build/stm32wbxx_it.o
                0x000000000800238c                DMA1_Channel4_IRQHandler
 .text.TIM2_IRQHandler
                0x000000000800239c       0x10 build/stm32wbxx_it.o
                0x000000000800239c                TIM2_IRQHandler
 .text.USART1_IRQHandler
                0x00000000080023ac       0x44 build/stm32wbxx_it.o
                0x00000000080023ac                USART1_IRQHandler
 .text.LPUART1_IRQHandler
                0x00000000080023f0       0x10 build/stm32wbxx_it.o
                0x00000000080023f0                LPUART1_IRQHandler
 .text.RTC_Alarm_IRQHandler
                0x0000000008002400       0x10 build/stm32wbxx_it.o
                0x0000000008002400                RTC_Alarm_IRQHandler
 .text.IPCC_C1_RX_IRQHandler
                0x0000000008002410        0x8 build/stm32wbxx_it.o
                0x0000000008002410                IPCC_C1_RX_IRQHandler
 .text.IPCC_C1_TX_IRQHandler
                0x0000000008002418        0x8 build/stm32wbxx_it.o
                0x0000000008002418                IPCC_C1_TX_IRQHandler
 .text.HSEM_IRQHandler
                0x0000000008002420        0x8 build/stm32wbxx_it.o
                0x0000000008002420                HSEM_IRQHandler
 .text.DMA2_Channel4_IRQHandler
                0x0000000008002428       0x10 build/stm32wbxx_it.o
                0x0000000008002428                DMA2_Channel4_IRQHandler
 .text.HAL_MspInit
                0x0000000008002438       0x30 build/stm32wbxx_hal_msp.o
                0x0000000008002438                HAL_MspInit
 .text.HAL_ADC_MspInit
                0x0000000008002468       0x6c build/stm32wbxx_hal_msp.o
                0x0000000008002468                HAL_ADC_MspInit
 .text.HAL_IPCC_MspInit
                0x00000000080024d4       0x50 build/stm32wbxx_hal_msp.o
                0x00000000080024d4                HAL_IPCC_MspInit
 .text.HAL_UART_MspInit
                0x0000000008002524      0x180 build/stm32wbxx_hal_msp.o
                0x0000000008002524                HAL_UART_MspInit
 .text.HAL_RNG_MspInit
                0x00000000080026a4       0x54 build/stm32wbxx_hal_msp.o
                0x00000000080026a4                HAL_RNG_MspInit
 .text.HAL_RTC_MspInit
                0x00000000080026f8       0x80 build/stm32wbxx_hal_msp.o
                0x00000000080026f8                HAL_RTC_MspInit
 .text.HAL_TIM_IC_MspInit
                0x0000000008002778       0x70 build/stm32wbxx_hal_msp.o
                0x0000000008002778                HAL_TIM_IC_MspInit
 .text.HW_IPCC_MM_FreeBufHandler
                0x00000000080027e8       0x24 build/hw_ipcc.o
 .text.HW_IPCC_Enable
                0x000000000800280c       0x50 build/hw_ipcc.o
                0x000000000800280c                HW_IPCC_Enable
 .text.HW_IPCC_Init
                0x000000000800285c       0x44 build/hw_ipcc.o
                0x000000000800285c                HW_IPCC_Init
 .text.HW_IPCC_BLE_Init
                0x00000000080028a0       0x10 build/hw_ipcc.o
                0x00000000080028a0                HW_IPCC_BLE_Init
 .text.HW_IPCC_BLE_SendCmd
                0x00000000080028b0       0x10 build/hw_ipcc.o
                0x00000000080028b0                HW_IPCC_BLE_SendCmd
 .text.HW_IPCC_BLE_AclDataEvtHandler
                0x00000000080028c0       0x18 build/hw_ipcc.o
 .text.HW_IPCC_BLE_EvtHandler
                0x00000000080028d8       0x14 build/hw_ipcc.o
 .text.HW_IPCC_SYS_Init
                0x00000000080028ec       0x10 build/hw_ipcc.o
                0x00000000080028ec                HW_IPCC_SYS_Init
 .text.HW_IPCC_SYS_SendCmd
                0x00000000080028fc       0x18 build/hw_ipcc.o
                0x00000000080028fc                HW_IPCC_SYS_SendCmd
 .text.HW_IPCC_SYS_CmdEvtHandler
                0x0000000008002914       0x18 build/hw_ipcc.o
 .text.HW_IPCC_Tx_Handler
                0x000000000800292c       0x58 build/hw_ipcc.o
                0x000000000800292c                HW_IPCC_Tx_Handler
 .text.HW_IPCC_SYS_EvtHandler
                0x0000000008002984       0x14 build/hw_ipcc.o
 .text.HW_IPCC_MM_SendFreeBuf
                0x0000000008002998       0x30 build/hw_ipcc.o
                0x0000000008002998                HW_IPCC_MM_SendFreeBuf
 .text.HW_IPCC_TRACES_Init
                0x00000000080029c8       0x10 build/hw_ipcc.o
                0x00000000080029c8                HW_IPCC_TRACES_Init
 .text.HW_IPCC_TRACES_EvtHandler
                0x00000000080029d8       0x14 build/hw_ipcc.o
 .text.HW_IPCC_Rx_Handler
                0x00000000080029ec       0x58 build/hw_ipcc.o
                0x00000000080029ec                HW_IPCC_Rx_Handler
 .text.Adv_Cancel
                0x0000000008002a44       0x90 build/app_ble.o
 .text.Ble_Tl_Init
                0x0000000008002ad4       0x28 build/app_ble.o
 .text.BLE_UserEvtRx
                0x0000000008002afc       0x1a build/app_ble.o
 .text.BLE_StatusNot
                0x0000000008002b16       0x1a build/app_ble.o
 .text.BleGetBdAddress
                0x0000000008002b30       0x48 build/app_ble.o
 .text.Ble_Hci_Gap_Gatt_Init
                0x0000000008002b78       0xdc build/app_ble.o
 .text.Adv_Request
                0x0000000008002c54       0x88 build/app_ble.o
 .text.APP_BLE_Init
                0x0000000008002cdc       0x84 build/app_ble.o
                0x0000000008002cdc                APP_BLE_Init
 .text.SVCCTL_App_Notification
                0x0000000008002d60      0x1d4 build/app_ble.o
                0x0000000008002d60                SVCCTL_App_Notification
 .text.hci_notify_asynch_evt
                0x0000000008002f34        0xc build/app_ble.o
                0x0000000008002f34                hci_notify_asynch_evt
 .text.hci_cmd_resp_release
                0x0000000008002f40        0xa build/app_ble.o
                0x0000000008002f40                hci_cmd_resp_release
 .text.hci_cmd_resp_wait
                0x0000000008002f4a        0xa build/app_ble.o
                0x0000000008002f4a                hci_cmd_resp_wait
 .text.Custom_STM_Event_Handler
                0x0000000008002f54      0x1e4 build/custom_stm.o
 .text.SVCCTL_InitCustomSvc
                0x0000000008003138      0x1e4 build/custom_stm.o
                0x0000000008003138                SVCCTL_InitCustomSvc
 .text.Custom_STM_App_Update_Char
                0x000000000800331c       0xa8 build/custom_stm.o
                0x000000000800331c                Custom_STM_App_Update_Char
 .text.Custom_Indication_char_Update_Char
                0x00000000080033c4       0x10 build/custom_app.o
 .text.Custom_APP_Notification
                0x00000000080033d4       0x74 build/custom_app.o
                0x00000000080033d4                Custom_APP_Notification
 .text.Custom_APP_Init
                0x0000000008003448        0x2 build/custom_app.o
                0x0000000008003448                Custom_APP_Init
 *fill*         0x000000000800344a        0x2 
 .text.read_data_records_ble
                0x000000000800344c       0xc4 build/custom_app.o
                0x000000000800344c                read_data_records_ble
 .text.Custom_STM_App_Notification
                0x0000000008003510      0x100 build/custom_app.o
                0x0000000008003510                Custom_STM_App_Notification
 .text.HAL_HSEM_FreeCallback
                0x0000000008003610        0x2 build/stm32wbxx_hal_hsem.o
                0x0000000008003610                HAL_HSEM_FreeCallback
 *fill*         0x0000000008003612        0x2 
 .text.HAL_HSEM_IRQHandler
                0x0000000008003614       0x1c build/stm32wbxx_hal_hsem.o
                0x0000000008003614                HAL_HSEM_IRQHandler
 .text.RCC_SetFlashLatency
                0x0000000008003630       0xbc build/stm32wbxx_hal_rcc.o
 .text.RCC_SetFlashLatencyFromMSIRange
                0x00000000080036ec       0x4c build/stm32wbxx_hal_rcc.o
 .text.HAL_RCC_GetSysClockFreq
                0x0000000008003738       0xc0 build/stm32wbxx_hal_rcc.o
                0x0000000008003738                HAL_RCC_GetSysClockFreq
 .text.HAL_RCC_GetHCLKFreq
                0x00000000080037f8       0x20 build/stm32wbxx_hal_rcc.o
                0x00000000080037f8                HAL_RCC_GetHCLKFreq
 .text.HAL_RCC_OscConfig
                0x0000000008003818      0x72c build/stm32wbxx_hal_rcc.o
                0x0000000008003818                HAL_RCC_OscConfig
 .text.HAL_RCC_ClockConfig
                0x0000000008003f44      0x264 build/stm32wbxx_hal_rcc.o
                0x0000000008003f44                HAL_RCC_ClockConfig
 .text.HAL_RCC_GetPCLK1Freq
                0x00000000080041a8       0x24 build/stm32wbxx_hal_rcc.o
                0x00000000080041a8                HAL_RCC_GetPCLK1Freq
 .text.HAL_RCC_GetPCLK2Freq
                0x00000000080041cc       0x24 build/stm32wbxx_hal_rcc.o
                0x00000000080041cc                HAL_RCC_GetPCLK2Freq
 .text.RCCEx_PLLSAI1_ConfigNP
                0x00000000080041f0       0x8e build/stm32wbxx_hal_rcc_ex.o
 .text.RCCEx_PLLSAI1_ConfigNQ
                0x000000000800427e       0x8e build/stm32wbxx_hal_rcc_ex.o
 .text.RCCEx_PLLSAI1_ConfigNR
                0x000000000800430c       0x8e build/stm32wbxx_hal_rcc_ex.o
 .text.HAL_RCCEx_PeriphCLKConfig
                0x000000000800439a      0x31e build/stm32wbxx_hal_rcc_ex.o
                0x000000000800439a                HAL_RCCEx_PeriphCLKConfig
 .text.FLASH_Program_DoubleWord
                0x00000000080046b8       0x20 build/stm32wbxx_hal_flash.o
 .text.HAL_FLASH_Unlock
                0x00000000080046d8       0x30 build/stm32wbxx_hal_flash.o
                0x00000000080046d8                HAL_FLASH_Unlock
 .text.HAL_FLASH_Lock
                0x0000000008004708       0x1c build/stm32wbxx_hal_flash.o
                0x0000000008004708                HAL_FLASH_Lock
 .text.FLASH_WaitForLastOperation
                0x0000000008004724       0x80 build/stm32wbxx_hal_flash.o
                0x0000000008004724                FLASH_WaitForLastOperation
 .text.HAL_FLASH_Program
                0x00000000080047a4       0x64 build/stm32wbxx_hal_flash.o
                0x00000000080047a4                HAL_FLASH_Program
 .text.FLASH_FlushCaches
                0x0000000008004808       0x60 build/stm32wbxx_hal_flash_ex.o
 .text.FLASH_AcknowledgePageErase
                0x0000000008004868       0x14 build/stm32wbxx_hal_flash_ex.o
 .text.FLASH_PageErase
                0x000000000800487c       0x1c build/stm32wbxx_hal_flash_ex.o
                0x000000000800487c                FLASH_PageErase
 .text.HAL_FLASHEx_Erase
                0x0000000008004898       0x70 build/stm32wbxx_hal_flash_ex.o
                0x0000000008004898                HAL_FLASHEx_Erase
 .text.HAL_GPIO_Init
                0x0000000008004908      0x188 build/stm32wbxx_hal_gpio.o
                0x0000000008004908                HAL_GPIO_Init
 .text.HAL_GPIO_WritePin
                0x0000000008004a90        0xa build/stm32wbxx_hal_gpio.o
                0x0000000008004a90                HAL_GPIO_WritePin
 .text.DMA_SetConfig
                0x0000000008004a9a       0x40 build/stm32wbxx_hal_dma.o
 *fill*         0x0000000008004ada        0x2 
 .text.DMA_CalcDMAMUXChannelBaseAndMask
                0x0000000008004adc       0x54 build/stm32wbxx_hal_dma.o
 .text.DMA_CalcDMAMUXRequestGenBaseAndMask
                0x0000000008004b30       0x2c build/stm32wbxx_hal_dma.o
 .text.HAL_DMA_Init
                0x0000000008004b5c       0xdc build/stm32wbxx_hal_dma.o
                0x0000000008004b5c                HAL_DMA_Init
 .text.HAL_DMA_Start_IT
                0x0000000008004c38       0x94 build/stm32wbxx_hal_dma.o
                0x0000000008004c38                HAL_DMA_Start_IT
 .text.HAL_DMA_Abort
                0x0000000008004ccc       0x74 build/stm32wbxx_hal_dma.o
                0x0000000008004ccc                HAL_DMA_Abort
 .text.HAL_DMA_Abort_IT
                0x0000000008004d40       0x72 build/stm32wbxx_hal_dma.o
                0x0000000008004d40                HAL_DMA_Abort_IT
 .text.HAL_DMA_IRQHandler
                0x0000000008004db2       0xc4 build/stm32wbxx_hal_dma.o
                0x0000000008004db2                HAL_DMA_IRQHandler
 *fill*         0x0000000008004e76        0x2 
 .text.HAL_PWR_EnableBkUpAccess
                0x0000000008004e78       0x10 build/stm32wbxx_hal_pwr.o
                0x0000000008004e78                HAL_PWR_EnableBkUpAccess
 .text.HAL_PWREx_GetVoltageRange
                0x0000000008004e88       0x10 build/stm32wbxx_hal_pwr_ex.o
                0x0000000008004e88                HAL_PWREx_GetVoltageRange
 .text.HAL_NVIC_SetPriorityGrouping
                0x0000000008004e98       0x24 build/stm32wbxx_hal_cortex.o
                0x0000000008004e98                HAL_NVIC_SetPriorityGrouping
 .text.HAL_NVIC_SetPriority
                0x0000000008004ebc       0x68 build/stm32wbxx_hal_cortex.o
                0x0000000008004ebc                HAL_NVIC_SetPriority
 .text.HAL_NVIC_EnableIRQ
                0x0000000008004f24       0x1c build/stm32wbxx_hal_cortex.o
                0x0000000008004f24                HAL_NVIC_EnableIRQ
 .text.HAL_NVIC_DisableIRQ
                0x0000000008004f40       0x24 build/stm32wbxx_hal_cortex.o
                0x0000000008004f40                HAL_NVIC_DisableIRQ
 .text.HAL_SYSTICK_Config
                0x0000000008004f64       0x2c build/stm32wbxx_hal_cortex.o
                0x0000000008004f64                HAL_SYSTICK_Config
 .text.HAL_NVIC_SetPendingIRQ
                0x0000000008004f90       0x1c build/stm32wbxx_hal_cortex.o
                0x0000000008004f90                HAL_NVIC_SetPendingIRQ
 .text.HAL_NVIC_ClearPendingIRQ
                0x0000000008004fac       0x1c build/stm32wbxx_hal_cortex.o
                0x0000000008004fac                HAL_NVIC_ClearPendingIRQ
 .text.HAL_InitTick
                0x0000000008004fc8       0x50 build/stm32wbxx_hal.o
                0x0000000008004fc8                HAL_InitTick
 .text.HAL_Init
                0x0000000008005018       0x2c build/stm32wbxx_hal.o
                0x0000000008005018                HAL_Init
 .text.HAL_IncTick
                0x0000000008005044       0x18 build/stm32wbxx_hal.o
                0x0000000008005044                HAL_IncTick
 .text.HAL_GetTick
                0x000000000800505c        0xc build/stm32wbxx_hal.o
                0x000000000800505c                HAL_GetTick
 .text.HAL_GetTickPrio
                0x0000000008005068        0xc build/stm32wbxx_hal.o
                0x0000000008005068                HAL_GetTickPrio
 .text.HAL_DBGMCU_EnableDBGSleepMode
                0x0000000008005074       0x10 build/stm32wbxx_hal.o
                0x0000000008005074                HAL_DBGMCU_EnableDBGSleepMode
 .text.HAL_DBGMCU_EnableDBGStopMode
                0x0000000008005084       0x10 build/stm32wbxx_hal.o
                0x0000000008005084                HAL_DBGMCU_EnableDBGStopMode
 .text.HAL_IPCC_RxCallback
                0x0000000008005094        0x2 build/stm32wbxx_hal_ipcc.o
                0x0000000008005094                HAL_IPCC_RxCallback
 .text.HAL_IPCC_TxCallback
                0x0000000008005096        0x2 build/stm32wbxx_hal_ipcc.o
                0x0000000008005096                HAL_IPCC_TxCallback
 .text.IPCC_SetDefaultCallbacks
                0x0000000008005098       0x28 build/stm32wbxx_hal_ipcc.o
                0x0000000008005098                IPCC_SetDefaultCallbacks
 .text.IPCC_Reset_Register
                0x00000000080050c0       0x10 build/stm32wbxx_hal_ipcc.o
                0x00000000080050c0                IPCC_Reset_Register
 .text.HAL_IPCC_Init
                0x00000000080050d0       0x3c build/stm32wbxx_hal_ipcc.o
                0x00000000080050d0                HAL_IPCC_Init
 .text.UART_EndTxTransfer
                0x000000000800510c       0x32 build/stm32wbxx_hal_uart.o
 .text.UART_EndRxTransfer
                0x000000000800513e       0x56 build/stm32wbxx_hal_uart.o
 .text.HAL_UART_Transmit_DMA
                0x0000000008005194       0xc0 build/stm32wbxx_hal_uart.o
                0x0000000008005194                HAL_UART_Transmit_DMA
 .text.UART_DMATransmitCplt
                0x0000000008005254       0x48 build/stm32wbxx_hal_uart.o
 .text.UART_EndTransmit_IT
                0x000000000800529c       0x24 build/stm32wbxx_hal_uart.o
 .text.HAL_UART_TxHalfCpltCallback
                0x00000000080052c0        0x2 build/stm32wbxx_hal_uart.o
                0x00000000080052c0                HAL_UART_TxHalfCpltCallback
 .text.UART_DMATxHalfCplt
                0x00000000080052c2        0xa build/stm32wbxx_hal_uart.o
 .text.HAL_UART_ErrorCallback
                0x00000000080052cc        0x2 build/stm32wbxx_hal_uart.o
                0x00000000080052cc                HAL_UART_ErrorCallback
 .text.UART_DMAError
                0x00000000080052ce       0x58 build/stm32wbxx_hal_uart.o
 .text.UART_DMAAbortOnError
                0x0000000008005326       0x14 build/stm32wbxx_hal_uart.o
 .text.HAL_UARTEx_RxEventCallback
                0x000000000800533a        0x2 build/stm32wbxx_hal_uart.o
                0x000000000800533a                HAL_UARTEx_RxEventCallback
 .text.HAL_UART_IRQHandler
                0x000000000800533c      0x334 build/stm32wbxx_hal_uart.o
                0x000000000800533c                HAL_UART_IRQHandler
 .text.UART_SetConfig
                0x0000000008005670      0x270 build/stm32wbxx_hal_uart.o
                0x0000000008005670                UART_SetConfig
 .text.UART_AdvFeatureConfig
                0x00000000080058e0       0xca build/stm32wbxx_hal_uart.o
                0x00000000080058e0                UART_AdvFeatureConfig
 .text.UART_WaitOnFlagUntilTimeout
                0x00000000080059aa       0xd8 build/stm32wbxx_hal_uart.o
                0x00000000080059aa                UART_WaitOnFlagUntilTimeout
 .text.UART_CheckIdleState
                0x0000000008005a82       0x74 build/stm32wbxx_hal_uart.o
                0x0000000008005a82                UART_CheckIdleState
 .text.HAL_UART_Init
                0x0000000008005af6       0x66 build/stm32wbxx_hal_uart.o
                0x0000000008005af6                HAL_UART_Init
 .text.UARTEx_SetNbDataToProcess
                0x0000000008005b5c       0x4c build/stm32wbxx_hal_uart_ex.o
 .text.HAL_UARTEx_WakeupCallback
                0x0000000008005ba8        0x2 build/stm32wbxx_hal_uart_ex.o
                0x0000000008005ba8                HAL_UARTEx_WakeupCallback
 .text.HAL_UARTEx_RxFifoFullCallback
                0x0000000008005baa        0x2 build/stm32wbxx_hal_uart_ex.o
                0x0000000008005baa                HAL_UARTEx_RxFifoFullCallback
 .text.HAL_UARTEx_TxFifoEmptyCallback
                0x0000000008005bac        0x2 build/stm32wbxx_hal_uart_ex.o
                0x0000000008005bac                HAL_UARTEx_TxFifoEmptyCallback
 .text.HAL_UARTEx_DisableFifoMode
                0x0000000008005bae       0x3e build/stm32wbxx_hal_uart_ex.o
                0x0000000008005bae                HAL_UARTEx_DisableFifoMode
 .text.HAL_UARTEx_SetTxFifoThreshold
                0x0000000008005bec       0x4a build/stm32wbxx_hal_uart_ex.o
                0x0000000008005bec                HAL_UARTEx_SetTxFifoThreshold
 .text.HAL_UARTEx_SetRxFifoThreshold
                0x0000000008005c36       0x4a build/stm32wbxx_hal_uart_ex.o
                0x0000000008005c36                HAL_UARTEx_SetRxFifoThreshold
 .text.HAL_RNG_Init
                0x0000000008005c80       0x3c build/stm32wbxx_hal_rng.o
                0x0000000008005c80                HAL_RNG_Init
 .text.HAL_RTC_AlarmAEventCallback
                0x0000000008005cbc        0x2 build/stm32wbxx_hal_rtc.o
                0x0000000008005cbc                HAL_RTC_AlarmAEventCallback
 *fill*         0x0000000008005cbe        0x2 
 .text.HAL_RTC_AlarmIRQHandler
                0x0000000008005cc0       0x64 build/stm32wbxx_hal_rtc.o
                0x0000000008005cc0                HAL_RTC_AlarmIRQHandler
 .text.HAL_RTC_WaitForSynchro
                0x0000000008005d24       0x32 build/stm32wbxx_hal_rtc.o
                0x0000000008005d24                HAL_RTC_WaitForSynchro
 .text.RTC_EnterInitMode
                0x0000000008005d56       0x3c build/stm32wbxx_hal_rtc.o
                0x0000000008005d56                RTC_EnterInitMode
 .text.HAL_RTC_Init
                0x0000000008005d92       0xda build/stm32wbxx_hal_rtc.o
                0x0000000008005d92                HAL_RTC_Init
 .text.RTC_ByteToBcd2
                0x0000000008005e6c       0x16 build/stm32wbxx_hal_rtc.o
                0x0000000008005e6c                RTC_ByteToBcd2
 .text.HAL_RTC_SetTime
                0x0000000008005e82      0x112 build/stm32wbxx_hal_rtc.o
                0x0000000008005e82                HAL_RTC_SetTime
 .text.HAL_RTC_SetDate
                0x0000000008005f94       0xec build/stm32wbxx_hal_rtc.o
                0x0000000008005f94                HAL_RTC_SetDate
 .text.HAL_RTC_SetAlarm_IT
                0x0000000008006080      0x1a4 build/stm32wbxx_hal_rtc.o
                0x0000000008006080                HAL_RTC_SetAlarm_IT
 .text.RTC_Bcd2ToByte
                0x0000000008006224       0x12 build/stm32wbxx_hal_rtc.o
                0x0000000008006224                RTC_Bcd2ToByte
 .text.HAL_RTC_GetTime
                0x0000000008006236       0x50 build/stm32wbxx_hal_rtc.o
                0x0000000008006236                HAL_RTC_GetTime
 .text.HAL_RTC_GetDate
                0x0000000008006286       0x3c build/stm32wbxx_hal_rtc.o
                0x0000000008006286                HAL_RTC_GetDate
 *fill*         0x00000000080062c2        0x2 
 .text.HAL_RTCEx_SetWakeUpTimer_IT
                0x00000000080062c4      0x104 build/stm32wbxx_hal_rtc_ex.o
                0x00000000080062c4                HAL_RTCEx_SetWakeUpTimer_IT
 .text.HAL_RTCEx_AlarmBEventCallback
                0x00000000080063c8        0x2 build/stm32wbxx_hal_rtc_ex.o
                0x00000000080063c8                HAL_RTCEx_AlarmBEventCallback
 .text.TIM_TI2_SetConfig
                0x00000000080063ca       0x34 build/stm32wbxx_hal_tim.o
 .text.TIM_TI3_SetConfig
                0x00000000080063fe       0x32 build/stm32wbxx_hal_tim.o
 .text.TIM_TI4_SetConfig
                0x0000000008006430       0x34 build/stm32wbxx_hal_tim.o
 .text.HAL_TIM_Base_Start_IT
                0x0000000008006464       0x64 build/stm32wbxx_hal_tim.o
                0x0000000008006464                HAL_TIM_Base_Start_IT
 .text.HAL_TIM_PeriodElapsedCallback
                0x00000000080064c8        0x2 build/stm32wbxx_hal_tim.o
                0x00000000080064c8                HAL_TIM_PeriodElapsedCallback
 .text.HAL_TIM_OC_DelayElapsedCallback
                0x00000000080064ca        0x2 build/stm32wbxx_hal_tim.o
                0x00000000080064ca                HAL_TIM_OC_DelayElapsedCallback
 .text.HAL_TIM_PWM_PulseFinishedCallback
                0x00000000080064cc        0x2 build/stm32wbxx_hal_tim.o
                0x00000000080064cc                HAL_TIM_PWM_PulseFinishedCallback
 .text.HAL_TIM_TriggerCallback
                0x00000000080064ce        0x2 build/stm32wbxx_hal_tim.o
                0x00000000080064ce                HAL_TIM_TriggerCallback
 .text.HAL_TIM_IRQHandler
                0x00000000080064d0      0x19a build/stm32wbxx_hal_tim.o
                0x00000000080064d0                HAL_TIM_IRQHandler
 *fill*         0x000000000800666a        0x2 
 .text.TIM_Base_SetConfig
                0x000000000800666c       0x70 build/stm32wbxx_hal_tim.o
                0x000000000800666c                TIM_Base_SetConfig
 .text.HAL_TIM_IC_Init
                0x00000000080066dc       0x60 build/stm32wbxx_hal_tim.o
                0x00000000080066dc                HAL_TIM_IC_Init
 .text.TIM_TI1_SetConfig
                0x000000000800673c       0x48 build/stm32wbxx_hal_tim.o
                0x000000000800673c                TIM_TI1_SetConfig
 .text.HAL_TIM_IC_ConfigChannel
                0x0000000008006784       0xc4 build/stm32wbxx_hal_tim.o
                0x0000000008006784                HAL_TIM_IC_ConfigChannel
 .text.TIM_CCxChannelCmd
                0x0000000008006848       0x24 build/stm32wbxx_hal_tim.o
                0x0000000008006848                TIM_CCxChannelCmd
 .text.HAL_TIM_IC_Start_IT
                0x000000000800686c      0x188 build/stm32wbxx_hal_tim.o
                0x000000000800686c                HAL_TIM_IC_Start_IT
 .text.HAL_TIMEx_MasterConfigSynchronization
                0x00000000080069f4       0x68 build/stm32wbxx_hal_tim_ex.o
                0x00000000080069f4                HAL_TIMEx_MasterConfigSynchronization
 .text.HAL_TIMEx_CommutCallback
                0x0000000008006a5c        0x2 build/stm32wbxx_hal_tim_ex.o
                0x0000000008006a5c                HAL_TIMEx_CommutCallback
 .text.HAL_TIMEx_BreakCallback
                0x0000000008006a5e        0x2 build/stm32wbxx_hal_tim_ex.o
                0x0000000008006a5e                HAL_TIMEx_BreakCallback
 .text.HAL_TIMEx_Break2Callback
                0x0000000008006a60        0x2 build/stm32wbxx_hal_tim_ex.o
                0x0000000008006a60                HAL_TIMEx_Break2Callback
 *fill*         0x0000000008006a62        0x2 
 .text.SystemInit
                0x0000000008006a64       0x64 build/system_stm32wbxx.o
                0x0000000008006a64                SystemInit
 .text.SendFreeBuf
                0x0000000008006ac8       0x30 build/tl_mbox.o
 .text.TL_Enable
                0x0000000008006af8        0x8 build/tl_mbox.o
                0x0000000008006af8                TL_Enable
 .text.TL_Init  0x0000000008006b00       0x4c build/tl_mbox.o
                0x0000000008006b00                TL_Init
 .text.TL_BLE_Init
                0x0000000008006b4c       0x48 build/tl_mbox.o
                0x0000000008006b4c                TL_BLE_Init
 .text.TL_BLE_SendCmd
                0x0000000008006b94       0x1c build/tl_mbox.o
                0x0000000008006b94                TL_BLE_SendCmd
 .text.HW_IPCC_BLE_RxEvtNot
                0x0000000008006bb0       0x2c build/tl_mbox.o
                0x0000000008006bb0                HW_IPCC_BLE_RxEvtNot
 .text.HW_IPCC_BLE_AclDataAckNot
                0x0000000008006bdc       0x10 build/tl_mbox.o
                0x0000000008006bdc                HW_IPCC_BLE_AclDataAckNot
 .text.TL_SYS_Init
                0x0000000008006bec       0x3c build/tl_mbox.o
                0x0000000008006bec                TL_SYS_Init
 .text.TL_SYS_SendCmd
                0x0000000008006c28       0x1c build/tl_mbox.o
                0x0000000008006c28                TL_SYS_SendCmd
 .text.HW_IPCC_SYS_CmdEvtNot
                0x0000000008006c44       0x1c build/tl_mbox.o
                0x0000000008006c44                HW_IPCC_SYS_CmdEvtNot
 .text.HW_IPCC_SYS_EvtNot
                0x0000000008006c60       0x2c build/tl_mbox.o
                0x0000000008006c60                HW_IPCC_SYS_EvtNot
 .text.TL_MM_Init
                0x0000000008006c8c       0x40 build/tl_mbox.o
                0x0000000008006c8c                TL_MM_Init
 .text.TL_MM_EvtDone
                0x0000000008006ccc       0x1c build/tl_mbox.o
                0x0000000008006ccc                TL_MM_EvtDone
 .text.TL_TRACES_Init
                0x0000000008006ce8       0x20 build/tl_mbox.o
                0x0000000008006ce8                TL_TRACES_Init
 .text.TL_TRACES_EvtReceived
                0x0000000008006d08        0x2 build/tl_mbox.o
                0x0000000008006d08                TL_TRACES_EvtReceived
 *fill*         0x0000000008006d0a        0x2 
 .text.HW_IPCC_TRACES_EvtNot
                0x0000000008006d0c       0x28 build/tl_mbox.o
                0x0000000008006d0c                HW_IPCC_TRACES_EvtNot
 .text.SHCI_C2_BLE_Init
                0x0000000008006d34       0x1e build/shci.o
                0x0000000008006d34                SHCI_C2_BLE_Init
 .text.SHCI_C2_DEBUG_Init
                0x0000000008006d52       0x1e build/shci.o
                0x0000000008006d52                SHCI_C2_DEBUG_Init
 .text.SHCI_C2_Config
                0x0000000008006d70       0x1c build/shci.o
                0x0000000008006d70                SHCI_C2_Config
 .text.SHCI_GetWirelessFwInfo
                0x0000000008006d8c       0x80 build/shci.o
                0x0000000008006d8c                SHCI_GetWirelessFwInfo
 .text.DbgTrace_TxCpltCallback
                0x0000000008006e0c       0x4c build/dbg_trace.o
 .text.DbgTraceGetFileName
                0x0000000008006e58       0x22 build/dbg_trace.o
                0x0000000008006e58                DbgTraceGetFileName
 *fill*         0x0000000008006e7a        0x2 
 .text.DbgTraceInit
                0x0000000008006e7c       0x28 build/dbg_trace.o
                0x0000000008006e7c                DbgTraceInit
 .text.DbgTraceWrite
                0x0000000008006ea4       0x64 build/dbg_trace.o
                0x0000000008006ea4                DbgTraceWrite
 .text._write   0x0000000008006f08        0x8 build/dbg_trace.o
                0x0000000008006f08                _write
 .text.OTP_Read
                0x0000000008006f10       0x28 build/otp.o
                0x0000000008006f10                OTP_Read
 .text.LST_init_head
                0x0000000008006f38        0x6 build/stm_list.o
                0x0000000008006f38                LST_init_head
 .text.LST_is_empty
                0x0000000008006f3e       0x18 build/stm_list.o
                0x0000000008006f3e                LST_is_empty
 .text.LST_insert_head
                0x0000000008006f56       0x18 build/stm_list.o
                0x0000000008006f56                LST_insert_head
 .text.LST_insert_tail
                0x0000000008006f6e       0x18 build/stm_list.o
                0x0000000008006f6e                LST_insert_tail
 .text.LST_remove_node
                0x0000000008006f86       0x18 build/stm_list.o
                0x0000000008006f86                LST_remove_node
 .text.LST_remove_head
                0x0000000008006f9e       0x18 build/stm_list.o
                0x0000000008006f9e                LST_remove_head
 .text.CircularQueue_Init
                0x0000000008006fb6       0x32 build/stm_queue.o
                0x0000000008006fb6                CircularQueue_Init
 .text.CircularQueue_Add
                0x0000000008006fe8      0x236 build/stm_queue.o
                0x0000000008006fe8                CircularQueue_Add
 .text.CircularQueue_Remove
                0x000000000800721e       0xdc build/stm_queue.o
                0x000000000800721e                CircularQueue_Remove
 .text.CircularQueue_Sense
                0x00000000080072fa       0xa4 build/stm_queue.o
                0x00000000080072fa                CircularQueue_Sense
 .text.Osal_MemCpy
                0x000000000800739e        0x8 build/osal.o
                0x000000000800739e                Osal_MemCpy
 .text.Osal_MemSet
                0x00000000080073a6        0x8 build/osal.o
                0x00000000080073a6                Osal_MemSet
 .text.aci_gap_set_non_discoverable
                0x00000000080073ae       0x42 build/ble_gap_aci.o
                0x00000000080073ae                aci_gap_set_non_discoverable
 .text.aci_gap_set_discoverable
                0x00000000080073f0       0xb4 build/ble_gap_aci.o
                0x00000000080073f0                aci_gap_set_discoverable
 .text.aci_gap_set_io_capability
                0x00000000080074a4       0x4c build/ble_gap_aci.o
                0x00000000080074a4                aci_gap_set_io_capability
 .text.aci_gap_set_authentication_requirement
                0x00000000080074f0       0x80 build/ble_gap_aci.o
                0x00000000080074f0                aci_gap_set_authentication_requirement
 .text.aci_gap_pass_key_resp
                0x0000000008007570       0x52 build/ble_gap_aci.o
                0x0000000008007570                aci_gap_pass_key_resp
 .text.aci_gap_init
                0x00000000080075c2       0x7e build/ble_gap_aci.o
                0x00000000080075c2                aci_gap_init
 .text.aci_gap_update_adv_data
                0x0000000008007640       0x5a build/ble_gap_aci.o
                0x0000000008007640                aci_gap_update_adv_data
 .text.aci_gap_configure_whitelist
                0x000000000800769a       0x42 build/ble_gap_aci.o
                0x000000000800769a                aci_gap_configure_whitelist
 .text.aci_gap_numeric_comparison_value_confirm_yesno
                0x00000000080076dc       0x52 build/ble_gap_aci.o
                0x00000000080076dc                aci_gap_numeric_comparison_value_confirm_yesno
 .text.aci_gatt_init
                0x000000000800772e       0x44 build/ble_gatt_aci.o
                0x000000000800772e                aci_gatt_init
 .text.aci_gatt_add_service
                0x0000000008007772       0xa0 build/ble_gatt_aci.o
                0x0000000008007772                aci_gatt_add_service
 .text.aci_gatt_add_char
                0x0000000008007812       0xc0 build/ble_gatt_aci.o
                0x0000000008007812                aci_gatt_add_char
 .text.aci_gatt_update_char_value
                0x00000000080078d2       0x6a build/ble_gatt_aci.o
                0x00000000080078d2                aci_gatt_update_char_value
 .text.aci_gatt_allow_read
                0x000000000800793c       0x50 build/ble_gatt_aci.o
                0x000000000800793c                aci_gatt_allow_read
 .text.aci_hal_write_config_data
                0x000000000800798c       0x60 build/ble_hal_aci.o
                0x000000000800798c                aci_hal_write_config_data
 .text.aci_hal_set_tx_power_level
                0x00000000080079ec       0x52 build/ble_hal_aci.o
                0x00000000080079ec                aci_hal_set_tx_power_level
 .text.aci_hal_set_radio_activity_mask
                0x0000000008007a3e       0x4e build/ble_hal_aci.o
                0x0000000008007a3e                aci_hal_set_radio_activity_mask
 .text.hci_reset
                0x0000000008007a8c       0x40 build/ble_hci_le.o
                0x0000000008007a8c                hci_reset
 .text.hci_le_set_default_phy
                0x0000000008007acc       0x56 build/ble_hci_le.o
                0x0000000008007acc                hci_le_set_default_phy
 *fill*         0x0000000008007b22        0x2 
 .text.NotifyCmdStatus
                0x0000000008007b24       0x20 build/hci_tl.o
 .text.TlInit   0x0000000008007b44       0x40 build/hci_tl.o
 .text.SendCmd  0x0000000008007b84       0x30 build/hci_tl.o
 .text.hci_init
                0x0000000008007bb4       0x24 build/hci_tl.o
                0x0000000008007bb4                hci_init
 .text.hci_user_evt_proc
                0x0000000008007bd8       0x80 build/hci_tl.o
                0x0000000008007bd8                hci_user_evt_proc
 .text.hci_send_req
                0x0000000008007c58       0xa4 build/hci_tl.o
                0x0000000008007c58                hci_send_req
 .text.TlEvtReceived
                0x0000000008007cfc       0x34 build/hci_tl.o
 .text.hci_register_io_bus
                0x0000000008007d30       0x14 build/hci_tl_if.o
                0x0000000008007d30                hci_register_io_bus
 .text.Cmd_SetStatus
                0x0000000008007d44       0x30 build/shci_tl.o
 .text.TlInit   0x0000000008007d74       0x44 build/shci_tl.o
 .text.TlUserEvtReceived
                0x0000000008007db8       0x18 build/shci_tl.o
 .text.shci_init
                0x0000000008007dd0       0x24 build/shci_tl.o
                0x0000000008007dd0                shci_init
 .text.shci_user_evt_proc
                0x0000000008007df4       0x80 build/shci_tl.o
                0x0000000008007df4                shci_user_evt_proc
 .text.shci_send
                0x0000000008007e74       0x60 build/shci_tl.o
                0x0000000008007e74                shci_send
 .text.TlCmdEvtReceived
                0x0000000008007ed4        0xa build/shci_tl.o
 *fill*         0x0000000008007ede        0x2 
 .text.shci_register_io_bus
                0x0000000008007ee0       0x14 build/shci_tl_if.o
                0x0000000008007ee0                shci_register_io_bus
 .text.BAS_Init
                0x0000000008007ef4        0x2 build/svc_ctl.o
                0x0000000008007ef4                BAS_Init
 .text.BLS_Init
                0x0000000008007ef6        0x2 build/svc_ctl.o
                0x0000000008007ef6                BLS_Init
 .text.CRS_STM_Init
                0x0000000008007ef8        0x2 build/svc_ctl.o
                0x0000000008007ef8                CRS_STM_Init
 .text.DIS_Init
                0x0000000008007efa        0x2 build/svc_ctl.o
                0x0000000008007efa                DIS_Init
 .text.EDS_STM_Init
                0x0000000008007efc        0x2 build/svc_ctl.o
                0x0000000008007efc                EDS_STM_Init
 .text.HIDS_Init
                0x0000000008007efe        0x2 build/svc_ctl.o
                0x0000000008007efe                HIDS_Init
 .text.HRS_Init
                0x0000000008007f00        0x2 build/svc_ctl.o
                0x0000000008007f00                HRS_Init
 .text.HTS_Init
                0x0000000008007f02        0x2 build/svc_ctl.o
                0x0000000008007f02                HTS_Init
 .text.IAS_Init
                0x0000000008007f04        0x2 build/svc_ctl.o
                0x0000000008007f04                IAS_Init
 .text.LLS_Init
                0x0000000008007f06        0x2 build/svc_ctl.o
                0x0000000008007f06                LLS_Init
 .text.TPS_Init
                0x0000000008007f08        0x2 build/svc_ctl.o
                0x0000000008007f08                TPS_Init
 .text.MOTENV_STM_Init
                0x0000000008007f0a        0x2 build/svc_ctl.o
                0x0000000008007f0a                MOTENV_STM_Init
 .text.P2PS_STM_Init
                0x0000000008007f0c        0x2 build/svc_ctl.o
                0x0000000008007f0c                P2PS_STM_Init
 .text.ZDD_STM_Init
                0x0000000008007f0e        0x2 build/svc_ctl.o
                0x0000000008007f0e                ZDD_STM_Init
 .text.OTAS_STM_Init
                0x0000000008007f10        0x2 build/svc_ctl.o
                0x0000000008007f10                OTAS_STM_Init
 .text.MESH_Init
                0x0000000008007f12        0x2 build/svc_ctl.o
                0x0000000008007f12                MESH_Init
 .text.BVOPUS_STM_Init
                0x0000000008007f14        0x2 build/svc_ctl.o
                0x0000000008007f14                BVOPUS_STM_Init
 .text.SVCCTL_SvcInit
                0x0000000008007f16       0x4c build/svc_ctl.o
                0x0000000008007f16                SVCCTL_SvcInit
 *fill*         0x0000000008007f62        0x2 
 .text.SVCCTL_Init
                0x0000000008007f64       0x14 build/svc_ctl.o
                0x0000000008007f64                SVCCTL_Init
 .text.SVCCTL_RegisterSvcHandler
                0x0000000008007f78       0x14 build/svc_ctl.o
                0x0000000008007f78                SVCCTL_RegisterSvcHandler
 .text.SVCCTL_UserEvtRx
                0x0000000008007f8c       0x54 build/svc_ctl.o
                0x0000000008007f8c                SVCCTL_UserEvtRx
 .text.UTIL_LPM_Init
                0x0000000008007fe0       0x14 build/stm32_lpm.o
                0x0000000008007fe0                UTIL_LPM_Init
 .text.UTIL_LPM_SetOffMode
                0x0000000008007ff4       0x2c build/stm32_lpm.o
                0x0000000008007ff4                UTIL_LPM_SetOffMode
 .text.UTIL_SEQ_SetTask
                0x0000000008008020       0x30 build/stm32_seq.o
                0x0000000008008020                UTIL_SEQ_SetTask
 .text.UTIL_SEQ_PauseTask
                0x0000000008008050       0x1c build/stm32_seq.o
                0x0000000008008050                UTIL_SEQ_PauseTask
 .text.UTIL_SEQ_ResumeTask
                0x000000000800806c       0x18 build/stm32_seq.o
                0x000000000800806c                UTIL_SEQ_ResumeTask
 .text.UTIL_SEQ_SetEvt
                0x0000000008008084       0x18 build/stm32_seq.o
                0x0000000008008084                UTIL_SEQ_SetEvt
 .text.UTIL_SEQ_PreIdle
                0x000000000800809c        0x2 build/stm32_seq.o
                0x000000000800809c                UTIL_SEQ_PreIdle
 .text.UTIL_SEQ_PostIdle
                0x000000000800809e        0x2 build/stm32_seq.o
                0x000000000800809e                UTIL_SEQ_PostIdle
 .text.SEQ_BitPosition
                0x00000000080080a0       0x3c build/stm32_seq.o
                0x00000000080080a0                SEQ_BitPosition
 .text.UTIL_SEQ_Run
                0x00000000080080dc      0x120 build/stm32_seq.o
                0x00000000080080dc                UTIL_SEQ_Run
 .text.UTIL_SEQ_WaitEvt
                0x00000000080081fc       0x58 build/stm32_seq.o
                0x00000000080081fc                UTIL_SEQ_WaitEvt
 .text.UTIL_SEQ_RegTask
                0x0000000008008254       0x20 build/stm32_seq.o
                0x0000000008008254                UTIL_SEQ_RegTask
 .text.help_command
                0x0000000008008274       0x30 build/command.o
                0x0000000008008274                help_command
 .text.time_command
                0x00000000080082a4       0x18 build/command.o
                0x00000000080082a4                time_command
 .text.test_command
                0x00000000080082bc       0x18 build/command.o
                0x00000000080082bc                test_command
 .text.lon_command
                0x00000000080082d4       0x20 build/command.o
                0x00000000080082d4                lon_command
 .text.lof_command
                0x00000000080082f4       0x20 build/command.o
                0x00000000080082f4                lof_command
 .text.uid_command
                0x0000000008008314       0x20 build/command.o
                0x0000000008008314                uid_command
 .text.prompt   0x0000000008008334       0x68 build/command.o
                0x0000000008008334                prompt
 .text.parse_command
                0x000000000800839c       0x38 build/command.o
                0x000000000800839c                parse_command
 .text.execute_command
                0x00000000080083d4       0x88 build/command.o
                0x00000000080083d4                execute_command
 .text.GetPage  0x000000000800845c       0x2c build/flash.o
 .text.flash_info_command
                0x0000000008008488       0x6c build/flash.o
                0x0000000008008488                flash_info_command
 .text.flash_write_init
                0x00000000080084f4       0x2c build/flash.o
                0x00000000080084f4                flash_write_init
 .text.write_raw
                0x0000000008008520       0x68 build/flash.o
                0x0000000008008520                write_raw
 .text.flash_erase
                0x0000000008008588       0x68 build/flash.o
                0x0000000008008588                flash_erase
 .text.ef_command
                0x00000000080085f0       0x40 build/flash.o
                0x00000000080085f0                ef_command
 .text.sample   0x0000000008008630       0x3c build/sample.o
                0x0000000008008630                sample
 .text.sample_command
                0x000000000800866c       0x2c build/sample.o
                0x000000000800866c                sample_command
 .text.read_data_records
                0x0000000008008698       0xac build/sample.o
                0x0000000008008698                read_data_records
 .text.data_command
                0x0000000008008744       0x28 build/sample.o
                0x0000000008008744                data_command
 .text.date_set
                0x000000000800876c       0xd8 build/date_time_set.o
                0x000000000800876c                date_set
 .text.ds_command
                0x0000000008008844       0x30 build/date_time_set.o
                0x0000000008008844                ds_command
 .text.time_set
                0x0000000008008874       0xe0 build/date_time_set.o
                0x0000000008008874                time_set
 .text.ts_command
                0x0000000008008954       0x30 build/date_time_set.o
                0x0000000008008954                ts_command
 .text.create_sample_time
                0x0000000008008984       0xd0 build/date_time_set.o
                0x0000000008008984                create_sample_time
 .text.HAL_ADC_Init
                0x0000000008008a54      0x1dc build/stm32wbxx_hal_adc.o
                0x0000000008008a54                HAL_ADC_Init
 .text.HAL_ADC_PollForConversion
                0x0000000008008c30       0xb4 build/stm32wbxx_hal_adc.o
                0x0000000008008c30                HAL_ADC_PollForConversion
 .text.HAL_ADC_GetValue
                0x0000000008008ce4        0x6 build/stm32wbxx_hal_adc.o
                0x0000000008008ce4                HAL_ADC_GetValue
 *fill*         0x0000000008008cea        0x2 
 .text.HAL_ADC_ConfigChannel
                0x0000000008008cec      0x470 build/stm32wbxx_hal_adc.o
                0x0000000008008cec                HAL_ADC_ConfigChannel
 .text.ADC_ConversionStop
                0x000000000800915c      0x100 build/stm32wbxx_hal_adc.o
                0x000000000800915c                ADC_ConversionStop
 .text.ADC_Enable
                0x000000000800925c       0xd0 build/stm32wbxx_hal_adc.o
                0x000000000800925c                ADC_Enable
 .text.HAL_ADC_Start
                0x000000000800932c       0x78 build/stm32wbxx_hal_adc.o
                0x000000000800932c                HAL_ADC_Start
 .text.ADC_Disable
                0x00000000080093a4       0x94 build/stm32wbxx_hal_adc.o
                0x00000000080093a4                ADC_Disable
 .text.HAL_ADC_Stop
                0x0000000008009438       0x42 build/stm32wbxx_hal_adc.o
                0x0000000008009438                HAL_ADC_Stop
 *fill*         0x000000000800947a        0x2 
 .text.HAL_ADCEx_Calibration_Start
                0x000000000800947c       0x9c build/stm32wbxx_hal_adc_ex.o
                0x000000000800947c                HAL_ADCEx_Calibration_Start
 .text.read_temp
                0x0000000008009518       0xa8 build/temperature.o
                0x0000000008009518                read_temp
 .text.temp_command
                0x00000000080095c0       0x2c build/temperature.o
                0x00000000080095c0                temp_command
 .text.read_vrefint
                0x00000000080095ec       0x9c build/battery.o
                0x00000000080095ec                read_vrefint
 .text.batt_command
                0x0000000008009688       0x44 build/battery.o
                0x0000000008009688                batt_command
 .text.tsl237_command
                0x00000000080096cc       0x60 build/tsl237.o
                0x00000000080096cc                tsl237_command
 .text.data_initializers
                0x000000000800972c       0x18 build/startup_stm32wb55xx_cm4.o
 .text.Reset_Handler
                0x0000000008009744       0x54 build/startup_stm32wb55xx_cm4.o
                0x0000000008009744                Reset_Handler
 .text.Default_Handler
                0x0000000008009798        0x2 build/startup_stm32wb55xx_cm4.o
                0x0000000008009798                DMA2_Channel3_IRQHandler
                0x0000000008009798                TIM1_CC_IRQHandler
                0x0000000008009798                TSC_IRQHandler
                0x0000000008009798                USB_HP_IRQHandler
                0x0000000008009798                EXTI3_IRQHandler
                0x0000000008009798                LPTIM2_IRQHandler
                0x0000000008009798                I2C3_ER_IRQHandler
                0x0000000008009798                EXTI0_IRQHandler
                0x0000000008009798                FPU_IRQHandler
                0x0000000008009798                TIM1_UP_TIM16_IRQHandler
                0x0000000008009798                AES1_IRQHandler
                0x0000000008009798                SPI1_IRQHandler
                0x0000000008009798                PWR_SOTF_BLEACT_802ACT_RFPHASE_IRQHandler
                0x0000000008009798                DMA2_Channel2_IRQHandler
                0x0000000008009798                ADC1_IRQHandler
                0x0000000008009798                PKA_IRQHandler
                0x0000000008009798                DMA1_Channel7_IRQHandler
                0x0000000008009798                LCD_IRQHandler
                0x0000000008009798                DMA2_Channel1_IRQHandler
                0x0000000008009798                QUADSPI_IRQHandler
                0x0000000008009798                I2C1_EV_IRQHandler
                0x0000000008009798                DMAMUX1_OVR_IRQHandler
                0x0000000008009798                DMA1_Channel6_IRQHandler
                0x0000000008009798                RCC_IRQHandler
                0x0000000008009798                DMA1_Channel1_IRQHandler
                0x0000000008009798                Default_Handler
                0x0000000008009798                DMA2_Channel7_IRQHandler
                0x0000000008009798                EXTI15_10_IRQHandler
                0x0000000008009798                C2SEV_PWR_C2H_IRQHandler
                0x0000000008009798                AES2_IRQHandler
                0x0000000008009798                I2C3_EV_IRQHandler
                0x0000000008009798                EXTI9_5_IRQHandler
                0x0000000008009798                PVD_PVM_IRQHandler
                0x0000000008009798                SPI2_IRQHandler
                0x0000000008009798                DMA2_Channel5_IRQHandler
                0x0000000008009798                CRS_IRQHandler
                0x0000000008009798                DMA1_Channel5_IRQHandler
                0x0000000008009798                USB_LP_IRQHandler
                0x0000000008009798                EXTI4_IRQHandler
                0x0000000008009798                RNG_IRQHandler
                0x0000000008009798                TIM1_TRG_COM_TIM17_IRQHandler
                0x0000000008009798                TAMP_STAMP_LSECSS_IRQHandler
                0x0000000008009798                DMA1_Channel3_IRQHandler
                0x0000000008009798                COMP_IRQHandler
                0x0000000008009798                WWDG_IRQHandler
                0x0000000008009798                DMA2_Channel6_IRQHandler
                0x0000000008009798                TIM1_BRK_IRQHandler
                0x0000000008009798                EXTI1_IRQHandler
                0x0000000008009798                DMA1_Channel2_IRQHandler
                0x0000000008009798                FLASH_IRQHandler
                0x0000000008009798                I2C1_ER_IRQHandler
                0x0000000008009798                LPTIM1_IRQHandler
                0x0000000008009798                SAI1_IRQHandler
                0x0000000008009798                EXTI2_IRQHandler
 .text.atoi     0x000000000800979a        0x8 /usr/local/Cellar/arm-none-eabi-gcc/9-2019-q4-major/gcc/bin/../lib/gcc/arm-none-eabi/9.2.1/../../../../arm-none-eabi/lib/thumb/v7e-m+fp/hard/libc_nano.a(lib_a-atoi.o)
                0x000000000800979a                atoi
 *fill*         0x00000000080097a2        0x2 
 .text.__sflush_r
                0x00000000080097a4      0x10c /usr/local/Cellar/arm-none-eabi-gcc/9-2019-q4-major/gcc/bin/../lib/gcc/arm-none-eabi/9.2.1/../../../../arm-none-eabi/lib/thumb/v7e-m+fp/hard/libc_nano.a(lib_a-fflush.o)
                0x00000000080097a4                __sflush_r
 .text._fflush_r
                0x00000000080098b0       0x78 /usr/local/Cellar/arm-none-eabi-gcc/9-2019-q4-major/gcc/bin/../lib/gcc/arm-none-eabi/9.2.1/../../../../arm-none-eabi/lib/thumb/v7e-m+fp/hard/libc_nano.a(lib_a-fflush.o)
                0x00000000080098b0                _fflush_r
 .text.fflush   0x0000000008009928       0x24 /usr/local/Cellar/arm-none-eabi-gcc/9-2019-q4-major/gcc/bin/../lib/gcc/arm-none-eabi/9.2.1/../../../../arm-none-eabi/lib/thumb/v7e-m+fp/hard/libc_nano.a(lib_a-fflush.o)
                0x0000000008009928                fflush
 .text.std      0x000000000800994c       0x48 /usr/local/Cellar/arm-none-eabi-gcc/9-2019-q4-major/gcc/bin/../lib/gcc/arm-none-eabi/9.2.1/../../../../arm-none-eabi/lib/thumb/v7e-m+fp/hard/libc_nano.a(lib_a-findfp.o)
 .text._cleanup_r
                0x0000000008009994        0xc /usr/local/Cellar/arm-none-eabi-gcc/9-2019-q4-major/gcc/bin/../lib/gcc/arm-none-eabi/9.2.1/../../../../arm-none-eabi/lib/thumb/v7e-m+fp/hard/libc_nano.a(lib_a-findfp.o)
                0x0000000008009994                _cleanup_r
 .text.__sfmoreglue
                0x00000000080099a0       0x2c /usr/local/Cellar/arm-none-eabi-gcc/9-2019-q4-major/gcc/bin/../lib/gcc/arm-none-eabi/9.2.1/../../../../arm-none-eabi/lib/thumb/v7e-m+fp/hard/libc_nano.a(lib_a-findfp.o)
                0x00000000080099a0                __sfmoreglue
 .text.__sfp_lock_acquire
                0x00000000080099cc        0xc /usr/local/Cellar/arm-none-eabi-gcc/9-2019-q4-major/gcc/bin/../lib/gcc/arm-none-eabi/9.2.1/../../../../arm-none-eabi/lib/thumb/v7e-m+fp/hard/libc_nano.a(lib_a-findfp.o)
                0x00000000080099cc                __sfp_lock_acquire
 .text.__sfp_lock_release
                0x00000000080099d8        0xc /usr/local/Cellar/arm-none-eabi-gcc/9-2019-q4-major/gcc/bin/../lib/gcc/arm-none-eabi/9.2.1/../../../../arm-none-eabi/lib/thumb/v7e-m+fp/hard/libc_nano.a(lib_a-findfp.o)
                0x00000000080099d8                __sfp_lock_release
 .text.__sinit_lock_acquire
                0x00000000080099e4        0xc /usr/local/Cellar/arm-none-eabi-gcc/9-2019-q4-major/gcc/bin/../lib/gcc/arm-none-eabi/9.2.1/../../../../arm-none-eabi/lib/thumb/v7e-m+fp/hard/libc_nano.a(lib_a-findfp.o)
                0x00000000080099e4                __sinit_lock_acquire
 .text.__sinit_lock_release
                0x00000000080099f0        0xc /usr/local/Cellar/arm-none-eabi-gcc/9-2019-q4-major/gcc/bin/../lib/gcc/arm-none-eabi/9.2.1/../../../../arm-none-eabi/lib/thumb/v7e-m+fp/hard/libc_nano.a(lib_a-findfp.o)
                0x00000000080099f0                __sinit_lock_release
 .text.__sinit  0x00000000080099fc       0x70 /usr/local/Cellar/arm-none-eabi-gcc/9-2019-q4-major/gcc/bin/../lib/gcc/arm-none-eabi/9.2.1/../../../../arm-none-eabi/lib/thumb/v7e-m+fp/hard/libc_nano.a(lib_a-findfp.o)
                0x00000000080099fc                __sinit
 .text.__sfp    0x0000000008009a6c       0x8c /usr/local/Cellar/arm-none-eabi-gcc/9-2019-q4-major/gcc/bin/../lib/gcc/arm-none-eabi/9.2.1/../../../../arm-none-eabi/lib/thumb/v7e-m+fp/hard/libc_nano.a(lib_a-findfp.o)
                0x0000000008009a6c                __sfp
 .text._fwalk_reent
                0x0000000008009af8       0x3e /usr/local/Cellar/arm-none-eabi-gcc/9-2019-q4-major/gcc/bin/../lib/gcc/arm-none-eabi/9.2.1/../../../../arm-none-eabi/lib/thumb/v7e-m+fp/hard/libc_nano.a(lib_a-fwalk.o)
                0x0000000008009af8                _fwalk_reent
 *fill*         0x0000000008009b36        0x2 
 .text.__libc_init_array
                0x0000000008009b38       0x48 /usr/local/Cellar/arm-none-eabi-gcc/9-2019-q4-major/gcc/bin/../lib/gcc/arm-none-eabi/9.2.1/../../../../arm-none-eabi/lib/thumb/v7e-m+fp/hard/libc_nano.a(lib_a-init.o)
                0x0000000008009b38                __libc_init_array
 .text.localtime
                0x0000000008009b80       0x24 /usr/local/Cellar/arm-none-eabi-gcc/9-2019-q4-major/gcc/bin/../lib/gcc/arm-none-eabi/9.2.1/../../../../arm-none-eabi/lib/thumb/v7e-m+fp/hard/libc_nano.a(lib_a-lcltime.o)
                0x0000000008009b80                localtime
 .text.localtime_r
                0x0000000008009ba4      0x1ec /usr/local/Cellar/arm-none-eabi-gcc/9-2019-q4-major/gcc/bin/../lib/gcc/arm-none-eabi/9.2.1/../../../../arm-none-eabi/lib/thumb/v7e-m+fp/hard/libc_nano.a(lib_a-lcltime_r.o)
                0x0000000008009ba4                localtime_r
 .text.__retarget_lock_init_recursive
                0x0000000008009d90        0x2 /usr/local/Cellar/arm-none-eabi-gcc/9-2019-q4-major/gcc/bin/../lib/gcc/arm-none-eabi/9.2.1/../../../../arm-none-eabi/lib/thumb/v7e-m+fp/hard/libc_nano.a(lib_a-lock.o)
                0x0000000008009d90                __retarget_lock_init_recursive
 .text.__retarget_lock_acquire
                0x0000000008009d92        0x2 /usr/local/Cellar/arm-none-eabi-gcc/9-2019-q4-major/gcc/bin/../lib/gcc/arm-none-eabi/9.2.1/../../../../arm-none-eabi/lib/thumb/v7e-m+fp/hard/libc_nano.a(lib_a-lock.o)
                0x0000000008009d92                __retarget_lock_acquire
 .text.__retarget_lock_acquire_recursive
                0x0000000008009d94        0x2 /usr/local/Cellar/arm-none-eabi-gcc/9-2019-q4-major/gcc/bin/../lib/gcc/arm-none-eabi/9.2.1/../../../../arm-none-eabi/lib/thumb/v7e-m+fp/hard/libc_nano.a(lib_a-lock.o)
                0x0000000008009d94                __retarget_lock_acquire_recursive
 .text.__retarget_lock_release
                0x0000000008009d96        0x2 /usr/local/Cellar/arm-none-eabi-gcc/9-2019-q4-major/gcc/bin/../lib/gcc/arm-none-eabi/9.2.1/../../../../arm-none-eabi/lib/thumb/v7e-m+fp/hard/libc_nano.a(lib_a-lock.o)
                0x0000000008009d96                __retarget_lock_release
 .text.__retarget_lock_release_recursive
                0x0000000008009d98        0x2 /usr/local/Cellar/arm-none-eabi-gcc/9-2019-q4-major/gcc/bin/../lib/gcc/arm-none-eabi/9.2.1/../../../../arm-none-eabi/lib/thumb/v7e-m+fp/hard/libc_nano.a(lib_a-lock.o)
                0x0000000008009d98                __retarget_lock_release_recursive
 *fill*         0x0000000008009d9a        0x2 
 .text.malloc   0x0000000008009d9c       0x10 /usr/local/Cellar/arm-none-eabi-gcc/9-2019-q4-major/gcc/bin/../lib/gcc/arm-none-eabi/9.2.1/../../../../arm-none-eabi/lib/thumb/v7e-m+fp/hard/libc_nano.a(lib_a-malloc.o)
                0x0000000008009d9c                malloc
 .text.free     0x0000000008009dac       0x10 /usr/local/Cellar/arm-none-eabi-gcc/9-2019-q4-major/gcc/bin/../lib/gcc/arm-none-eabi/9.2.1/../../../../arm-none-eabi/lib/thumb/v7e-m+fp/hard/libc_nano.a(lib_a-malloc.o)
                0x0000000008009dac                free
 .text.memcpy   0x0000000008009dbc       0x1c /usr/local/Cellar/arm-none-eabi-gcc/9-2019-q4-major/gcc/bin/../lib/gcc/arm-none-eabi/9.2.1/../../../../arm-none-eabi/lib/thumb/v7e-m+fp/hard/libc_nano.a(lib_a-memcpy-stub.o)
                0x0000000008009dbc                memcpy
 .text.memset   0x0000000008009dd8       0x10 /usr/local/Cellar/arm-none-eabi-gcc/9-2019-q4-major/gcc/bin/../lib/gcc/arm-none-eabi/9.2.1/../../../../arm-none-eabi/lib/thumb/v7e-m+fp/hard/libc_nano.a(lib_a-memset.o)
                0x0000000008009dd8                memset
 .text.validate_structure
                0x0000000008009de8      0x1b0 /usr/local/Cellar/arm-none-eabi-gcc/9-2019-q4-major/gcc/bin/../lib/gcc/arm-none-eabi/9.2.1/../../../../arm-none-eabi/lib/thumb/v7e-m+fp/hard/libc_nano.a(lib_a-mktime.o)
 .text.mktime   0x0000000008009f98      0x34c /usr/local/Cellar/arm-none-eabi-gcc/9-2019-q4-major/gcc/bin/../lib/gcc/arm-none-eabi/9.2.1/../../../../arm-none-eabi/lib/thumb/v7e-m+fp/hard/libc_nano.a(lib_a-mktime.o)
                0x0000000008009f98                mktime
 .text._free_r  0x000000000800a2e4       0xa0 /usr/local/Cellar/arm-none-eabi-gcc/9-2019-q4-major/gcc/bin/../lib/gcc/arm-none-eabi/9.2.1/../../../../arm-none-eabi/lib/thumb/v7e-m+fp/hard/libc_nano.a(lib_a-nano-freer.o)
                0x000000000800a2e4                _free_r
 .text._malloc_r
                0x000000000800a384       0xb4 /usr/local/Cellar/arm-none-eabi-gcc/9-2019-q4-major/gcc/bin/../lib/gcc/arm-none-eabi/9.2.1/../../../../arm-none-eabi/lib/thumb/v7e-m+fp/hard/libc_nano.a(lib_a-nano-mallocr.o)
                0x000000000800a384                _malloc_r
 .text.__cvt    0x000000000800a438       0xc4 /usr/local/Cellar/arm-none-eabi-gcc/9-2019-q4-major/gcc/bin/../lib/gcc/arm-none-eabi/9.2.1/../../../../arm-none-eabi/lib/thumb/v7e-m+fp/hard/libc_nano.a(lib_a-nano-vfprintf_float.o)
                0x000000000800a438                __cvt
 .text.__exponent
                0x000000000800a4fc       0x7c /usr/local/Cellar/arm-none-eabi-gcc/9-2019-q4-major/gcc/bin/../lib/gcc/arm-none-eabi/9.2.1/../../../../arm-none-eabi/lib/thumb/v7e-m+fp/hard/libc_nano.a(lib_a-nano-vfprintf_float.o)
                0x000000000800a4fc                __exponent
 .text._printf_float
                0x000000000800a578      0x46c /usr/local/Cellar/arm-none-eabi-gcc/9-2019-q4-major/gcc/bin/../lib/gcc/arm-none-eabi/9.2.1/../../../../arm-none-eabi/lib/thumb/v7e-m+fp/hard/libc_nano.a(lib_a-nano-vfprintf_float.o)
                0x000000000800a578                _printf_float
 .text._printf_common
                0x000000000800a9e4       0xda /usr/local/Cellar/arm-none-eabi-gcc/9-2019-q4-major/gcc/bin/../lib/gcc/arm-none-eabi/9.2.1/../../../../arm-none-eabi/lib/thumb/v7e-m+fp/hard/libc_nano.a(lib_a-nano-vfprintf_i.o)
                0x000000000800a9e4                _printf_common
 *fill*         0x000000000800aabe        0x2 
 .text._printf_i
                0x000000000800aac0      0x24c /usr/local/Cellar/arm-none-eabi-gcc/9-2019-q4-major/gcc/bin/../lib/gcc/arm-none-eabi/9.2.1/../../../../arm-none-eabi/lib/thumb/v7e-m+fp/hard/libc_nano.a(lib_a-nano-vfprintf_i.o)
                0x000000000800aac0                _printf_i
 .text.printf   0x000000000800ad0c       0x30 /usr/local/Cellar/arm-none-eabi-gcc/9-2019-q4-major/gcc/bin/../lib/gcc/arm-none-eabi/9.2.1/../../../../arm-none-eabi/lib/thumb/v7e-m+fp/hard/libc_nano.a(lib_a-printf.o)
                0x000000000800ad0c                printf
                0x000000000800ad0c                iprintf
 .text._puts_r  0x000000000800ad3c       0xdc /usr/local/Cellar/arm-none-eabi-gcc/9-2019-q4-major/gcc/bin/../lib/gcc/arm-none-eabi/9.2.1/../../../../arm-none-eabi/lib/thumb/v7e-m+fp/hard/libc_nano.a(lib_a-puts.o)
                0x000000000800ad3c                _puts_r
 .text.puts     0x000000000800ae18       0x10 /usr/local/Cellar/arm-none-eabi-gcc/9-2019-q4-major/gcc/bin/../lib/gcc/arm-none-eabi/9.2.1/../../../../arm-none-eabi/lib/thumb/v7e-m+fp/hard/libc_nano.a(lib_a-puts.o)
                0x000000000800ae18                puts
 .text._sbrk_r  0x000000000800ae28       0x20 /usr/local/Cellar/arm-none-eabi-gcc/9-2019-q4-major/gcc/bin/../lib/gcc/arm-none-eabi/9.2.1/../../../../arm-none-eabi/lib/thumb/v7e-m+fp/hard/libc_nano.a(lib_a-sbrkr.o)
                0x000000000800ae28                _sbrk_r
 .text.sprintf  0x000000000800ae48       0x40 /usr/local/Cellar/arm-none-eabi-gcc/9-2019-q4-major/gcc/bin/../lib/gcc/arm-none-eabi/9.2.1/../../../../arm-none-eabi/lib/thumb/v7e-m+fp/hard/libc_nano.a(lib_a-sprintf.o)
                0x000000000800ae48                sprintf
                0x000000000800ae48                siprintf
 .text.__sread  0x000000000800ae88       0x22 /usr/local/Cellar/arm-none-eabi-gcc/9-2019-q4-major/gcc/bin/../lib/gcc/arm-none-eabi/9.2.1/../../../../arm-none-eabi/lib/thumb/v7e-m+fp/hard/libc_nano.a(lib_a-stdio.o)
                0x000000000800ae88                __sread
 .text.__seofread
                0x000000000800aeaa        0x4 /usr/local/Cellar/arm-none-eabi-gcc/9-2019-q4-major/gcc/bin/../lib/gcc/arm-none-eabi/9.2.1/../../../../arm-none-eabi/lib/thumb/v7e-m+fp/hard/libc_nano.a(lib_a-stdio.o)
                0x000000000800aeaa                __seofread
 .text.__swrite
                0x000000000800aeae       0x38 /usr/local/Cellar/arm-none-eabi-gcc/9-2019-q4-major/gcc/bin/../lib/gcc/arm-none-eabi/9.2.1/../../../../arm-none-eabi/lib/thumb/v7e-m+fp/hard/libc_nano.a(lib_a-stdio.o)
                0x000000000800aeae                __swrite
 .text.__sseek  0x000000000800aee6       0x24 /usr/local/Cellar/arm-none-eabi-gcc/9-2019-q4-major/gcc/bin/../lib/gcc/arm-none-eabi/9.2.1/../../../../arm-none-eabi/lib/thumb/v7e-m+fp/hard/libc_nano.a(lib_a-stdio.o)
                0x000000000800aee6                __sseek
 .text.__sclose
                0x000000000800af0a        0x8 /usr/local/Cellar/arm-none-eabi-gcc/9-2019-q4-major/gcc/bin/../lib/gcc/arm-none-eabi/9.2.1/../../../../arm-none-eabi/lib/thumb/v7e-m+fp/hard/libc_nano.a(lib_a-stdio.o)
                0x000000000800af0a                __sclose
 .text.strcpy   0x000000000800af12       0x10 /usr/local/Cellar/arm-none-eabi-gcc/9-2019-q4-major/gcc/bin/../lib/gcc/arm-none-eabi/9.2.1/../../../../arm-none-eabi/lib/thumb/v7e-m+fp/hard/libc_nano.a(lib_a-strcpy.o)
                0x000000000800af12                strcpy
 .text.strncmp  0x000000000800af22       0x24 /usr/local/Cellar/arm-none-eabi-gcc/9-2019-q4-major/gcc/bin/../lib/gcc/arm-none-eabi/9.2.1/../../../../arm-none-eabi/lib/thumb/v7e-m+fp/hard/libc_nano.a(lib_a-strncmp.o)
                0x000000000800af22                strncmp
 .text.strrchr  0x000000000800af46       0x28 /usr/local/Cellar/arm-none-eabi-gcc/9-2019-q4-major/gcc/bin/../lib/gcc/arm-none-eabi/9.2.1/../../../../arm-none-eabi/lib/thumb/v7e-m+fp/hard/libc_nano.a(lib_a-strrchr.o)
                0x000000000800af46                strrchr
 *fill*         0x000000000800af6e        0x2 
 .text.strtok   0x000000000800af70       0x54 /usr/local/Cellar/arm-none-eabi-gcc/9-2019-q4-major/gcc/bin/../lib/gcc/arm-none-eabi/9.2.1/../../../../arm-none-eabi/lib/thumb/v7e-m+fp/hard/libc_nano.a(lib_a-strtok.o)
                0x000000000800af70                strtok
 .text.__strtok_r
                0x000000000800afc4       0x50 /usr/local/Cellar/arm-none-eabi-gcc/9-2019-q4-major/gcc/bin/../lib/gcc/arm-none-eabi/9.2.1/../../../../arm-none-eabi/lib/thumb/v7e-m+fp/hard/libc_nano.a(lib_a-strtok_r.o)
                0x000000000800afc4                __strtok_r
 .text._strtol_l.isra.0
                0x000000000800b014       0xf4 /usr/local/Cellar/arm-none-eabi-gcc/9-2019-q4-major/gcc/bin/../lib/gcc/arm-none-eabi/9.2.1/../../../../arm-none-eabi/lib/thumb/v7e-m+fp/hard/libc_nano.a(lib_a-strtol.o)
 .text._strtol_r
                0x000000000800b108        0x4 /usr/local/Cellar/arm-none-eabi-gcc/9-2019-q4-major/gcc/bin/../lib/gcc/arm-none-eabi/9.2.1/../../../../arm-none-eabi/lib/thumb/v7e-m+fp/hard/libc_nano.a(lib_a-strtol.o)
                0x000000000800b108                _strtol_r
 .text.strtol   0x000000000800b10c       0x14 /usr/local/Cellar/arm-none-eabi-gcc/9-2019-q4-major/gcc/bin/../lib/gcc/arm-none-eabi/9.2.1/../../../../arm-none-eabi/lib/thumb/v7e-m+fp/hard/libc_nano.a(lib_a-strtol.o)
                0x000000000800b10c                strtol
 .text.__tzcalc_limits
                0x000000000800b120      0x150 /usr/local/Cellar/arm-none-eabi-gcc/9-2019-q4-major/gcc/bin/../lib/gcc/arm-none-eabi/9.2.1/../../../../arm-none-eabi/lib/thumb/v7e-m+fp/hard/libc_nano.a(lib_a-tzcalc_limits.o)
                0x000000000800b120                __tzcalc_limits
 .text.__tz_lock
                0x000000000800b270        0xc /usr/local/Cellar/arm-none-eabi-gcc/9-2019-q4-major/gcc/bin/../lib/gcc/arm-none-eabi/9.2.1/../../../../arm-none-eabi/lib/thumb/v7e-m+fp/hard/libc_nano.a(lib_a-tzlock.o)
                0x000000000800b270                __tz_lock
 .text.__tz_unlock
                0x000000000800b27c        0xc /usr/local/Cellar/arm-none-eabi-gcc/9-2019-q4-major/gcc/bin/../lib/gcc/arm-none-eabi/9.2.1/../../../../arm-none-eabi/lib/thumb/v7e-m+fp/hard/libc_nano.a(lib_a-tzlock.o)
                0x000000000800b27c                __tz_unlock
 .text._tzset_unlocked
                0x000000000800b288        0xc /usr/local/Cellar/arm-none-eabi-gcc/9-2019-q4-major/gcc/bin/../lib/gcc/arm-none-eabi/9.2.1/../../../../arm-none-eabi/lib/thumb/v7e-m+fp/hard/libc_nano.a(lib_a-tzset.o)
                0x000000000800b288                _tzset_unlocked
 .text._tzset_unlocked_r
                0x000000000800b294      0x2f8 /usr/local/Cellar/arm-none-eabi-gcc/9-2019-q4-major/gcc/bin/../lib/gcc/arm-none-eabi/9.2.1/../../../../arm-none-eabi/lib/thumb/v7e-m+fp/hard/libc_nano.a(lib_a-tzset_r.o)
                0x000000000800b294                _tzset_unlocked_r
 .text.__swbuf_r
                0x000000000800b58c       0xa4 /usr/local/Cellar/arm-none-eabi-gcc/9-2019-q4-major/gcc/bin/../lib/gcc/arm-none-eabi/9.2.1/../../../../arm-none-eabi/lib/thumb/v7e-m+fp/hard/libc_nano.a(lib_a-wbuf.o)
                0x000000000800b58c                __swbuf_r
 .text._write_r
                0x000000000800b630       0x24 /usr/local/Cellar/arm-none-eabi-gcc/9-2019-q4-major/gcc/bin/../lib/gcc/arm-none-eabi/9.2.1/../../../../arm-none-eabi/lib/thumb/v7e-m+fp/hard/libc_nano.a(lib_a-writer.o)
                0x000000000800b630                _write_r
 .text.__swsetup_r
                0x000000000800b654       0xdc /usr/local/Cellar/arm-none-eabi-gcc/9-2019-q4-major/gcc/bin/../lib/gcc/arm-none-eabi/9.2.1/../../../../arm-none-eabi/lib/thumb/v7e-m+fp/hard/libc_nano.a(lib_a-wsetup.o)
                0x000000000800b654                __swsetup_r
 .text._close_r
                0x000000000800b730       0x20 /usr/local/Cellar/arm-none-eabi-gcc/9-2019-q4-major/gcc/bin/../lib/gcc/arm-none-eabi/9.2.1/../../../../arm-none-eabi/lib/thumb/v7e-m+fp/hard/libc_nano.a(lib_a-closer.o)
                0x000000000800b730                _close_r
 .text.div      0x000000000800b750       0x28 /usr/local/Cellar/arm-none-eabi-gcc/9-2019-q4-major/gcc/bin/../lib/gcc/arm-none-eabi/9.2.1/../../../../arm-none-eabi/lib/thumb/v7e-m+fp/hard/libc_nano.a(lib_a-div.o)
                0x000000000800b750                div
 .text.quorem   0x000000000800b778      0x116 /usr/local/Cellar/arm-none-eabi-gcc/9-2019-q4-major/gcc/bin/../lib/gcc/arm-none-eabi/9.2.1/../../../../arm-none-eabi/lib/thumb/v7e-m+fp/hard/libc_nano.a(lib_a-dtoa.o)
 *fill*         0x000000000800b88e        0x2 
 .text._dtoa_r  0x000000000800b890      0xbbc /usr/local/Cellar/arm-none-eabi-gcc/9-2019-q4-major/gcc/bin/../lib/gcc/arm-none-eabi/9.2.1/../../../../arm-none-eabi/lib/thumb/v7e-m+fp/hard/libc_nano.a(lib_a-dtoa.o)
                0x000000000800b890                _dtoa_r
 .text._findenv_r
                0x000000000800c44c       0x74 /usr/local/Cellar/arm-none-eabi-gcc/9-2019-q4-major/gcc/bin/../lib/gcc/arm-none-eabi/9.2.1/../../../../arm-none-eabi/lib/thumb/v7e-m+fp/hard/libc_nano.a(lib_a-getenv_r.o)
                0x000000000800c44c                _findenv_r
 .text._getenv_r
                0x000000000800c4c0        0xe /usr/local/Cellar/arm-none-eabi-gcc/9-2019-q4-major/gcc/bin/../lib/gcc/arm-none-eabi/9.2.1/../../../../arm-none-eabi/lib/thumb/v7e-m+fp/hard/libc_nano.a(lib_a-getenv_r.o)
                0x000000000800c4c0                _getenv_r
 *fill*         0x000000000800c4ce        0x2 
 .text.__gettzinfo
                0x000000000800c4d0        0x8 /usr/local/Cellar/arm-none-eabi-gcc/9-2019-q4-major/gcc/bin/../lib/gcc/arm-none-eabi/9.2.1/../../../../arm-none-eabi/lib/thumb/v7e-m+fp/hard/libc_nano.a(lib_a-gettzinfo.o)
                0x000000000800c4d0                __gettzinfo
 .text.gmtime_r
                0x000000000800c4d8      0x160 /usr/local/Cellar/arm-none-eabi-gcc/9-2019-q4-major/gcc/bin/../lib/gcc/arm-none-eabi/9.2.1/../../../../arm-none-eabi/lib/thumb/v7e-m+fp/hard/libc_nano.a(lib_a-gmtime_r.o)
                0x000000000800c4d8                gmtime_r
 .text._localeconv_r
                0x000000000800c638        0x8 /usr/local/Cellar/arm-none-eabi-gcc/9-2019-q4-major/gcc/bin/../lib/gcc/arm-none-eabi/9.2.1/../../../../arm-none-eabi/lib/thumb/v7e-m+fp/hard/libc_nano.a(lib_a-localeconv.o)
                0x000000000800c638                _localeconv_r
 .text._lseek_r
                0x000000000800c640       0x24 /usr/local/Cellar/arm-none-eabi-gcc/9-2019-q4-major/gcc/bin/../lib/gcc/arm-none-eabi/9.2.1/../../../../arm-none-eabi/lib/thumb/v7e-m+fp/hard/libc_nano.a(lib_a-lseekr.o)
                0x000000000800c640                _lseek_r
 .text.__swhatbuf_r
                0x000000000800c664       0x48 /usr/local/Cellar/arm-none-eabi-gcc/9-2019-q4-major/gcc/bin/../lib/gcc/arm-none-eabi/9.2.1/../../../../arm-none-eabi/lib/thumb/v7e-m+fp/hard/libc_nano.a(lib_a-makebuf.o)
                0x000000000800c664                __swhatbuf_r
 .text.__smakebuf_r
                0x000000000800c6ac       0x80 /usr/local/Cellar/arm-none-eabi-gcc/9-2019-q4-major/gcc/bin/../lib/gcc/arm-none-eabi/9.2.1/../../../../arm-none-eabi/lib/thumb/v7e-m+fp/hard/libc_nano.a(lib_a-makebuf.o)
                0x000000000800c6ac                __smakebuf_r
 .text.__malloc_lock
                0x000000000800c72c        0xc /usr/local/Cellar/arm-none-eabi-gcc/9-2019-q4-major/gcc/bin/../lib/gcc/arm-none-eabi/9.2.1/../../../../arm-none-eabi/lib/thumb/v7e-m+fp/hard/libc_nano.a(lib_a-mlock.o)
                0x000000000800c72c                __malloc_lock
 .text.__malloc_unlock
                0x000000000800c738        0xc /usr/local/Cellar/arm-none-eabi-gcc/9-2019-q4-major/gcc/bin/../lib/gcc/arm-none-eabi/9.2.1/../../../../arm-none-eabi/lib/thumb/v7e-m+fp/hard/libc_nano.a(lib_a-mlock.o)
                0x000000000800c738                __malloc_unlock
 .text._Balloc  0x000000000800c744       0x68 /usr/local/Cellar/arm-none-eabi-gcc/9-2019-q4-major/gcc/bin/../lib/gcc/arm-none-eabi/9.2.1/../../../../arm-none-eabi/lib/thumb/v7e-m+fp/hard/libc_nano.a(lib_a-mprec.o)
                0x000000000800c744                _Balloc
 .text._Bfree   0x000000000800c7ac       0x2e /usr/local/Cellar/arm-none-eabi-gcc/9-2019-q4-major/gcc/bin/../lib/gcc/arm-none-eabi/9.2.1/../../../../arm-none-eabi/lib/thumb/v7e-m+fp/hard/libc_nano.a(lib_a-mprec.o)
                0x000000000800c7ac                _Bfree
 .text.__multadd
                0x000000000800c7da       0x7c /usr/local/Cellar/arm-none-eabi-gcc/9-2019-q4-major/gcc/bin/../lib/gcc/arm-none-eabi/9.2.1/../../../../arm-none-eabi/lib/thumb/v7e-m+fp/hard/libc_nano.a(lib_a-mprec.o)
                0x000000000800c7da                __multadd
 .text.__hi0bits
                0x000000000800c856       0x40 /usr/local/Cellar/arm-none-eabi-gcc/9-2019-q4-major/gcc/bin/../lib/gcc/arm-none-eabi/9.2.1/../../../../arm-none-eabi/lib/thumb/v7e-m+fp/hard/libc_nano.a(lib_a-mprec.o)
                0x000000000800c856                __hi0bits
 .text.__lo0bits
                0x000000000800c896       0x60 /usr/local/Cellar/arm-none-eabi-gcc/9-2019-q4-major/gcc/bin/../lib/gcc/arm-none-eabi/9.2.1/../../../../arm-none-eabi/lib/thumb/v7e-m+fp/hard/libc_nano.a(lib_a-mprec.o)
                0x000000000800c896                __lo0bits
 .text.__i2b    0x000000000800c8f6       0x12 /usr/local/Cellar/arm-none-eabi-gcc/9-2019-q4-major/gcc/bin/../lib/gcc/arm-none-eabi/9.2.1/../../../../arm-none-eabi/lib/thumb/v7e-m+fp/hard/libc_nano.a(lib_a-mprec.o)
                0x000000000800c8f6                __i2b
 .text.__multiply
                0x000000000800c908      0x138 /usr/local/Cellar/arm-none-eabi-gcc/9-2019-q4-major/gcc/bin/../lib/gcc/arm-none-eabi/9.2.1/../../../../arm-none-eabi/lib/thumb/v7e-m+fp/hard/libc_nano.a(lib_a-mprec.o)
                0x000000000800c908                __multiply
 .text.__pow5mult
                0x000000000800ca40       0x9c /usr/local/Cellar/arm-none-eabi-gcc/9-2019-q4-major/gcc/bin/../lib/gcc/arm-none-eabi/9.2.1/../../../../arm-none-eabi/lib/thumb/v7e-m+fp/hard/libc_nano.a(lib_a-mprec.o)
                0x000000000800ca40                __pow5mult
 .text.__lshift
                0x000000000800cadc       0xbe /usr/local/Cellar/arm-none-eabi-gcc/9-2019-q4-major/gcc/bin/../lib/gcc/arm-none-eabi/9.2.1/../../../../arm-none-eabi/lib/thumb/v7e-m+fp/hard/libc_nano.a(lib_a-mprec.o)
                0x000000000800cadc                __lshift
 .text.__mcmp   0x000000000800cb9a       0x38 /usr/local/Cellar/arm-none-eabi-gcc/9-2019-q4-major/gcc/bin/../lib/gcc/arm-none-eabi/9.2.1/../../../../arm-none-eabi/lib/thumb/v7e-m+fp/hard/libc_nano.a(lib_a-mprec.o)
                0x000000000800cb9a                __mcmp
 .text.__mdiff  0x000000000800cbd2       0xec /usr/local/Cellar/arm-none-eabi-gcc/9-2019-q4-major/gcc/bin/../lib/gcc/arm-none-eabi/9.2.1/../../../../arm-none-eabi/lib/thumb/v7e-m+fp/hard/libc_nano.a(lib_a-mprec.o)
                0x000000000800cbd2                __mdiff